epoch: 0
train: 14.74555080397353
validation: 14.699389307903008
test: 15.14257768173282

epoch: 1
train: 14.515091924839325
validation: 14.46856131902421
test: 14.903401784582734

epoch: 2
train: 14.288372369914418
validation: 14.24148098939732
test: 14.668128142869579

epoch: 3
train: 14.065331393763659
validation: 14.018087424604524
test: 14.436693192032594

epoch: 4
train: 13.845909237831572
validation: 13.79832071963286
test: 14.20903440157452

epoch: 5
train: 13.630047114409095
validation: 13.582121942799292
test: 13.985090258250919

epoch: 6
train: 13.4176871908612
validation: 13.369433119936993
test: 13.764800249532632

epoch: 7
train: 13.208772574110412
validation: 13.160197218838439
test: 13.548104847337019

epoch: 8
train: 13.003247295372603
validation: 12.95435813395132
test: 13.334945492023563

epoch: 9
train: 12.801056295140672
validation: 12.751860671323113
test: 13.125264576649597

epoch: 10
train: 12.602145408412364
validation: 12.55265053379021
test: 12.919005431481942

epoch: 11
train: 12.406461350157741
validation: 12.356674306407664
test: 12.716112308760156

epoch: 12
train: 12.213951701023172
validation: 12.163879442115721
test: 12.516530367707501

epoch: 13
train: 12.02456489326721
validation: 11.974214247639157
test: 12.320205659785465

epoch: 14
train: 11.838250196925209
validation: 11.787627869615688
test: 12.127085114187942

epoch: 15
train: 11.654957706198548
validation: 11.60407028094988
test: 11.93711652357113

epoch: 16
train: 11.474638326065167
validation: 11.42349226738855
test: 11.7502485300154

epoch: 17
train: 11.297243759107298
validation: 11.2458454143145
test: 11.566430611215273

epoch: 18
train: 11.122726492553667
validation: 11.071082093754613
test: 11.385613066893827

epoch: 19
train: 10.951039785531792
validation: 10.899155451599162
test: 11.207747005437957

epoch: 20
train: 10.782137656527588
validation: 10.730019395028696
test: 11.03278433075075

epoch: 21
train: 10.615974871048689
validation: 10.563628580145217
test: 10.860677729317672

epoch: 22
train: 10.45250692948815
validation: 10.399938399804297
test: 10.69138065748278

epoch: 23
train: 10.291690055185313
validation: 10.23890497164491
test: 10.524847328931905

epoch: 24
train: 10.133481182680702
validation: 10.080485126313672
test: 10.361032702379152

epoch: 25
train: 9.977837946161713
validation: 9.92463639588053
test: 10.199892469453536

epoch: 26
train: 9.824718668095931
validation: 9.771317002442508
test: 10.041383042782545

epoch: 27
train: 9.674082348049213
validation: 9.620485846912697
test: 9.885461544269306

epoch: 28
train: 9.525888651685483
validation: 9.47210249799137
test: 9.732085793560326

epoch: 29
train: 9.380097899944975
validation: 9.326127181316258
test: 9.581214296700644

epoch: 30
train: 9.236671058398683
validation: 9.182520768789134
test: 9.43280623497336

epoch: 31
train: 9.095569726775372
validation: 9.041244768075765
test: 9.286821453920593

epoch: 32
train: 8.956756128659013
validation: 8.902261312276478
test: 9.143220452542806

epoch: 33
train: 8.820193101353496
validation: 8.765533149764567
test: 9.001964372673747

epoch: 34
train: 8.685844085911942
validation: 8.631023634189745
test: 8.863014988528017

epoch: 35
train: 8.553673117328147
validation: 8.498696714644048
test: 8.726334696418586

epoch: 36
train: 8.423644814887181
validation: 8.368516925987475
test: 8.59188650464137

epoch: 37
train: 8.295724372673003
validation: 8.240449379330844
test: 8.459634023524242

epoch: 38
train: 8.169877550230032
validation: 8.114459752673252
test: 8.329541455637777

epoch: 39
train: 8.046070663376623
validation: 7.990514281691641
test: 8.20157358616511

epoch: 40
train: 7.9242705751676965
validation: 7.868579750680005
test: 8.0756957734283

epoch: 41
train: 7.804444687004221
validation: 7.748623483635817
test: 7.951873939568671

epoch: 42
train: 7.6865609298871505
validation: 7.630613335491261
test: 7.830074561378653

epoch: 43
train: 7.570587755813359
validation: 7.514517683486945
test: 7.710264661282611

epoch: 44
train: 7.456494129311517
validation: 7.400305418685739
test: 7.59241179846428

epoch: 45
train: 7.34424951911533
validation: 7.287945937624494
test: 7.4764840601384055

epoch: 46
train: 7.233823889972124
validation: 7.177409134101425
test: 7.362450052964248

epoch: 47
train: 7.125187694584533
validation: 7.068665391096882
test: 7.250278894598678

epoch: 48
train: 7.018311865683034
validation: 6.9616855728253695
test: 7.139940205386505

epoch: 49
train: 6.91316780822734
validation: 6.85644101691678
test: 7.031404100185952

epoch: 50
train: 6.809727391734421
validation: 6.752903526724561
test: 6.92464118032691

epoch: 51
train: 6.707962942731265
validation: 6.6510453637588975
test: 6.819622525699976

epoch: 52
train: 6.607847237330164
validation: 6.550839240242824
test: 6.716319686974022

epoch: 53
train: 6.509353493924641
validation: 6.452258311789292
test: 6.61470467794031

epoch: 54
train: 6.41245536600408
validation: 6.355276170197171
test: 6.514749967980986

epoch: 55
train: 6.317126935085047
validation: 6.259866836364348
test: 6.416428474660072

epoch: 56
train: 6.223342703757496
validation: 6.166004753315893
test: 6.319713556434787

epoch: 57
train: 6.131077588843897
validation: 6.073664779345588
test: 6.22457900548543

epoch: 58
train: 6.040306914669509
validation: 5.982822181268786
test: 6.1309990406617665

epoch: 59
train: 5.951006406442054
validation: 5.8934526277849875
test: 6.038948300544073

epoch: 60
train: 5.863152183738871
validation: 5.805532182948156
test: 5.948401836616965

epoch: 61
train: 5.776720754099851
validation: 5.719037299743215
test: 5.859335106554189

epoch: 62
train: 5.691689006724624
validation: 5.633944813766833
test: 5.771723967612591

epoch: 63
train: 5.608034206271933
validation: 5.550231937010915
test: 5.685544670133406

epoch: 64
train: 5.52573398675989
validation: 5.46787625174708
test: 5.6007738511492455

epoch: 65
train: 5.444766345565296
validation: 5.386855704510503
test: 5.517388528094953

epoch: 66
train: 5.3651096375204075
validation: 5.307148600181506
test: 5.435366092620731

epoch: 67
train: 5.286742569105664
validation: 5.228733596163285
test: 5.354684304505813

epoch: 68
train: 5.20964419273671
validation: 5.15158969665424
test: 5.275321285671053

epoch: 69
train: 5.133793901144302
validation: 5.075696247013381
test: 5.197255514288898

epoch: 70
train: 5.059171421845427
validation: 5.0010329282172465
test: 5.12046581898902

epoch: 71
train: 4.985756811704339
validation: 4.9275797514069115
test: 5.0449313731582315

epoch: 72
train: 4.913530451581873
validation: 4.85531705252357
test: 4.970631689332979

epoch: 73
train: 4.842473041071769
validation: 4.784225487031265
test: 4.897546613683042

epoch: 74
train: 4.772565593322438
validation: 4.714286024725393
test: 4.825656320584863

epoch: 75
train: 4.703789429942894
validation: 4.645479944625519
test: 4.754941307283133

epoch: 76
train: 4.636126175991457
validation: 4.57778882995119
test: 4.685382388639117

epoch: 77
train: 4.5695577550458335
validation: 4.511194563179358
test: 4.6169606919643735

epoch: 78
train: 4.504066384353297
validation: 4.44567932118212
test: 4.5496576519384515

epoch: 79
train: 4.439634570059706
validation: 4.381225570443457
test: 4.483455005609207

epoch: 80
train: 4.37624510251596
validation: 4.317816062353663
test: 4.418334787474382

epoch: 81
train: 4.31388105166077
validation: 4.2554338285802675
test: 4.354279324643157

epoch: 82
train: 4.25252576247841
validation: 4.194062176514113
test: 4.29127123207634

epoch: 83
train: 4.192162850530263
validation: 4.133684684789468
test: 4.229293407903953

epoch: 84
train: 4.132776197558961
validation: 4.0742851988768995
test: 4.168329028818916

epoch: 85
train: 4.074349947163983
validation: 4.0158478267477555
test: 4.108361545545623

epoch: 86
train: 4.016868500547441
validation: 3.9583569346090783
test: 4.04937467838219

epoch: 87
train: 3.9603165123290194
validation: 3.9017971427078377
test: 3.991352412815158

epoch: 88
train: 3.9046788864289157
validation: 3.846153321203291
test: 3.9342789952055037

epoch: 89
train: 3.8499407720176375
validation: 3.791410586106453
test: 3.878138928544751

epoch: 90
train: 3.7960875595316197
validation: 3.7375542952854945
test: 3.8229169682801247

epoch: 91
train: 3.7431048767535664
validation: 3.684570044536085
test: 3.768598118207511

epoch: 92
train: 3.690978584956489
validation: 3.6324436637155184
test: 3.7151676264312496

epoch: 93
train: 3.639694775110352
validation: 3.5811612129397328
test: 3.6626109813895606

epoch: 94
train: 3.5892397641503786
validation: 3.5307089788420374
test: 3.610913907944619

epoch: 95
train: 3.5396000913059744
validation: 3.48107347089267
test: 3.5600623635361703

epoch: 96
train: 3.4907625144892935
validation: 3.43224141777814
test: 3.5100425343976918

epoch: 97
train: 3.4427140067424618
validation: 3.3841997638393972
test: 3.460840831834072

epoch: 98
train: 3.3954417527425442
validation: 3.33693566556786
test: 3.4124438885597934

epoch: 99
train: 3.3489331453632754
validation: 3.290436488158396
test: 3.364838555096665

epoch: 100
train: 3.303175782292643
validation: 3.2446898021182777
test: 3.3180118962301015

epoch: 101
train: 3.2581574627054604
validation: 3.199683379931258
test: 3.2719511875230305

epoch: 102
train: 3.213866183989934
validation: 3.15540519277583
test: 3.22664391188647

epoch: 103
train: 3.170290138527483
validation: 3.1118434072968175
test: 3.1820777562058646

epoch: 104
train: 3.1274177105248193
validation: 3.0689863824294012
test: 3.1382406080222682

epoch: 105
train: 3.0852374728975125
validation: 3.0268226662747635
test: 3.095120552267491

epoch: 106
train: 3.043738184204216
validation: 2.985340993026486
test: 3.052705868052315

epoch: 107
train: 3.002908785630623
validation: 2.9445302799468815
test: 3.0109850255069524

epoch: 108
train: 2.9627383980225206
validation: 2.90437962439246
test: 2.9699466826728407

epoch: 109
train: 2.9232163189669627
validation: 2.8648783008877254
test: 2.929579682445004

epoch: 110
train: 2.884332019920911
validation: 2.826015758246491
test: 2.889873049564113

epoch: 111
train: 2.846075143386503
validation: 2.7877816167400016
test: 2.850815987657451

epoch: 112
train: 2.80843550013222
validation: 2.75016566531104
test: 2.812397876327992

epoch: 113
train: 2.771403066459199
validation: 2.7131578588332936
test: 2.7746082682908124

epoch: 114
train: 2.734967981511957
validation: 2.6767483154152867
test: 2.7374368865560585

epoch: 115
train: 2.699120544632793
validation: 2.640927313748054
test: 2.700873621657716

epoch: 116
train: 2.6638512127592047
validation: 2.605685290495969
test: 2.664908528927442

epoch: 117
train: 2.6291505978635477
validation: 2.571012837729927
test: 2.6295318258127205

epoch: 118
train: 2.595009464434314
validation: 2.536900700402242
test: 2.5947338892386256

epoch: 119
train: 2.561418726998327
validation: 2.5033397738625753
test: 2.560505253012484

epoch: 120
train: 2.528369447683179
validation: 2.470321101414203
test: 2.5268366052707254

epoch: 121
train: 2.495852833819299
validation: 2.437835871910028
test: 2.4937187859672685

epoch: 122
train: 2.4638602355809476
validation: 2.4058754173876045
test: 2.4611427844027296

epoch: 123
train: 2.4323831436655325
validation: 2.374431210742616
test: 2.4290997367938103

epoch: 124
train: 2.4014131870106734
validation: 2.3434948634401476
test: 2.3975809238822086

epoch: 125
train: 2.370942130548299
validation: 2.313058123263131
test: 2.366577768582419

epoch: 126
train: 2.340961872995266
validation: 2.2831128720973948
test: 2.3360818336677593

epoch: 127
train: 2.3114644446798684
validation: 2.2536511237526775
test: 2.306084819494056

epoch: 128
train: 2.2824420054036407
validation: 2.2246650218190647
test: 2.2765785617603087

epoch: 129
train: 2.2538868423379284
validation: 2.1961468375582363
test: 2.247555029305799

epoch: 130
train: 2.22579136795458
validation: 2.1680889678289836
test: 2.2190063219430045

epoch: 131
train: 2.198148117990335
validation: 2.140483933046438
test: 2.190924668325752

epoch: 132
train: 2.170949749444199
validation: 2.113324375174432
test: 2.1633024238520466

epoch: 133
train: 2.1441890386074243
validation: 2.086603055750521
test: 2.1361320686010012

epoch: 134
train: 2.1178588791254427
validation: 2.060312853943047
test: 2.1094062053033045

epoch: 135
train: 2.09195228009131
validation: 2.0344467646398083
test: 2.0831175573447056

epoch: 136
train: 2.0664623641701474
validation: 2.0089978965677537
test: 2.0572589668019643

epoch: 137
train: 2.0413823657539885
validation: 1.9839594704432528
test: 2.0318233925107303

epoch: 138
train: 2.016705629146674
validation: 1.9593248171523985
test: 2.0068039081648568

epoch: 139
train: 1.9924256067781798
validation: 1.9350873759608913
test: 1.9821937004466128

epoch: 140
train: 1.968535857448007
validation: 1.9112406927529906
test: 1.9579860671873055

epoch: 141
train: 1.9450300445970585
validation: 1.8877784182991042
test: 1.9341744155578247

epoch: 142
train: 1.9219019346076183
validation: 1.8646943065514938
test: 1.910752260288596

epoch: 143
train: 1.8991453951309654
validation: 1.841982212967704
test: 1.8877132219185009

epoch: 144
train: 1.8767543934421116
validation: 1.819636092861199
test: 1.865051025072263

epoch: 145
train: 1.8547229948213144
validation: 1.7976499997788282
test: 1.8427594967658518

epoch: 146
train: 1.8330453609618655
validation: 1.7760180839046262
test: 1.8208325647394485

epoch: 147
train: 1.8117157484037372
validation: 1.7547345904895693
test: 1.7992642558175247

epoch: 148
train: 1.7907285069926862
validation: 1.7337938583068355
test: 1.7780486942955849

epoch: 149
train: 1.7700780783644008
validation: 1.7131903181321506
test: 1.7571801003531513

epoch: 150
train: 1.7497589944532541
validation: 1.692918491248857
test: 1.7366527884925633

epoch: 151
train: 1.7297658760253032
validation: 1.6729729879772381
test: 1.7164611660031643

epoch: 152
train: 1.7100934312351075
validation: 1.6533485062277486
test: 1.69659973145046

epoch: 153
train: 1.690736454206004
validation: 1.6340398300777723
test: 1.6770630731898624

epoch: 154
train: 1.6716898236334372
validation: 1.6150418283714691
test: 1.6578458679046053

epoch: 155
train: 1.652948501410991
validation: 1.5963494533423912
test: 1.6389428791674268

epoch: 156
train: 1.6345075312787334
validation: 1.5779577392584854
test: 1.6203489560256596

epoch: 157
train: 1.6163620374935235
validation: 1.5598618010890883
test: 1.602059031609331

epoch: 158
train: 1.5985072235209261
validation: 1.542056833193605
test: 1.5840681217618973

epoch: 159
train: 1.5809383707483655
validation: 1.5245381080314737
test: 1.5663713236932564

epoch: 160
train: 1.563650837219203
validation: 1.5073009748931006
test: 1.5489638146546663

epoch: 161
train: 1.5466400563873608
validation: 1.490340858651411
test: 1.5318408506352144

epoch: 162
train: 1.5299015358921895
validation: 1.473653258533692
test: 1.5149977650794972

epoch: 163
train: 1.5134308563532521
validation: 1.457233746913373
test: 1.4984299676261466

epoch: 164
train: 1.49722367018466
validation: 1.44107796812146
test: 1.482132942866888

epoch: 165
train: 1.4812757004286898
validation: 1.4251816372772612
test: 1.4661022491257762

epoch: 166
train: 1.4655827396083492
validation: 1.4095405391381215
test: 1.4503335172582843

epoch: 167
train: 1.4501406485985824
validation: 1.3941505269678431
test: 1.434822449469943

epoch: 168
train: 1.4349453555158007
validation: 1.3790075214234951
test: 1.4195648181541798

epoch: 169
train: 1.4199928546254876
validation: 1.3641075094603086
test: 1.4045564647490718

epoch: 170
train: 1.4052792052675098
validation: 1.3494465432543552
test: 1.389793298612693

epoch: 171
train: 1.3908005307989142
validation: 1.335020739142751
test: 1.3752712959167612

epoch: 172
train: 1.3765530175539025
validation: 1.3208262765810568
test: 1.360986498558273

epoch: 173
train: 1.3625329138206794
validation: 1.3068593971176339
test: 1.346935013088856

epoch: 174
train: 1.3487365288349509
validation: 1.2931164033846598
test: 1.3331130096615238

epoch: 175
train: 1.3351602317897513
validation: 1.2795936581055363
test: 1.3195167209945802

epoch: 176
train: 1.3218004508613705
validation: 1.2662875831184244
test: 1.3061424413523661

epoch: 177
train: 1.3086536722511009
validation: 1.2531946584156517
test: 1.2929865255425963

epoch: 178
train: 1.2957164392425637
validation: 1.2403114211987198
test: 1.2800453879300062

epoch: 179
train: 1.2829853512743208
validation: 1.2276344649486668
test: 1.2673155014660353

epoch: 180
train: 1.2704570630275869
validation: 1.2151604385115407
test: 1.2547933967343177

epoch: 181
train: 1.2581282835287497
validation: 1.2028860451987247
test: 1.242475661011679

epoch: 182
train: 1.2459957752664605
validation: 1.1908080419018832
test: 1.2303589373444266

epoch: 183
train: 1.2340563533230833
validation: 1.1789232382222927
test: 1.2184399236396586

epoch: 184
train: 1.2223068845202478
validation: 1.16722849561431
test: 1.2067153717713612

epoch: 185
train: 1.2107442865782854
validation: 1.1557207265427658
test: 1.1951820867010445

epoch: 186
train: 1.1993655272893247
validation: 1.1443968936540454
test: 1.1838369256126977

epoch: 187
train: 1.1881676237038088
validation: 1.1332540089606378
test: 1.1726767970618028

epoch: 188
train: 1.1771476413302457
validation: 1.1222891330389353
test: 1.161698660138207

epoch: 189
train: 1.166302693347947
validation: 1.1114993742400658
test: 1.150899523642607

epoch: 190
train: 1.1556299398325627
validation: 1.100881887913549
test: 1.140276445276439

epoch: 191
train: 1.1451265869941925
validation: 1.09043387564357
test: 1.129826530844946

epoch: 192
train: 1.134789886427885
validation: 1.0801525844976516
test: 1.119546933473214

epoch: 193
train: 1.1246171343763023
validation: 1.0700353062875485
test: 1.1094348528349647

epoch: 194
train: 1.1146056710043706
validation: 1.0600793768421375
test: 1.0994875343938928

epoch: 195
train: 1.1047528796857093
validation: 1.0502821752921316
test: 1.0897022686573559

epoch: 196
train: 1.0950561863006623
validation: 1.0406411233664115
test: 1.0800763904422028

epoch: 197
train: 1.0855130585457244
validation: 1.0311536846997913
test: 1.0706072781525462

epoch: 198
train: 1.076121005254188
validation: 1.0218173641520312
test: 1.0612923530692975

epoch: 199
train: 1.0668775757278322
validation: 1.0126297071379178
test: 1.0521290786512523

epoch: 200
train: 1.0577803590794679
validation: 1.0035882989682274
test: 1.0431149598475555

epoch: 201
train: 1.0488269835861561
validation: 0.9946907642013956
test: 1.034247542421353

epoch: 202
train: 1.040015116052944
validation: 0.9859347660057257
test: 1.0255244122844478

epoch: 203
train: 1.0313424611869375
validation: 0.977318005531957
test: 1.0169431948427894

epoch: 204
train: 1.0228067609815328
validation: 0.9688382212960279
test: 1.0085015543526088

epoch: 205
train: 1.0144057941106623
validation: 0.9604931885718706
test: 1.0001971932870353

epoch: 206
train: 1.0061373753328757
validation: 0.9522807187940673
test: 0.9920278517130174

epoch: 207
train: 0.9979993549051107
validation: 0.9441986589702209
test: 0.9839913066783889

epoch: 208
train: 0.9899896180059711
validation: 0.9362448911028621
test: 0.9760853716089083

epoch: 209
train: 0.982106084168394
validation: 0.9284173316207582
test: 0.9683078957151106

epoch: 210
train: 0.9743467067215215
validation: 0.9207139308194616
test: 0.960656763408812

epoch: 211
train: 0.9667094722416432
validation: 0.9131326723109409
test: 0.9531298937291148

epoch: 212
train: 0.9591924000120615
validation: 0.905671572482169
test: 0.9457252397777514

epoch: 213
train: 0.9517935414917265
validation: 0.898328679962492
test: 0.9384407881636191

epoch: 214
train: 0.9445109797925078
validation: 0.8911020750996653
test: 0.931274558456357

epoch: 215
train: 0.9373428291649577
validation: 0.8839898694443975
test: 0.9242246026488175

epoch: 216
train: 0.9302872344924314
validation: 0.8769902052432688
test: 0.9172890046282826

epoch: 217
train: 0.9233423707934139
validation: 0.870101254939893
test: 0.9104658796562919

epoch: 218
train: 0.9165064427319536
validation: 0.8633212206841837
test: 0.9037533738569382

epoch: 219
train: 0.9097776841360297
validation: 0.8566483338495906
test: 0.8971496637134848

epoch: 220
train: 0.9031543575237501
validation: 0.8500808545581818
test: 0.8906529555731887

epoch: 221
train: 0.8966347536372584
validation: 0.8436170712134493
test: 0.8842614851601719

epoch: 222
train: 0.8902171909841917
validation: 0.8372553000406968
test: 0.8779735170962327

epoch: 223
train: 0.8839000153866049
validation: 0.8309938846348974
test: 0.8717873444294497

epoch: 224
train: 0.8776815995372201
validation: 0.8248311955159043
test: 0.8657012881704669

epoch: 225
train: 0.8715603425628801
validation: 0.8187656296908824
test: 0.8597136968363189

epoch: 226
train: 0.8655346695950937
validation: 0.8127956102238507
test: 0.8538229460016924

epoch: 227
train: 0.8596030313475727
validation: 0.8069195858122212
test: 0.848027437857483

epoch: 228
train: 0.8537639037006076
validation: 0.8011360303702205
test: 0.8423256007765489

epoch: 229
train: 0.8480157872922197
validation: 0.7954434426190728
test: 0.8367158888865235

epoch: 230
train: 0.8423572071159371
validation: 0.7898403456838499
test: 0.8311967816495922

epoch: 231
train: 0.8367867121251191
validation: 0.7843252866968667
test: 0.8257667834491064

epoch: 232
train: 0.8313028748436966
validation: 0.7788968364075266
test: 0.8204244231829276

epoch: 233
train: 0.8259042909832525
validation: 0.7735535887984987
test: 0.8151682538633922

epoch: 234
train: 0.8205895790662994
validation: 0.7682941607081403
test: 0.809996852223793

epoch: 235
train: 0.8153573800557048
validation: 0.7631171914590461
test: 0.8049088183312656

epoch: 236
train: 0.8102063569901142
validation: 0.7580213424926432
test: 0.7999027752059759

epoch: 237
train: 0.8051351946253122
validation: 0.7530052970097115
test: 0.7949773684465108

epoch: 238
train: 0.8001425990814006
validation: 0.7480677596167583
test: 0.7901312658613707

epoch: 239
train: 0.7952272974957131
validation: 0.7432074559781265
test: 0.7853631571064565

epoch: 240
train: 0.7903880376813702
validation: 0.738423132473766
test: 0.7806717533284667

epoch: 241
train: 0.7856235877913762
validation: 0.7337135558625588
test: 0.776055786814093

epoch: 242
train: 0.7809327359881775
validation: 0.7290775129511202
test: 0.7715140106449389

epoch: 243
train: 0.7763142901185901
validation: 0.7245138102679793
test: 0.7670451983580462

epoch: 244
train: 0.771767077394
validation: 0.7200212737430488
test: 0.762648143611962

epoch: 245
train: 0.7672899440757721
validation: 0.7155987483923172
test: 0.7583216598582323

epoch: 246
train: 0.7628817551657605
validation: 0.7112450980076452
test: 0.7540645800182524

epoch: 247
train: 0.7585413941018494
validation: 0.7069592048516223
test: 0.7498757561653799

epoch: 248
train: 0.7542677624584416
validation: 0.702739969357365
test: 0.7457540592122227

epoch: 249
train: 0.7500597796518095
validation: 0.6985863098332048
test: 0.7416983786030179

epoch: 250
train: 0.7459163826502381
validation: 0.6944971621721716
test: 0.7377076220110289

epoch: 251
train: 0.7418365256888743
validation: 0.690471479566193
test: 0.7337807150408595

epoch: 252
train: 0.7378191799892061
validation: 0.6865082322249434
test: 0.7299166009356285

epoch: 253
train: 0.7338633334831038
validation: 0.6826064070992606
test: 0.7261142402889054

epoch: 254
train: 0.7299679905413451
validation: 0.6787650076090543
test: 0.7223726107613397

epoch: 255
train: 0.7261321717065435
validation: 0.6749830533756396
test: 0.71869070680191

epoch: 256
train: 0.7223549134304215
validation: 0.6712595799584151
test: 0.7150675393737096

epoch: 257
train: 0.7186352678153557
validation: 0.6675936385958268
test: 0.7115021356841988

epoch: 258
train: 0.7149723023601093
validation: 0.6639842959505331
test: 0.7079935389198538

epoch: 259
train: 0.7113650997097065
validation: 0.6604306338587171
test: 0.7045408079851367

epoch: 260
train: 0.707812757409365
validation: 0.6569317490834699
test: 0.7011430172457171

epoch: 261
train: 0.7043143876624258
validation: 0.6534867530721814
test: 0.6977992562758794

epoch: 262
train: 0.7008691170922211
validation: 0.6500947717178749
test: 0.6945086296100416

epoch: 263
train: 0.6974760865078037
validation: 0.6467549451244152
test: 0.6912702564983244

epoch: 264
train: 0.6941344506734871
validation: 0.643466427375541
test: 0.6880832706661033

epoch: 265
train: 0.6908433780821281
validation: 0.6402283863076405
test: 0.6849468200774752

epoch: 266
train: 0.687602050732095
validation: 0.637040003286226
test: 0.6818600667025821

epoch: 267
train: 0.6844096639078526
validation: 0.6339004729860396
test: 0.6788221862887235

epoch: 268
train: 0.6812654259641234
validation: 0.6308090031747285
test: 0.6758323681351988

epoch: 269
train: 0.6781685581135407
validation: 0.6277648145000406
test: 0.672889814871819

epoch: 270
train: 0.675118294217767
validation: 0.624767140280476
test: 0.6699937422410258

epoch: 271
train: 0.6721138805819922
validation: 0.621815226299338
test: 0.6671433788835646

epoch: 272
train: 0.6691545757527791
validation: 0.6189083306021368
test: 0.6643379661276438

epoch: 273
train: 0.6662396503191916
validation: 0.6160457232972765
test: 0.6615767577815361

epoch: 274
train: 0.6633683867171504
validation: 0.6132266863599921
test: 0.6588590199295563

epoch: 275
train: 0.6605400790369691
validation: 0.6104505134394622
test: 0.6561840307313637

epoch: 276
train: 0.6577540328340232
validation: 0.6077165096690628
test: 0.6535510802245382

epoch: 277
train: 0.6550095649424805
validation: 0.6050239914797007
test: 0.6509594701303676

epoch: 278
train: 0.6523060032920743
validation: 0.6023722864161827
test: 0.6484085136628098

epoch: 279
train: 0.6496426867278403
validation: 0.5997607329565691
test: 0.6458975353405573

epoch: 280
train: 0.6470189648327909
validation: 0.5971886803344597
test: 0.6434258708021741

epoch: 281
train: 0.6444341977534653
validation: 0.59465548836417
test: 0.6409928666242405

epoch: 282
train: 0.6418877560283155
validation: 0.5921605272687495
test: 0.6385978801424632

epoch: 283
train: 0.6393790204188792
validation: 0.5897031775107912
test: 0.636240279275702

epoch: 284
train: 0.6369073817436965
validation: 0.5872828296259942
test: 0.6339194423528642

epoch: 285
train: 0.6344722407149276
validation: 0.5848988840594294
test: 0.6316347579426214

epoch: 286
train: 0.6320730077776188
validation: 0.582550751004464
test: 0.6293856246859003

epoch: 287
train: 0.629709102951584
validation: 0.5802378502443077
test: 0.6271714511311063

epoch: 288
train: 0.627379955675855
validation: 0.5779596109961311
test: 0.6249916555720334

epoch: 289
train: 0.625085004655656
validation: 0.5757154717577173
test: 0.6228456658884141

epoch: 290
train: 0.622823697711868
validation: 0.5735048801566062
test: 0.6207329193890705

epoch: 291
train: 0.6205954916329364
validation: 0.57132729280169
test: 0.6186528626576236

epoch: 292
train: 0.6183998520291837
validation: 0.5691821751372219
test: 0.6166049514007159

epoch: 293
train: 0.6162362531894945
validation: 0.567069001299194
test: 0.6145886502987099

epoch: 294
train: 0.6141041779403171
validation: 0.5649872539740521
test: 0.6126034328588216

epoch: 295
train: 0.6120031175069746
validation: 0.5629364242597052
test: 0.6106487812706466

epoch: 296
train: 0.6099325713772064
validation: 0.5609160115287953
test: 0.6087241862640433

epoch: 297
train: 0.6078920471669471
validation: 0.558925523294186
test: 0.6068291469693363

epoch: 298
train: 0.6058810604882713
validation: 0.5569644750766386
test: 0.6049631707797913

epoch: 299
train: 0.6038991348194942
validation: 0.5550323902746419
test: 0.6031257732163436

epoch: 300
train: 0.6019458013773752
validation: 0.5531288000363513
test: 0.601316477794523

epoch: 301
train: 0.6000205989913997
validation: 0.5512532431336133
test: 0.5995348158935552

epoch: 302
train: 0.5981230739801081
validation: 0.5494052658380373
test: 0.5977803266275946

epoch: 303
train: 0.5962527800294268
validation: 0.5475844217990776
test: 0.5960525567190589

epoch: 304
train: 0.5944092780729798
validation: 0.545790271924102
test: 0.5943510603740292

epoch: 305
train: 0.592592136174344
validation: 0.544022384260405
test: 0.5926753991596816

epoch: 306
train: 0.5908009294112175
validation: 0.5422803338791398
test: 0.5910251418837205

epoch: 307
train: 0.5890352397614722
validation: 0.5405637027611393
test: 0.5893998644757741

epoch: 308
train: 0.5872946559910515
validation: 0.5388720796845873
test: 0.5877991498707302

epoch: 309
train: 0.5855787735436925
validation: 0.5372050601145201
test: 0.5862225878939694

epoch: 310
train: 0.5838871944324452
validation: 0.5355622460941207
test: 0.5846697751484757

epoch: 311
train: 0.582219527132945
validation: 0.5339432461377829
test: 0.5831403149037853

epoch: 312
train: 0.5805753864784229
validation: 0.5323476751259086
test: 0.581633816986748

epoch: 313
train: 0.5789543935564225
validation: 0.5307751542014191
test: 0.5801498976740717

epoch: 314
train: 0.5773561756071991
validation: 0.5292253106679461
test: 0.5786881795866191

epoch: 315
train: 0.5757803659237524
validation: 0.5276977778896776
test: 0.5772482915854296

epoch: 316
train: 0.5742266037535081
validation: 0.5261921951928328
test: 0.5758298686694375

epoch: 317
train: 0.572694534201578
validation: 0.5247082077687344
test: 0.5744325518748604

epoch: 318
train: 0.5711838081355963
validation: 0.523245466578463
test: 0.5730559881762259

epoch: 319
train: 0.5696940820921079
validation: 0.5218036282590515
test: 0.5716998303890178

epoch: 320
train: 0.5682250181844698
validation: 0.5203823550312141
test: 0.570363737073909

epoch: 321
train: 0.566776284012254
validation: 0.518981314608568
test: 0.5690473724425562

epoch: 322
train: 0.5653475525721167
validation: 0.5176001801083316
test: 0.5677504062649334

epoch: 323
train: 0.563938502170127
validation: 0.5162386299634778
test: 0.5664725137781795

epoch: 324
train: 0.5625488163355002
validation: 0.5148963478363092
test: 0.5652133755969286

epoch: 325
train: 0.5611781837357566
validation: 0.5135730225334428
test: 0.5639726776251099

epoch: 326
train: 0.5598262980932378
validation: 0.5122683479221742
test: 0.5627501109691836

epoch: 327
train: 0.5584928581029919
validation: 0.5109820228482003
test: 0.5615453718527923

epoch: 328
train: 0.5571775673519893
validation: 0.5097137510546818
test: 0.5603581615328108

epoch: 329
train: 0.5558801342396481
validation: 0.5084632411026169
test: 0.5591881862167594

epoch: 330
train: 0.5546002718996528
validation: 0.5072302062925157
test: 0.5580351569815715

epoch: 331
train: 0.5533376981230483
validation: 0.5060143645873402
test: 0.5568987896936839

epoch: 332
train: 0.5520921352825727
validation: 0.5048154385367015
test: 0.5557788049304319

epoch: 333
train: 0.5508633102582274
validation: 0.5036331552022882
test: 0.5546749279027311

epoch: 334
train: 0.5496509543640554
validation: 0.5024672460845045
test: 0.5535868883790174

epoch: 335
train: 0.5484548032761029
validation: 0.5013174470503045
test: 0.552514420610431

epoch: 336
train: 0.5472745969615654
validation: 0.5001834982621951
test: 0.5514572632572231

epoch: 337
train: 0.5461100796090667
validation: 0.49906514410839703
test: 0.5504151593163626

epoch: 338
train: 0.5449609995600819
validation: 0.49796213313413645
test: 0.5493878560503249

epoch: 339
train: 0.5438271092414778
validation: 0.4968742179740588
test: 0.5483751049170466

epoch: 340
train: 0.5427081650991363
validation: 0.4958011552857344
test: 0.547376661501021

epoch: 341
train: 0.5416039275326671
validation: 0.49474270568425105
test: 0.5463922854455199

epoch: 342
train: 0.5405141608311789
validation: 0.4936986336778667
test: 0.5454217403859235

epoch: 343
train: 0.5394386331100892
validation: 0.49266870760470644
test: 0.5444647938841383

epoch: 344
train: 0.5383771162489661
validation: 0.4916526995704921
test: 0.5435212173640871

epoch: 345
train: 0.5373293858303805
validation: 0.49065038538728195
test: 0.5425907860482527

epoch: 346
train: 0.5362952210797431
validation: 0.48966154451320393
test: 0.5416732788952564

epoch: 347
train: 0.5352744048061322
validation: 0.4886859599931747
test: 0.5407684785384598

epoch: 348
train: 0.53426672334407
validation: 0.48772341840057376
test: 0.5398761712255667

epoch: 349
train: 0.5332719664962527
validation: 0.48677370977987333
test: 0.5389961467592147

epoch: 350
train: 0.5322899274772095
validation: 0.4858366275901948
test: 0.5381281984385327

epoch: 351
train: 0.5313204028578753
validation: 0.48491196864978736
test: 0.5372721230016604

epoch: 352
train: 0.5303631925110641
validation: 0.4839995330814053
test: 0.5364277205692006

epoch: 353
train: 0.5294180995578294
validation: 0.4830991242585751
test: 0.5355947945886004

epoch: 354
train: 0.5284849303146966
validation: 0.4822105487527359
test: 0.5347731517794372

epoch: 355
train: 0.5275634942417499
validation: 0.48133361628123733
test: 0.5339626020796026

epoch: 356
train: 0.5266536038915667
validation: 0.4804681396561851
test: 0.5331629585923642

epoch: 357
train: 0.5257550748589745
validation: 0.4796139347341162
test: 0.5323740375342927

epoch: 358
train: 0.5248677257316349
validation: 0.4787708203664938
test: 0.5315956581840412

epoch: 359
train: 0.5239913780414212
validation: 0.47793861835100465
test: 0.5308276428319594

epoch: 360
train: 0.5231258562165856
validation: 0.47711715338364863
test: 0.5300698167305353

epoch: 361
train: 0.5222709875347162
validation: 0.476306253011609
test: 0.5293220080456432

epoch: 362
train: 0.5214266020764379
validation: 0.4755057475868867
test: 0.5285840478085928

epoch: 363
train: 0.5205925326798856
validation: 0.47471547022068933
test: 0.5278557698689574

epoch: 364
train: 0.5197686148959015
validation: 0.47393525673855963
test: 0.5271370108481789

epoch: 365
train: 0.5189546869439735
validation: 0.47316494563623657
test: 0.5264276100939276

epoch: 366
train: 0.5181505896688757
validation: 0.4724043780362317
test: 0.5257274096352094

epoch: 367
train: 0.5173561664980234
validation: 0.4716533976451103
test: 0.5250362541382079

epoch: 368
train: 0.5165712633995208
validation: 0.4709118507114693
test: 0.5243539908628485

epoch: 369
train: 0.5157957288408813
validation: 0.4701795859845983
test: 0.5236804696200715

epoch: 370
train: 0.5150294137484306
validation: 0.4694564546738101
test: 0.5230155427298069

epoch: 371
train: 0.514272171467358
validation: 0.4687423104084342
test: 0.5223590649796334

epoch: 372
train: 0.5135238577224255
validation: 0.46803700919846025
test: 0.5217108935841173

epoch: 373
train: 0.5127843305793083
validation: 0.46734040939582056
test: 0.5210708881448125

epoch: 374
train: 0.5120534504065725
validation: 0.46665237165630374
test: 0.5204389106109185

epoch: 375
train: 0.5113310798382588
validation: 0.4659727589020841
test: 0.5198148252405811

epoch: 376
train: 0.5106170837370809
validation: 0.46530143628486625
test: 0.5191984985628241

epoch: 377
train: 0.5099113291582242
validation: 0.4646382711496202
test: 0.5185897993401082

epoch: 378
train: 0.5092136853137267
validation: 0.46398313299891225
test: 0.5179885985314975

epoch: 379
train: 0.5085240235374417
validation: 0.46333589345781623
test: 0.517394769256435

epoch: 380
train: 0.5078422172505704
validation: 0.46269642623939
test: 0.5168081867591046

epoch: 381
train: 0.507168141927749
validation: 0.46206460711071773
test: 0.5162287283733804

epoch: 382
train: 0.5065016750636974
validation: 0.4614403138595008
test: 0.5156562734883491

epoch: 383
train: 0.505842696140399
validation: 0.46082342626119605
test: 0.5150907035143961

epoch: 384
train: 0.5051910865948184
validation: 0.460213826046684
test: 0.5145319018498475

epoch: 385
train: 0.5045467297871457
validation: 0.4596113968704639
test: 0.5139797538481568

epoch: 386
train: 0.5039095109695505
validation: 0.45901602427936855
test: 0.5134341467856312

epoch: 387
train: 0.5032793172554519
validation: 0.4584275956817827
test: 0.5128949698296847

epoch: 388
train: 0.5026560375892781
validation: 0.4578460003173659
test: 0.5123621140076116

epoch: 389
train: 0.5020395627167251
validation: 0.4572711292272666
test: 0.5118354721758702

epoch: 390
train: 0.5014297851554961
validation: 0.4567028752248177
test: 0.5113149389898727

epoch: 391
train: 0.5008265991665163
validation: 0.4561411328667154
test: 0.510800410874266

epoch: 392
train: 0.5002299007256091
validation: 0.4555857984246567
test: 0.5102917859937024

epoch: 393
train: 0.4996395874956499
validation: 0.45503676985744695
test: 0.5097889642240859

epoch: 394
train: 0.4990555587991487
validation: 0.4544939467835554
test: 0.5092918471242951

epoch: 395
train: 0.4984777155912977
validation: 0.45395723045411934
test: 0.5088003379083612

epoch: 396
train: 0.4979059604334458
validation: 0.45342652372638653
test: 0.5083143414181104

epoch: 397
train: 0.4973401974670093
validation: 0.4529017310375886
test: 0.5078337640962479

epoch: 398
train: 0.49678033238780417
validation: 0.4523827583792407
test: 0.5073585139598878

epoch: 399
train: 0.4962262724207941
validation: 0.45186951327185787
test: 0.5068885005745126

epoch: 400
train: 0.4956779262952533
validation: 0.4513619047400819
test: 0.5064236350283626

epoch: 401
train: 0.4951352042203284
validation: 0.45085984328821466
test: 0.5059638299072444

epoch: 402
train: 0.49459801786099883
validation: 0.45036324087614776
test: 0.5055089992697515

epoch: 403
train: 0.4940662803144276
validation: 0.44987201089568135
test: 0.5050590586228904

epoch: 404
train: 0.4935399060866973
validation: 0.44938606814723464
test: 0.50461392489811

epoch: 405
train: 0.49301881106992285
validation: 0.44890532881692646
test: 0.5041735164277188

epoch: 406
train: 0.492502912519739
validation: 0.44842971045403424
test: 0.5037377529216935

epoch: 407
train: 0.49199212903314454
validation: 0.44795913194881964
test: 0.5033065554448645

epoch: 408
train: 0.4914863805267211
validation: 0.4474935135107092
test: 0.5028798463944777

epoch: 409
train: 0.4909855882151928
validation: 0.44703277664683666
test: 0.502457549478122

epoch: 410
train: 0.49048967459033854
validation: 0.44657684414092935
test: 0.5020395896920231

epoch: 411
train: 0.4899985634002528
validation: 0.4461256400325393
test: 0.5016258932996869

epoch: 412
train: 0.48951217962893084
validation: 0.44567908959661395
test: 0.5012163878109002

epoch: 413
train: 0.4890304494761997
validation: 0.4452371193233938
test: 0.5008110019610709

epoch: 414
train: 0.48855330033796257
validation: 0.4447996568986436
test: 0.5004096656909082

epoch: 415
train: 0.48808066078677304
validation: 0.444366631184201
test: 0.5000123101264394

epoch: 416
train: 0.4876124605527222
validation: 0.44393797219883957
test: 0.49961886755934964

epoch: 417
train: 0.4871486305046337
validation: 0.44351361109944876
test: 0.4992292714276477

epoch: 418
train: 0.48668910263156706
validation: 0.4430934801625145
test: 0.4988434562966488

epoch: 419
train: 0.4862338100246221
validation: 0.44267751276590456
test: 0.4984613578402677

epoch: 420
train: 0.4857826868590369
validation: 0.4422656433709463
test: 0.49808291282262096

epoch: 421
train: 0.4853356683765763
validation: 0.4418578075048003
test: 0.49770805907993054

epoch: 422
train: 0.484892690868211
validation: 0.4414539417431166
test: 0.49733673550272395

epoch: 423
train: 0.4844536916570709
validation: 0.4410539836929758
test: 0.49696888201832706

epoch: 424
train: 0.48401860908167993
validation: 0.4406578719761055
test: 0.496604439573645

epoch: 425
train: 0.48358738247946503
validation: 0.44026554621237196
test: 0.49624335011822496

epoch: 426
train: 0.4831599521705268
validation: 0.43987694700353563
test: 0.4958855565875966

epoch: 427
train: 0.4827362594416826
validation: 0.43949201591727827
test: 0.49553100288688945

epoch: 428
train: 0.4823162465307583
validation: 0.4391106954714808
test: 0.495179633874715

epoch: 429
train: 0.4818998566111431
validation: 0.4387329291187658
test: 0.49483139534731513

epoch: 430
train: 0.4814870337765954
validation: 0.4383586612312835
test: 0.49448623402297365

epoch: 431
train: 0.48107772302628676
validation: 0.4379878370857506
test: 0.49414409752668054

epoch: 432
train: 0.4806718702501036
validation: 0.4376204028487299
test: 0.4938049343750493

epoch: 433
train: 0.480269422214171
validation: 0.4372563055621487
test: 0.49346869396148246

epoch: 434
train: 0.479870326546624
validation: 0.4368954931290562
test: 0.49313532654158165

epoch: 435
train: 0.4794745317236073
validation: 0.43653791429960803
test: 0.4928047832187953

epoch: 436
train: 0.479081987055498
validation: 0.43618351865728067
test: 0.49247701593030546

epoch: 437
train: 0.4786926426733548
validation: 0.43583225660531105
test: 0.49215197743314315

epoch: 438
train: 0.47830644951559204
validation: 0.4354840793533565
test: 0.4918296212905354

epoch: 439
train: 0.47792335931486196
validation: 0.43513893890436783
test: 0.4915099018584734

epoch: 440
train: 0.47754332458515436
validation: 0.4347967880416824
test: 0.49119277427250485

epoch: 441
train: 0.47716629860910903
validation: 0.4344575803163204
test: 0.4908781944347416

epoch: 442
train: 0.47679223542552573
validation: 0.4341212700344939
test: 0.4905661190010816

epoch: 443
train: 0.4764210898170854
validation: 0.43378781224531254
test: 0.49025650536864024

epoch: 444
train: 0.4760528172982679
validation: 0.43345716272869605
test: 0.48994931166339045

epoch: 445
train: 0.4756873741034652
validation: 0.4331292779834776
test: 0.4896444967280038

epoch: 446
train: 0.4753247171752852
validation: 0.4328041152157033
test: 0.4893420201098935

epoch: 447
train: 0.47496480415305387
validation: 0.4324816323271226
test: 0.48904184204945356

epoch: 448
train: 0.47460759336149555
validation: 0.43216178790386334
test: 0.48874392346849127

epoch: 449
train: 0.47425304379960104
validation: 0.4318445412052932
test: 0.4884482259588507

epoch: 450
train: 0.4739011151296765
validation: 0.43152985215306267
test: 0.48815471177122277

epoch: 451
train: 0.4735517676665691
validation: 0.431217681320322
test: 0.4878633438041406

epoch: 452
train: 0.47320496236706977
validation: 0.43090798992112084
test: 0.4875740855931555

epoch: 453
train: 0.4728606608194845
validation: 0.43060073979997227
test: 0.48728690130019015

epoch: 454
train: 0.47251882523337957
validation: 0.4302958934215922
test: 0.48700175570307

epoch: 455
train: 0.472179418429491
validation: 0.42999341386080403
test: 0.4867186141852241

epoch: 456
train: 0.4718424038297948
validation: 0.4296932647926056
test: 0.48643744272555706

epoch: 457
train: 0.4715077454477468
validation: 0.4293954104824019
test: 0.48615820788848857

epoch: 458
train: 0.47117540787867046
validation: 0.4290998157763918
test: 0.48588087681415515

epoch: 459
train: 0.4708453562903118
validation: 0.4288064460921133
test: 0.4856054172087753

epoch: 460
train: 0.47051755641353854
validation: 0.4285152674091458
test: 0.48533179733517245

epoch: 461
train: 0.4701919745331977
validation: 0.42822624625995565
test: 0.48505998600345457

epoch: 462
train: 0.4698685774791115
validation: 0.4279393497208991
test: 0.4847899525618463

epoch: 463
train: 0.46954733261723614
validation: 0.42765454540336745
test: 0.4845216668876754

epoch: 464
train: 0.4692282078409449
validation: 0.4273718014450748
test: 0.4842550993785025

epoch: 465
train: 0.4689111715624693
validation: 0.4270910865014901
test: 0.4839902209434034

epoch: 466
train: 0.4685961927044665
validation: 0.4268123697374096
test: 0.48372700299439086

epoch: 467
train: 0.46828324069173355
validation: 0.4265356208186619
test: 0.4834654174379785

epoch: 468
train: 0.4679722854430517
validation: 0.42626080990395193
test: 0.4832054366668857

epoch: 469
train: 0.46766329736316214
validation: 0.42598790763683664
test: 0.4829470335518782

epoch: 470
train: 0.46735624733487335
validation: 0.4257168851378299
test: 0.48269018143374226

epoch: 471
train: 0.4670511067113001
validation: 0.42544771399663744
test: 0.48243485411539455

epoch: 472
train: 0.4667478473082208
validation: 0.42518036626451633
test: 0.4821810258541184

epoch: 473
train: 0.466446441396568
validation: 0.4249148144467622
test: 0.48192867135393114

epoch: 474
train: 0.46614686169503544
validation: 0.4246510314953134
test: 0.4816777657580768

epoch: 475
train: 0.4658490813628008
validation: 0.42438899080148007
test: 0.48142828464164034

epoch: 476
train: 0.4655530739923822
validation: 0.4241286661887891
test: 0.48118020400428924

epoch: 477
train: 0.4652588136025917
validation: 0.4238700319059472
test: 0.4809335002631293

epoch: 478
train: 0.46496627463161766
validation: 0.4236130626199153
test: 0.48068815024568234

epoch: 479
train: 0.46467543193021127
validation: 0.4233577334091008
test: 0.4804441311829776

epoch: 480
train: 0.46438626075498735
validation: 0.42310401975665385
test: 0.48020142070275873

epoch: 481
train: 0.4640987367618341
validation: 0.42285189754387853
test: 0.4799599968228031

epoch: 482
train: 0.4638128359994273
validation: 0.4226013430437498
test: 0.4797198379443511

epoch: 483
train: 0.46352853490285456
validation: 0.4223523329145316
test: 0.47948092284564364

epoch: 484
train: 0.46324581028733647
validation: 0.42210484419350686
test: 0.47924323067556673

epoch: 485
train: 0.46296463934205623
validation: 0.4218588542908007
test: 0.4790067409474028

epoch: 486
train: 0.46268499962408466
validation: 0.4216143409833105
test: 0.47877143353268276

epoch: 487
train: 0.462406869052409
validation: 0.42137128240873306
test: 0.47853728865514156

epoch: 488
train: 0.4621302259020534
validation: 0.42112965705968686
test: 0.47830428688477383

epoch: 489
train: 0.46185504879829675
validation: 0.4208894437779324
test: 0.47807240913198634

epoch: 490
train: 0.4615813167109878
validation: 0.4206506217486854
test: 0.4778416366418497

epoch: 491
train: 0.46130900894894583
validation: 0.42041317049502286
test: 0.4776119509884427

epoch: 492
train: 0.4610381051544615
validation: 0.42017706987238057
test: 0.4773833340692914

epoch: 493
train: 0.46076858529787573
validation: 0.4199423000631382
test: 0.4771557680999014

epoch: 494
train: 0.46050042967225774
validation: 0.4197088415712952
test: 0.4769292356083793

epoch: 495
train: 0.4602336188881615
validation: 0.41947667521723286
test: 0.47670371943014245

epoch: 496
train: 0.459968133868472
validation: 0.4192457821325578
test: 0.47647920270271915

epoch: 497
train: 0.4597039558433329
validation: 0.41901614375503615
test: 0.4762556688606328

epoch: 498
train: 0.4594410663451574
validation: 0.41878774182360307
test: 0.47603310163037144

epoch: 499
train: 0.4591794472037199
validation: 0.4185605583734577
test: 0.47581148502544074

epoch: 500
train: 0.45891908054132957
validation: 0.41833457573123906
test: 0.47559080334149806

epoch: 501
train: 0.45865994876807503
validation: 0.4181097765102753
test: 0.4753710411515707

epoch: 502
train: 0.4584020345771595
validation: 0.4178861436059147
test: 0.47515218330134795

epoch: 503
train: 0.458145320940296
validation: 0.4176636601909326
test: 0.47493421490455606

epoch: 504
train: 0.4578897911031908
validation: 0.41744230971100804
test: 0.4747171213384073

epoch: 505
train: 0.4576354285810907
validation: 0.41722207588028193
test: 0.47450088823912623

epoch: 506
train: 0.4573822171544112
validation: 0.4170029426769804
test: 0.4742855014975482

epoch: 507
train: 0.4571301408644251
validation: 0.4167848943391129
test: 0.4740709472547927

epoch: 508
train: 0.45687918400903227
validation: 0.4165679153602409
test: 0.47385721189800845

epoch: 509
train: 0.45662933113858944
validation: 0.41635199048531185
test: 0.4736442820561872

epoch: 510
train: 0.4563805670518157
validation: 0.41613710470656484
test: 0.4734321445960505

epoch: 511
train: 0.4561328767917531
validation: 0.4159232432595014
test: 0.4732207866180005

epoch: 512
train: 0.4558862456418077
validation: 0.41571039161892087
test: 0.47301019545214323

epoch: 513
train: 0.45564065912184115
validation: 0.4154985354950224
test: 0.4728003586543719

epoch: 514
train: 0.4553961029843358
validation: 0.41528766082956753
test: 0.4725912640025214

epoch: 515
train: 0.4551525632106124
validation: 0.41507775379210776
test: 0.47238289949258233

epoch: 516
train: 0.45491002600712427
validation: 0.4148688007762733
test: 0.4721752533349794

epoch: 517
train: 0.45466847780179254
validation: 0.41466078839612075
test: 0.47196831395091343

epoch: 518
train: 0.4544279052404171
validation: 0.4144537034825409
test: 0.4717620699687603

epoch: 519
train: 0.454188295183134
validation: 0.41424753307972545
test: 0.4715565102205347

epoch: 520
train: 0.45394963470094346
validation: 0.41404226444169095
test: 0.4713516237384087

epoch: 521
train: 0.4537119110722778
validation: 0.4138378850288586
test: 0.47114739975129005

epoch: 522
train: 0.4534751117796417
validation: 0.4136343825046919
test: 0.4709438276814576

epoch: 523
train: 0.45323922450629406
validation: 0.4134317447323857
test: 0.47074089714125217

epoch: 524
train: 0.4530042371329907
validation: 0.41322995977161153
test: 0.47053859792982244

epoch: 525
train: 0.45277013773478086
validation: 0.41302901587531654
test: 0.47033692002992605

epoch: 526
train: 0.4525369145778467
validation: 0.4128289014865714
test: 0.4701358536047836

epoch: 527
train: 0.4523045561164091
validation: 0.412629605235473
test: 0.469935388994983

epoch: 528
train: 0.45207305098966793
validation: 0.41243111593609494
test: 0.46973551671544

epoch: 529
train: 0.4518423880188039
validation: 0.4122334225834895
test: 0.46953622745240425

epoch: 530
train: 0.451612556204022
validation: 0.41203651435073674
test: 0.46933751206051955

epoch: 531
train: 0.45138354472164743
validation: 0.4118403805860439
test: 0.4691393615599301

epoch: 532
train: 0.451155342921264
validation: 0.4116450108098887
test: 0.46894176713343716

epoch: 533
train: 0.45092794032290595
validation: 0.41145039471221295
test: 0.4687447201237014

epoch: 534
train: 0.450701326614288
validation: 0.41125652214965946
test: 0.46854821203049446

epoch: 535
train: 0.4504754916480846
validation: 0.41106338314285334
test: 0.468352234507993

epoch: 536
train: 0.4502504254392527
validation: 0.41087096787373056
test: 0.4681567793621205

epoch: 537
train: 0.45002611816239735
validation: 0.410679266682906
test: 0.46796183854793394

epoch: 538
train: 0.44980256014918113
validation: 0.41048827006708816
test: 0.46776740416705026

epoch: 539
train: 0.4495797418857749
validation: 0.41029796867653395
test: 0.467573468465122

epoch: 540
train: 0.4493576540103489
validation: 0.4101083533125444
test: 0.46738002382934835

epoch: 541
train: 0.4491362873106059
validation: 0.40991941492500256
test: 0.4671870627860329

epoch: 542
train: 0.4489156327213587
validation: 0.4097311446099514
test: 0.46699457799818206

epoch: 543
train: 0.44869568132213633
validation: 0.4095435336072091
test: 0.46680256226313804

epoch: 544
train: 0.4484764243348384
validation: 0.4093565732980269
test: 0.4666110085102594

epoch: 545
train: 0.44825785312142546
validation: 0.40917025520278094
test: 0.4664199097986348

epoch: 546
train: 0.4480399591816439
validation: 0.408984570978704
test: 0.4662292593148373

epoch: 547
train: 0.4478227341507916
validation: 0.4087995124176557
test: 0.46603905037071514

epoch: 548
train: 0.44760616979751705
validation: 0.4086150714439237
test: 0.4658492764012211

epoch: 549
train: 0.44739025802165594
validation: 0.4084312401120679
test: 0.4656599309622773

epoch: 550
train: 0.4471749908521033
validation: 0.40824801060479243
test: 0.46547100772867506

epoch: 551
train: 0.4469603604447164
validation: 0.408065375230859
test: 0.4652825004920106

epoch: 552
train: 0.44674635908025767
validation: 0.40788332642302827
test: 0.46509440315865724

epoch: 553
train: 0.4465329791623658
validation: 0.4077018567360403
test: 0.46490670974776804

epoch: 554
train: 0.4463202132155627
validation: 0.407520958844622
test: 0.46471941438931463

epoch: 555
train: 0.44610805388329283
validation: 0.40734062554153305
test: 0.46453251132215834

epoch: 556
train: 0.4458964939259919
validation: 0.4071608497356391
test: 0.46434599489215267

epoch: 557
train: 0.4456855262191894
validation: 0.406981624450018
test: 0.46415985955027994

epoch: 558
train: 0.4454751437516414
validation: 0.4068029428200983
test: 0.4639740998508165

epoch: 559
train: 0.4452653396234948
validation: 0.4066247980918243
test: 0.4637887104495304

epoch: 560
train: 0.44505610704447635
validation: 0.40644718361985566
test: 0.4636036861019098

epoch: 561
train: 0.44484743933211857
validation: 0.40627009286579185
test: 0.46341902166141885

epoch: 562
train: 0.4446393299100093
validation: 0.4060935193964301
test: 0.46323471207778727

epoch: 563
train: 0.44443177230607006
validation: 0.40591745688204717
test: 0.4630507523953224

epoch: 564
train: 0.44422476015086604
validation: 0.40574189909471153
test: 0.4628671377512558

epoch: 565
train: 0.4440182871759397
validation: 0.4055668399066242
test: 0.4626838633741143

epoch: 566
train: 0.4438123472121694
validation: 0.40539227328848343
test: 0.462500924582119

epoch: 567
train: 0.443606934188164
validation: 0.40521819330787834
test: 0.46231831678161167

epoch: 568
train: 0.44340204212867246
validation: 0.4050445941277086
test: 0.4621360354655082

epoch: 569
train: 0.44319766515302894
validation: 0.40487147000462886
test: 0.4619540762117761

epoch: 570
train: 0.4429937974736139
validation: 0.4046988152875182
test: 0.4617724346819402

epoch: 571
train: 0.4427904333943477
validation: 0.4045266244159783
test: 0.46159110661961206

epoch: 572
train: 0.4425875673092042
validation: 0.40435489191884944
test: 0.4614100878490446

epoch: 573
train: 0.44238519370075186
validation: 0.40418361241275547
test: 0.46122937427371

epoch: 574
train: 0.44218330713871673
validation: 0.4040127806006736
test: 0.46104896187490474

epoch: 575
train: 0.4419819022785667
validation: 0.40384239127052274
test: 0.4608688467103744

epoch: 576
train: 0.4417809738601227
validation: 0.4036724392937776
test: 0.4606890249129637

epoch: 577
train: 0.4415805167061909
validation: 0.4035029196241067
test: 0.46050949268929026

epoch: 578
train: 0.4413805257212149
validation: 0.40333382729602907
test: 0.46033024631843766

epoch: 579
train: 0.4411809958899552
validation: 0.4031651574235966
test: 0.460151282150675

epoch: 580
train: 0.44098192227618305
validation: 0.4029969051990939
test: 0.4599725966061928

epoch: 581
train: 0.44078330002140176
validation: 0.4028290658917637
test: 0.45979418617386664

epoch: 582
train: 0.4405851243435847
validation: 0.4026616348465492
test: 0.4596160474100352

epoch: 583
train: 0.440387390535937
validation: 0.4024946074828596
test: 0.459438176937304

epoch: 584
train: 0.4401900939656739
validation: 0.4023279792933536
test: 0.459260571443366

epoch: 585
train: 0.43999323007282154
validation: 0.4021617458427444
test: 0.45908322767984566

epoch: 586
train: 0.4397967943690365
validation: 0.40199590276662356
test: 0.4589061424611595

epoch: 587
train: 0.4396007824364455
validation: 0.40183044577030347
test: 0.45872931266339656

epoch: 588
train: 0.43940518992649896
validation: 0.40166537062768104
test: 0.45855273522321993

epoch: 589
train: 0.4392100125588533
validation: 0.4015006731801147
test: 0.4583764071367842

epoch: 590
train: 0.4390152461202591
validation: 0.40133634933532636
test: 0.4582003254586734

epoch: 591
train: 0.43882088646347817
validation: 0.4011723950663164
test: 0.45802448730085543

epoch: 592
train: 0.4386269295062104
validation: 0.40100880641029857
test: 0.4578488898316561

epoch: 593
train: 0.43843337123004156
validation: 0.4008455794676513
test: 0.45767353027474805

epoch: 594
train: 0.43824020767940963
validation: 0.4006827104008853
test: 0.45749840590815916

epoch: 595
train: 0.4380474349605849
validation: 0.4005201954336328
test: 0.4573235140632972

epoch: 596
train: 0.4378550492406658
validation: 0.4003580308496447
test: 0.45714885212399026

epoch: 597
train: 0.43766304674659634
validation: 0.4001962129918131
test: 0.45697441752554496

epoch: 598
train: 0.4374714237641953
validation: 0.4000347382612025
test: 0.45680020775381863

epoch: 599
train: 0.4372801766372001
validation: 0.39987360311610254
test: 0.45662622034431

epoch: 600
train: 0.43708930176632954
validation: 0.39971280407109105
test: 0.456452452881263

epoch: 601
train: 0.4368987956083621
validation: 0.39955233769611803
test: 0.4562789029967881

epoch: 602
train: 0.4367086546752237
validation: 0.3993922006155968
test: 0.45610556836999516

epoch: 603
train: 0.4365188755330986
validation: 0.3992323895075195
test: 0.4559324467261457

epoch: 604
train: 0.43632945480154556
validation: 0.3990729011025796
test: 0.4557595358358154

epoch: 605
train: 0.4361403891526371
validation: 0.3989137321833105
test: 0.45558683351407453

epoch: 606
train: 0.4359516753101056
validation: 0.3987548795832409
test: 0.4554143376196793

epoch: 607
train: 0.43576331004850827
validation: 0.39859634018606094
test: 0.4552420460542787

epoch: 608
train: 0.435575290192404
validation: 0.39843811092480197
test: 0.4550699567616348

epoch: 609
train: 0.4353876126155418
validation: 0.3982801887810326
test: 0.454898067726857

epoch: 610
train: 0.4352002742400636
validation: 0.3981225707840643
test: 0.4547263769756467

epoch: 611
train: 0.435013272035723
validation: 0.39796525401017274
test: 0.45455488257355836

epoch: 612
train: 0.4348266030191119
validation: 0.397808235581829
test: 0.45438358262527223

epoch: 613
train: 0.43464026425290225
validation: 0.39765151266694737
test: 0.4542124752738773

epoch: 614
train: 0.43445425284510075
validation: 0.3974950824781408
test: 0.45404155870016927

epoch: 615
train: 0.4342685659483137
validation: 0.3973389422719919
test: 0.45387083112195964

epoch: 616
train: 0.43408320075902274
validation: 0.39718308934833435
test: 0.4537002907933965

epoch: 617
train: 0.43389815451688013
validation: 0.39702752104954675
test: 0.4535299360042977

epoch: 618
train: 0.4337134245040026
validation: 0.3968722347598562
test: 0.45335976507949344

epoch: 619
train: 0.43352900804429023
validation: 0.39671722790465636
test: 0.4531897763781838

epoch: 620
train: 0.43334490250274404
validation: 0.39656249794983317
test: 0.45301996829330304

epoch: 621
train: 0.43316110528480417
validation: 0.39640804240110533
test: 0.45285033925089857

epoch: 622
train: 0.43297761383569744
validation: 0.3962538588033718
test: 0.4526808877095193

epoch: 623
train: 0.4327944256397855
validation: 0.3960999447400712
test: 0.45251161215961244

epoch: 624
train: 0.4326115382199387
validation: 0.3959462978325544
test: 0.4523425111229339

epoch: 625
train: 0.4324289491369096
validation: 0.3957929157394632
test: 0.45217358315196804

epoch: 626
train: 0.4322466559887211
validation: 0.3956397961561207
test: 0.45200482682935594

epoch: 627
train: 0.4320646564100612
validation: 0.3954869368139339
test: 0.45183624076733486

epoch: 628
train: 0.4318829480716899
validation: 0.3953343354798014
test: 0.4516678236071875

epoch: 629
train: 0.43170152867986084
validation: 0.395181989955536
test: 0.4514995740186997

epoch: 630
train: 0.4315203959757362
validation: 0.39502989807729183
test: 0.4513314906996292

epoch: 631
train: 0.4313395477348331
validation: 0.394878057715005
test: 0.45116357237518173

epoch: 632
train: 0.43115898176645945
validation: 0.39472646677184087
test: 0.45099581779749714

epoch: 633
train: 0.43097869591317356
validation: 0.39457512318364957
test: 0.45082822574514536

epoch: 634
train: 0.43079868805024085
validation: 0.3944240249184343
test: 0.4506607950226289

epoch: 635
train: 0.43061895608510764
validation: 0.3942731699758245
test: 0.4504935244598961

epoch: 636
train: 0.43043949795687975
validation: 0.3941225563865577
test: 0.4503264129118615

epoch: 637
train: 0.43026031163581174
validation: 0.39397218221197455
test: 0.45015945925793505

epoch: 638
train: 0.4300813951228007
validation: 0.39382204554351435
test: 0.44999266240155983

epoch: 639
train: 0.4299027464488941
validation: 0.3936721445022263
test: 0.4498260212697571

epoch: 640
train: 0.4297243636747977
validation: 0.39352247723828426
test: 0.44965953481267995

epoch: 641
train: 0.42954624489039916
validation: 0.39337304193051026
test: 0.44949320200317405

epoch: 642
train: 0.42936838821429546
validation: 0.3932238367859075
test: 0.44932702183634643

epoch: 643
train: 0.4291907917933302
validation: 0.3930748600391979
test: 0.4491609933291424

epoch: 644
train: 0.42901345380213324
validation: 0.3929261099523717
test: 0.44899511551992843

epoch: 645
train: 0.42883637244267486
validation: 0.3927775848142377
test: 0.4488293874680842

epoch: 646
train: 0.42865954594382283
validation: 0.3926292829399885
test: 0.4486638082535991

epoch: 647
train: 0.42848297256090634
validation: 0.39248120267076747
test: 0.4484983769766788

epoch: 648
train: 0.4283066505752914
validation: 0.3923333423732443
test: 0.4483330927573576

epoch: 649
train: 0.4281305782939552
validation: 0.39218570043919926
test: 0.4481679547351154

epoch: 650
train: 0.42795475404907934
validation: 0.39203827528511
test: 0.44800296206850526

epoch: 651
train: 0.4277791761976346
validation: 0.3918910653517508
test: 0.44783811393478457

epoch: 652
train: 0.4276038431209864
validation: 0.39174406910379245
test: 0.4476734095295536

epoch: 653
train: 0.42742875322449825
validation: 0.3915972850294145
test: 0.4475088480664008

epoch: 654
train: 0.42725390493714466
validation: 0.39145071163991746
test: 0.44734442877655456

epoch: 655
train: 0.42707929671112765
validation: 0.3913043474693485
test: 0.44718015090853874

epoch: 656
train: 0.4269049270215071
validation: 0.39115819107412564
test: 0.4470160137278378

epoch: 657
train: 0.426730794365824
validation: 0.3910122410326758
test: 0.4468520165165652

epoch: 658
train: 0.426556897263745
validation: 0.39086649594507133
test: 0.4466881585731391

epoch: 659
train: 0.42638323425669916
validation: 0.3907209544326792
test: 0.4465244392119626

epoch: 660
train: 0.42620980390753005
validation: 0.3905756151378096
test: 0.44636085776311085

epoch: 661
train: 0.4260366048001489
validation: 0.3904304767233784
test: 0.4461974135720225

epoch: 662
train: 0.425863635539194
validation: 0.39028553787256326
test: 0.44603410599919757

epoch: 663
train: 0.42569089474969873
validation: 0.3901407972884777
test: 0.445870934419901

epoch: 664
train: 0.4255183810767589
validation: 0.389996253693845
test: 0.4457078982238689

epoch: 665
train: 0.4253460931852103
validation: 0.3898519058306732
test: 0.44554499681502413

epoch: 666
train: 0.4251740297593116
validation: 0.3897077524599443
test: 0.44538222961119234

epoch: 667
train: 0.42500218950243
validation: 0.389563792361302
test: 0.44521959604382777

epoch: 668
train: 0.4248305711367317
validation: 0.38942002433274586
test: 0.44505709555773976

epoch: 669
train: 0.4246591734028816
validation: 0.38927644719033216
test: 0.44489472761082677

epoch: 670
train: 0.4244879950597414
validation: 0.3891330597678794
test: 0.44473249167381373

epoch: 671
train: 0.42431703488407935
validation: 0.3889898609166754
test: 0.44457038722999503

epoch: 672
train: 0.42414629167028006
validation: 0.38884684950519355
test: 0.444408413774982

epoch: 673
train: 0.4239757642300594
validation: 0.38870402441881136
test: 0.44424657081645397

epoch: 674
train: 0.423805451392187
validation: 0.3885613845595335
test: 0.4440848578739144

epoch: 675
train: 0.423635352002212
validation: 0.38841892884572043
test: 0.44392327447845176

epoch: 676
train: 0.42346546492218834
validation: 0.38827665621182067
test: 0.44376182017250415

epoch: 677
train: 0.4232957890304137
validation: 0.3881345656081067
test: 0.4436004945096286

epoch: 678
train: 0.42312632322116617
validation: 0.38799265600041843
test: 0.44343929705427354

epoch: 679
train: 0.42295706640444497
validation: 0.38785092636990703
test: 0.44327822738155587

epoch: 680
train: 0.4227880175057203
validation: 0.38770937571278447
test: 0.44311728507704434

epoch: 681
train: 0.4226191754656806
validation: 0.3875680030400769
test: 0.4429564697365415

epoch: 682
train: 0.4224505392399909
validation: 0.3874268073773841
test: 0.4427957809658745

epoch: 683
train: 0.4222821077990488
validation: 0.3872857877646397
test: 0.4426352183806881

epoch: 684
train: 0.4221138801277508
validation: 0.3871449432558759
test: 0.4424747816062414

epoch: 685
train: 0.4219458552252544
validation: 0.3870042729189959
test: 0.44231447027720644

epoch: 686
train: 0.42177803210475157
validation: 0.38686377583554366
test: 0.442154284037474

epoch: 687
train: 0.42161040979324277
validation: 0.3867234511004826
test: 0.4419942225399594

epoch: 688
train: 0.4214429873313143
validation: 0.38658329782197703
test: 0.4418342854464149

epoch: 689
train: 0.42127576377291887
validation: 0.38644331512117264
test: 0.441674472427243

epoch: 690
train: 0.42110873818516154
validation: 0.38630350213198883
test: 0.44151478316131443

epoch: 691
train: 0.42094190964808853
validation: 0.38616385800090663
test: 0.4413552173357891

epoch: 692
train: 0.42077527725447794
validation: 0.38602438188676447
test: 0.44119577464594084

epoch: 693
train: 0.4206088401096367
validation: 0.3858850729605556
test: 0.4410364547949844

epoch: 694
train: 0.42044259733119665
validation: 0.3857459304052296
test: 0.4408772574939052

epoch: 695
train: 0.4202765480489191
validation: 0.38560695341549656
test: 0.44071818246129574

epoch: 696
train: 0.42011069140449714
validation: 0.385468141197635
test: 0.44055922942318937

epoch: 697
train: 0.41994502655136906
validation: 0.38532949296930324
test: 0.44040039811290155

epoch: 698
train: 0.4197795526545223
validation: 0.38519100795935207
test: 0.4402416882708723

epoch: 699
train: 0.4196142688903135
validation: 0.38505268540764287
test: 0.4400830996445123

epoch: 700
train: 0.4194491744462834
validation: 0.3849145245648663
test: 0.43992463198804993

epoch: 701
train: 0.41928426852097955
validation: 0.3847765246923667
test: 0.43976628506238363

epoch: 702
train: 0.4191195503237767
validation: 0.38463868506196586
test: 0.43960805863493574

epoch: 703
train: 0.41895501907470456
validation: 0.38450100495579564
test: 0.43944995247950813

epoch: 704
train: 0.4187906740042781
validation: 0.38436348366612394
test: 0.4392919663761433

epoch: 705
train: 0.4186265143533258
validation: 0.38422612049519295
test: 0.4391341001109837

epoch: 706
train: 0.4184625393728279
validation: 0.3840889147550547
test: 0.4389763534761392

epoch: 707
train: 0.41829874832375136
validation: 0.38395186576741136
test: 0.4388187262695513

epoch: 708
train: 0.41813514047688993
validation: 0.3838149728634557
test: 0.438661218294864

epoch: 709
train: 0.4179717151127079
validation: 0.3836782353837187
test: 0.43850382936129595

epoch: 710
train: 0.4178084715211837
validation: 0.38354165267791396
test: 0.43834655928351296

epoch: 711
train: 0.4176454090016578
validation: 0.3834052241047899
test: 0.4381894078815066

epoch: 712
train: 0.4174825268626831
validation: 0.3832689490319808
test: 0.43803237498047126

epoch: 713
train: 0.41731982442187804
validation: 0.3831328268358618
test: 0.43787546041068715

epoch: 714
train: 0.4171573010057781
validation: 0.38299685690140584
test: 0.43771866400740106

epoch: 715
train: 0.41699495594969815
validation: 0.38286103862204407
test: 0.4375619856107157

epoch: 716
train: 0.41683278859758716
validation: 0.38272537139952656
test: 0.43740542506547314

epoch: 717
train: 0.4166707983018931
validation: 0.38258985464378664
test: 0.437248982221148

epoch: 718
train: 0.41650898442342527
validation: 0.3824544877728075
test: 0.43709265693173666

epoch: 719
train: 0.4163473463312224
validation: 0.3823192702124896
test: 0.43693644905565393

epoch: 720
train: 0.4161858834024173
validation: 0.38218420139652276
test: 0.4367803584556259

epoch: 721
train: 0.4160245950221125
validation: 0.3820492807662576
test: 0.43662438499859085

epoch: 722
train: 0.4158634805832488
validation: 0.3819145077705816
test: 0.43646852855559665

epoch: 723
train: 0.4157025394864826
validation: 0.38177988186579487
test: 0.4363127890017039

epoch: 724
train: 0.4155417711400599
validation: 0.38164540251548895
test: 0.43615716621588846

epoch: 725
train: 0.4153811749596994
validation: 0.3815110691904288
test: 0.4360016600809482

epoch: 726
train: 0.4152207503684662
validation: 0.38137688136843517
test: 0.4358462704834091

epoch: 727
train: 0.4150604967966637
validation: 0.38124283853426816
test: 0.4356909973134341

epoch: 728
train: 0.41490041368170943
validation: 0.38110894017951547
test: 0.4355358404647353

epoch: 729
train: 0.41474050046802663
validation: 0.3809751858024809
test: 0.4353807998344839

epoch: 730
train: 0.4145807566069314
validation: 0.3808415749080731
test: 0.43522587532322776

epoch: 731
train: 0.4144211815565224
validation: 0.3807081070076987
test: 0.43507106683480323

epoch: 732
train: 0.414261774781571
validation: 0.38057478161915714
test: 0.4349163742762555

epoch: 733
train: 0.4141025357534205
validation: 0.38044159826653345
test: 0.4347617975577566

epoch: 734
train: 0.4139434639498739
validation: 0.38030855648009965
test: 0.43460733659252576

epoch: 735
train: 0.4137845588550966
validation: 0.38017565579620977
test: 0.4344529912967513

epoch: 736
train: 0.41362581995951364
validation: 0.3800428957572034
test: 0.434298761589515

epoch: 737
train: 0.41346724675970836
validation: 0.3799102759113068
test: 0.4341446473927164

epoch: 738
train: 0.41330883875832664
validation: 0.3797777958125367
test: 0.4339906486309999

epoch: 739
train: 0.41315059546397903
validation: 0.3796454550206066
test: 0.43383676523168213

epoch: 740
train: 0.4129925163911463
validation: 0.379513253100832
test: 0.43368299712468167

epoch: 741
train: 0.4128346010600875
validation: 0.3793811896240422
test: 0.43352934424245054

epoch: 742
train: 0.4126768489967448
validation: 0.3792492641664873
test: 0.43337580651990426

epoch: 743
train: 0.4125192597326565
validation: 0.3791174763097509
test: 0.43322238389435735

epoch: 744
train: 0.41236183280486594
validation: 0.3789858256406629
test: 0.43306907630545755

epoch: 745
train: 0.4122045677558364
validation: 0.3788543117512149
test: 0.4329158836951208

epoch: 746
train: 0.412047464133363
validation: 0.3787229342384751
test: 0.43276280600746997

epoch: 747
train: 0.4118905214904878
validation: 0.3785916927045051
test: 0.4326098431887729

epoch: 748
train: 0.41173373938541963
validation: 0.3784605867562799
test: 0.43245699518738107

epoch: 749
train: 0.4115771173814474
validation: 0.37832961600560644
test: 0.4323042619536727

epoch: 750
train: 0.41142065504686537
validation: 0.37819878006904556
test: 0.43215164343999335

epoch: 751
train: 0.41126435195488886
validation: 0.37806807856783425
test: 0.4319991396005992

epoch: 752
train: 0.411108207683578
validation: 0.37793751112781016
test: 0.43184675039160236

epoch: 753
train: 0.41095222181576335
validation: 0.37780707737933467
test: 0.43169447577091596

epoch: 754
train: 0.41079639393896605
validation: 0.3776767769572225
test: 0.43154231569820023

epoch: 755
train: 0.41064072364532667
validation: 0.37754660950066593
test: 0.4313902701348114

epoch: 756
train: 0.41048521053153303
validation: 0.3774165746531652
test: 0.43123833904374914

epoch: 757
train: 0.4103298541987441
validation: 0.37728667206245786
test: 0.43108652238960826

epoch: 758
train: 0.41017465425252425
validation: 0.37715690138045016
test: 0.4309348201385271

epoch: 759
train: 0.4100196103027708
validation: 0.3770272622631489
test: 0.430783232258141

epoch: 760
train: 0.40986472196364454
validation: 0.3768977543705947
test: 0.43063175871753534

epoch: 761
train: 0.4097099888535069
validation: 0.3767683773667967
test: 0.4304803994871979

epoch: 762
train: 0.40955541059485
validation: 0.3766391309196671
test: 0.43032915453897513

epoch: 763
train: 0.4094009868142318
validation: 0.37651001470095885
test: 0.43017802384602627

epoch: 764
train: 0.40924671714221317
validation: 0.37638102838620274
test: 0.430027007382782

epoch: 765
train: 0.4090926012132955
validation: 0.3762521716546452
test: 0.42987610512489927

epoch: 766
train: 0.4089386386658563
validation: 0.3761234441891895
test: 0.4297253170492224

epoch: 767
train: 0.40878482914208997
validation: 0.37599484567633434
test: 0.42957464313373983

epoch: 768
train: 0.4086311722879481
validation: 0.37586637580611726
test: 0.4294240833575463

epoch: 769
train: 0.40847766775307864
validation: 0.3757380342720558
test: 0.429273637700802

epoch: 770
train: 0.40832431519076984
validation: 0.3756098207710922
test: 0.42912330614469596

epoch: 771
train: 0.4081711142578907
validation: 0.3754817350035363
test: 0.42897308867140693

epoch: 772
train: 0.40801806461483836
validation: 0.3753537766730125
test: 0.42882298526406815

epoch: 773
train: 0.4078651659254789
validation: 0.3752259454864043
test: 0.42867299590673064

epoch: 774
train: 0.40771241785709483
validation: 0.3750982411538033
test: 0.42852312058432757

epoch: 775
train: 0.40755982008033265
validation: 0.3749706633884552
test: 0.4283733592826421

epoch: 776
train: 0.4074073722691477
validation: 0.3748432119067091
test: 0.4282237119882708

epoch: 777
train: 0.4072550741007536
validation: 0.37471588642796944
test: 0.42807417868859265

epoch: 778
train: 0.4071029252555716
validation: 0.37458868667464285
test: 0.4279247593717362

epoch: 779
train: 0.40695092541718103
validation: 0.37446161237209213
test: 0.42777545402654843

epoch: 780
train: 0.4067990742722676
validation: 0.37433466324858744
test: 0.42762626264256315

epoch: 781
train: 0.40664737151057734
validation: 0.3742078390352591
test: 0.42747718520997147

epoch: 782
train: 0.40649581682486696
validation: 0.37408113946605137
test: 0.4273282217195925

epoch: 783
train: 0.4063444099108592
validation: 0.37395456427767687
test: 0.42717937216284363

epoch: 784
train: 0.40619315046719306
validation: 0.37382811320957315
test: 0.42703063653171264

epoch: 785
train: 0.4060420381953827
validation: 0.3737017860038552
test: 0.4268820148187309

epoch: 786
train: 0.405891072799769
validation: 0.37357558240527583
test: 0.42673350701694496

epoch: 787
train: 0.4057402539874778
validation: 0.3734495021611808
test: 0.42658511311989117

epoch: 788
train: 0.40558958146837576
validation: 0.37332354502146814
test: 0.4264368331215695

epoch: 789
train: 0.4054390549550275
validation: 0.3731977107385456
test: 0.4262886670164192

epoch: 790
train: 0.405288674162655
validation: 0.37307199906729127
test: 0.4261406147992917

epoch: 791
train: 0.40513843880909445
validation: 0.3729464097650133
test: 0.4259926764654294

epoch: 792
train: 0.40498834861475774
validation: 0.3728209425914103
test: 0.42584485201044076

epoch: 793
train: 0.4048384033025906
validation: 0.37269559730853385
test: 0.4256971414302767

epoch: 794
train: 0.4046886025980356
validation: 0.37257037368074847
test: 0.42554954472120865

epoch: 795
train: 0.40453894622899084
validation: 0.3724452714746975
test: 0.425402061879808

epoch: 796
train: 0.40438943392577475
validation: 0.372320290459263
test: 0.4252546929029217

epoch: 797
train: 0.4042400654210859
validation: 0.3721954304055316
test: 0.42510743778765386

epoch: 798
train: 0.4040908404499696
validation: 0.3720706910867592
test: 0.42496029653134393

epoch: 799
train: 0.4039417587497782
validation: 0.37194607227833454
test: 0.424813269131547

epoch: 800
train: 0.4037928200601379
validation: 0.3718215737577469
test: 0.4246663555860143

epoch: 801
train: 0.4036440241229131
validation: 0.37169719530455025
test: 0.4245195558926742

epoch: 802
train: 0.4034953706821722
validation: 0.37157293670033115
test: 0.42437287004961366

epoch: 803
train: 0.4033468594841521
validation: 0.37144879772867656
test: 0.42422629805505896

epoch: 804
train: 0.40319849027722776
validation: 0.3713247781751407
test: 0.4240798399073603

epoch: 805
train: 0.4030502628118766
validation: 0.3712008778272138
test: 0.4239334956049717

epoch: 806
train: 0.40290217684064794
validation: 0.37107709647429166
test: 0.4237872651464363

epoch: 807
train: 0.4027542321181315
validation: 0.37095343390764335
test: 0.4236411485303681

epoch: 808
train: 0.4026064284009243
validation: 0.3708298899203835
test: 0.42349514575543856

epoch: 809
train: 0.4024587654476012
validation: 0.3707064643074413
test: 0.4233492568203572

epoch: 810
train: 0.4023112430186851
validation: 0.37058315686553117
test: 0.4232034817238587

epoch: 811
train: 0.40216386087661743
validation: 0.3704599673931258
test: 0.4230578204646884

epoch: 812
train: 0.40201661878572653
validation: 0.37033689569042577
test: 0.422912273041586

epoch: 813
train: 0.4018695165122009
validation: 0.3702139415593338
test: 0.42276683945327265

epoch: 814
train: 0.40172255382406175
validation: 0.37009110480342666
test: 0.42262151969843614

epoch: 815
train: 0.4015757304911315
validation: 0.369968385227929
test: 0.4224763137757188

epoch: 816
train: 0.40142904628501164
validation: 0.3698457826396865
test: 0.4223312216837029

epoch: 817
train: 0.4012825009790514
validation: 0.3697232968471396
test: 0.42218624342089905

epoch: 818
train: 0.40113609434832154
validation: 0.369600927660299
test: 0.4220413789857329

epoch: 819
train: 0.4009898261695923
validation: 0.3694786748907214
test: 0.4218966283765336

epoch: 820
train: 0.4008436962213022
validation: 0.3693565383514814
test: 0.4217519915915216

epoch: 821
train: 0.4006977042835362
validation: 0.3692345178571526
test: 0.421607468628797

epoch: 822
train: 0.40055185013800126
validation: 0.3691126132237785
test: 0.4214630594863297

epoch: 823
train: 0.40040613356799964
validation: 0.36899082426885255
test: 0.42131876416194625

epoch: 824
train: 0.400260554358406
validation: 0.3688691508112945
test: 0.42117458265332164

epoch: 825
train: 0.40011511229564284
validation: 0.3687475926714265
test: 0.4210305149579667

epoch: 826
train: 0.39996980716766084
validation: 0.36862614967095225
test: 0.42088656107322014

epoch: 827
train: 0.39982463876390995
validation: 0.3685048216329347
test: 0.4207427209962382

epoch: 828
train: 0.3996796068753223
validation: 0.368383608381774
test: 0.4205989947239835

epoch: 829
train: 0.3995347112942863
validation: 0.36826250974318675
test: 0.420455382253219

epoch: 830
train: 0.3993899518146276
validation: 0.3681415255441859
test: 0.420311883580496

epoch: 831
train: 0.39924532823158515
validation: 0.3680206556130584
test: 0.42016849870214745

epoch: 832
train: 0.3991008403417919
validation: 0.36789989977934756
test: 0.42002522761427896

epoch: 833
train: 0.3989564879432549
validation: 0.3677792578738309
test: 0.4198820703127606

epoch: 834
train: 0.39881227083533055
validation: 0.3676587297285019
test: 0.4197390267932181

epoch: 835
train: 0.39866818881870825
validation: 0.3675383151765513
test: 0.41959609705102713

epoch: 836
train: 0.39852424169539175
validation: 0.36741801405234653
test: 0.4194532810813042

epoch: 837
train: 0.3983804292686753
validation: 0.3672978261914155
test: 0.4193105788788992

epoch: 838
train: 0.39823675134312736
validation: 0.36717775143042614
test: 0.419167990438391

epoch: 839
train: 0.3980932077245726
validation: 0.3670577896071705
test: 0.4190255157540768

epoch: 840
train: 0.3979497982200703
validation: 0.366937940560545
test: 0.41888315481996846

epoch: 841
train: 0.39780652263789834
validation: 0.3668182041305358
test: 0.41874090762978516

epoch: 842
train: 0.39766338078753627
validation: 0.3666985801581991
test: 0.4185987741769473

epoch: 843
train: 0.3975203724796432
validation: 0.36657906848564564
test: 0.41845675445457037

epoch: 844
train: 0.3973774975260469
validation: 0.3664596689560248
test: 0.4183148484554591

epoch: 845
train: 0.3972347557397195
validation: 0.36634038141350744
test: 0.4181730561721031

epoch: 846
train: 0.3970921469347673
validation: 0.3662212057032701
test: 0.41803137759666986

epoch: 847
train: 0.39694967092641087
validation: 0.3661021416714795
test: 0.41788981272100006

epoch: 848
train: 0.3968073275309673
validation: 0.3659831891652775
test: 0.4177483615366029

epoch: 849
train: 0.3966651165658384
validation: 0.3658643480327657
test: 0.4176070240346514

epoch: 850
train: 0.396523037849492
validation: 0.36574561812298967
test: 0.41746580020597696

epoch: 851
train: 0.3963810912014469
validation: 0.36562699928592657
test: 0.41732469004106615

epoch: 852
train: 0.3962392764422574
validation: 0.3655084913724677
test: 0.41718369353005463

epoch: 853
train: 0.3960975933934996
validation: 0.3653900942344067
test: 0.41704281066272475

epoch: 854
train: 0.39595604187775557
validation: 0.3652718077244248
test: 0.41690204142850035

epoch: 855
train: 0.39581462171859866
validation: 0.3651536316960776
test: 0.41676138581644345

epoch: 856
train: 0.3956733327405802
validation: 0.36503556600377973
test: 0.4166208438152506

epoch: 857
train: 0.39553217476921443
validation: 0.36491761050279486
test: 0.41648041541324926

epoch: 858
train: 0.39539114763096594
validation: 0.36479976504921996
test: 0.41634010059839405

epoch: 859
train: 0.3952502511532338
validation: 0.3646820294999727
test: 0.41619989935826435

epoch: 860
train: 0.3951094851643413
validation: 0.3645644037127815
test: 0.4160598116800602

epoch: 861
train: 0.3949688494935187
validation: 0.3644468875461694
test: 0.4159198375506002

epoch: 862
train: 0.3948283439708958
validation: 0.3643294808594443
test: 0.4157799769563181

epoch: 863
train: 0.39468796842748327
validation: 0.36421218351268664
test: 0.4156402298832603

epoch: 864
train: 0.3945477226951652
validation: 0.3640949953667366
test: 0.41550059631708347

epoch: 865
train: 0.39440760660668145
validation: 0.36397791628318404
test: 0.4153610762430518

epoch: 866
train: 0.39426761999562204
validation: 0.36386094612435677
test: 0.41522166964603546

epoch: 867
train: 0.39412776269640926
validation: 0.3637440847533075
test: 0.4150823765105068

epoch: 868
train: 0.3939880345442894
validation: 0.3636273320338056
test: 0.4149431968205397

epoch: 869
train: 0.39384843537531894
validation: 0.36351068783032364
test: 0.4148041305598068

epoch: 870
train: 0.39370896502635616
validation: 0.3633941520080297
test: 0.4146651777115794

epoch: 871
train: 0.3935696233350463
validation: 0.36327772443277423
test: 0.41452633825872276

epoch: 872
train: 0.39343041013981356
validation: 0.36316140497108024
test: 0.41438761218369685

epoch: 873
train: 0.3932913252798482
validation: 0.36304519349013503
test: 0.4142489994685538

epoch: 874
train: 0.3931523685950978
validation: 0.36292908985777833
test: 0.41411050009493694

epoch: 875
train: 0.3930135399262546
validation: 0.36281309394249284
test: 0.4139721140440787

epoch: 876
train: 0.3928748391147471
validation: 0.3626972056133952
test: 0.4138338412968011

epoch: 877
train: 0.3927362660027284
validation: 0.36258142474022637
test: 0.4136956818335127

epoch: 878
train: 0.3925978204330675
validation: 0.3624657511933415
test: 0.4135576356342081

epoch: 879
train: 0.3924595022493387
validation: 0.3623501848437023
test: 0.413419702678468

epoch: 880
train: 0.3923213112958114
validation: 0.3622347255628666
test: 0.41328188294545737

epoch: 881
train: 0.39218324741744337
validation: 0.3621193732229801
test: 0.41314417641392454

epoch: 882
train: 0.3920453104598658
validation: 0.3620041276967685
test: 0.41300658306220206

epoch: 883
train: 0.39190750026938054
validation: 0.3618889888575266
test: 0.41286910286820344

epoch: 884
train: 0.3917698166929468
validation: 0.36177395657911293
test: 0.41273173580942557

epoch: 885
train: 0.3916322595781735
validation: 0.3616590307359389
test: 0.4125944818629464

epoch: 886
train: 0.39149482877331043
validation: 0.3615442112029622
test: 0.41245734100542475

epoch: 887
train: 0.3913575241272402
validation: 0.3614294978556784
test: 0.41232031321310164

epoch: 888
train: 0.39122034548946794
validation: 0.361314890570113
test: 0.41218339846179747

epoch: 889
train: 0.3910832927101167
validation: 0.3612003892228134
test: 0.41204659672691385

epoch: 890
train: 0.39094636563991353
validation: 0.3610859936908417
test: 0.41190990798343363

epoch: 891
train: 0.3908095641301867
validation: 0.36097170385176724
test: 0.4117733322059197

epoch: 892
train: 0.3906728880328547
validation: 0.36085751958365997
test: 0.4116368693685154

epoch: 893
train: 0.390536337200419
validation: 0.3607434407650806
test: 0.41150051944494564

epoch: 894
train: 0.3903999114859578
validation: 0.3606294672750768
test: 0.4113642824085159

epoch: 895
train: 0.3902636107431158
validation: 0.3605155989931745
test: 0.4112281582321134

epoch: 896
train: 0.3901274348260991
validation: 0.3604018357993711
test: 0.4110921468882071

epoch: 897
train: 0.389991383589667
validation: 0.36028817757412845
test: 0.4109562483488476

epoch: 898
train: 0.3898554568891237
validation: 0.3601746241983672
test: 0.4108204625856687

epoch: 899
train: 0.3897196545803143
validation: 0.36006117555345973
test: 0.4106847895698865

epoch: 900
train: 0.38958397651961263
validation: 0.35994783152122295
test: 0.41054922927230186

epoch: 901
train: 0.38944842256392
validation: 0.3598345919839137
test: 0.4104137816632993

epoch: 902
train: 0.3893129925706543
validation: 0.3597214568242212
test: 0.41027844671284774

epoch: 903
train: 0.38917768639774536
validation: 0.35960842592526127
test: 0.4101432243905031

epoch: 904
train: 0.3890425039036278
validation: 0.3594954991705699
test: 0.4100081146654067

epoch: 905
train: 0.3889074449472356
validation: 0.3593826764440993
test: 0.40987311750628774

epoch: 906
train: 0.38877250938799285
validation: 0.35926995763020914
test: 0.40973823288146316

epoch: 907
train: 0.3886376970858108
validation: 0.359157342613663
test: 0.4096034607588393

epoch: 908
train: 0.3885030079010809
validation: 0.35904483127962217
test: 0.4094688011059126

epoch: 909
train: 0.3883684416946663
validation: 0.35893242351364
test: 0.40933425388977007

epoch: 910
train: 0.38823399832789846
validation: 0.3588201192016568
test: 0.40919981907709163

epoch: 911
train: 0.3880996776625725
validation: 0.3587079182299938
test: 0.4090654966341496

epoch: 912
train: 0.387965479560936
validation: 0.35859582048534855
test: 0.4089312865268112

epoch: 913
train: 0.38783140388569004
validation: 0.3584838258547899
test: 0.40879718872053883

epoch: 914
train: 0.38769745049997834
validation: 0.3583719342257525
test: 0.4086632031803915

epoch: 915
train: 0.387563619267386
validation: 0.3582601454860317
test: 0.4085293298710262

epoch: 916
train: 0.3874299100519287
validation: 0.3581484595237797
test: 0.40839556875669975

epoch: 917
train: 0.38729632271805386
validation: 0.3580368762274987
test: 0.4082619198012687

epoch: 918
train: 0.38716285713063003
validation: 0.35792539548603847
test: 0.4081283829681918

epoch: 919
train: 0.3870295131549445
validation: 0.3578140171885905
test: 0.40799495822053067

epoch: 920
train: 0.38689629065669845
validation: 0.3577027412246835
test: 0.4078616455209526

epoch: 921
train: 0.38676318950199884
validation: 0.3575915674841784
test: 0.4077284448317298

epoch: 922
train: 0.3866302095573583
validation: 0.3574804958572652
test: 0.4075953561147427

epoch: 923
train: 0.3864973506896856
validation: 0.35736952623445817
test: 0.4074623793314807

epoch: 924
train: 0.3863646127662845
validation: 0.3572586585065901
test: 0.40732951444304377

epoch: 925
train: 0.38623199565484617
validation: 0.3571478925648111
test: 0.40719676141014377

epoch: 926
train: 0.38609949922344744
validation: 0.35703722830058104
test: 0.40706412019310645

epoch: 927
train: 0.38596712334054456
validation: 0.3569266656056683
test: 0.40693159075187324

epoch: 928
train: 0.38583486787496774
validation: 0.35681620437214373
test: 0.4067991730460018

epoch: 929
train: 0.3857027326959187
validation: 0.3567058444923786
test: 0.40666686703466903

epoch: 930
train: 0.38557071767296647
validation: 0.35659558585903905
test: 0.4065346726766718

epoch: 931
train: 0.3854388226760413
validation: 0.35648542836508323
test: 0.4064025899304288

epoch: 932
train: 0.3853070475754313
validation: 0.3563753719037574
test: 0.40627061875398307

epoch: 933
train: 0.38517539224177944
validation: 0.35626541636859166
test: 0.40613875910500197

epoch: 934
train: 0.385043856546078
validation: 0.3561555616533983
test: 0.4060070109407809

epoch: 935
train: 0.3849124403596648
validation: 0.3560458076522653
test: 0.40587537421824443

epoch: 936
train: 0.3847811435542205
validation: 0.35593615425955494
test: 0.4057438488939465

epoch: 937
train: 0.3846499660017632
validation: 0.35582660136990035
test: 0.4056124349240753

epoch: 938
train: 0.38451890757464535
validation: 0.35571714887820105
test: 0.40548113226445204

epoch: 939
train: 0.38438796814554976
validation: 0.35560779667962017
test: 0.4053499408705351

epoch: 940
train: 0.38425714758748647
validation: 0.3554985446695813
test: 0.4052188606974203

epoch: 941
train: 0.3841264457737883
validation: 0.35538939274376563
test: 0.4050878916998442

epoch: 942
train: 0.38399586257810797
validation: 0.3552803407981078
test: 0.40495703383218423

epoch: 943
train: 0.3838653978744151
validation: 0.35517138872879356
test: 0.40482628704846196

epoch: 944
train: 0.3837350515369899
validation: 0.3550625364322567
test: 0.40469565130234497

epoch: 945
train: 0.3836048234404242
validation: 0.3549537838051765
test: 0.4045651265471481

epoch: 946
train: 0.38347471345961376
validation: 0.3548451307444728
test: 0.4044347127358358

epoch: 947
train: 0.3833447214697582
validation: 0.35473657714730567
test: 0.4043044098210241

epoch: 948
train: 0.3832148473463566
validation: 0.3546281229110709
test: 0.4041742177549824

epoch: 949
train: 0.3830850909652032
validation: 0.35451976793339796
test: 0.40404413648963505

epoch: 950
train: 0.3829554522023861
validation: 0.3544115121121468
test: 0.40391416597656477

epoch: 951
train: 0.3828259309342829
validation: 0.35430335534540564
test: 0.4037843061670132

epoch: 952
train: 0.38269652703755824
validation: 0.35419529753148815
test: 0.40365455701188296

epoch: 953
train: 0.38256724038916085
validation: 0.35408733856893004
test: 0.40352491846174054

epoch: 954
train: 0.3824380708663199
validation: 0.35397947835648813
test: 0.4033953904668182

epoch: 955
train: 0.38230901834654357
validation: 0.35387171679313556
test: 0.40326597297701483

epoch: 956
train: 0.3821800827076143
validation: 0.3537640537780629
test: 0.4031366659418992

epoch: 957
train: 0.3820512638275868
validation: 0.35365648921067067
test: 0.40300746931071174

epoch: 958
train: 0.38192256158478566
validation: 0.3535490229905719
test: 0.4028783830323661

epoch: 959
train: 0.38179397585780317
validation: 0.3534416550175863
test: 0.402749407055452

epoch: 960
train: 0.3816655065254945
validation: 0.3533343851917398
test: 0.40262054132823627

epoch: 961
train: 0.38153715346697753
validation: 0.3532272134132622
test: 0.4024917857986656

epoch: 962
train: 0.38140891656162723
validation: 0.35312013958258326
test: 0.40236314041436905

epoch: 963
train: 0.3812807956890774
validation: 0.35301316360033247
test: 0.4022346051226592

epoch: 964
train: 0.3811527907292139
validation: 0.3529062853673363
test: 0.40210617987053376

epoch: 965
train: 0.38102490156217417
validation: 0.3527995047846153
test: 0.4019778646046794

epoch: 966
train: 0.3808971280683457
validation: 0.3526928217533824
test: 0.40184965927147254

epoch: 967
train: 0.380769470128362
validation: 0.3525862361750424
test: 0.40172156381698226

epoch: 968
train: 0.3806419276230994
validation: 0.352479747951187
test: 0.40159357818697106

epoch: 969
train: 0.3805145004336778
validation: 0.35237335698359534
test: 0.4014657023268979

epoch: 970
train: 0.3803871884414563
validation: 0.35226706317423057
test: 0.4013379361819206

epoch: 971
train: 0.38025999152803097
validation: 0.352160866425239
test: 0.40121027969689727

epoch: 972
train: 0.3801329095752329
validation: 0.3520547666389474
test: 0.40108273281638834

epoch: 973
train: 0.3800059424651252
validation: 0.35194876371786166
test: 0.4009552954846597

epoch: 974
train: 0.37987909008000414
validation: 0.35184285756466444
test: 0.4008279676456828

epoch: 975
train: 0.379752352302392
validation: 0.35173704808221373
test: 0.4007007492431385

epoch: 976
train: 0.37962572901503944
validation: 0.3516313351735407
test: 0.4005736402204193

epoch: 977
train: 0.37949922010092063
validation: 0.35152571874184974
test: 0.40044664052062945

epoch: 978
train: 0.37937282544323236
validation: 0.3514201986905138
test: 0.40031975008658954

epoch: 979
train: 0.37924654492539195
validation: 0.3513147749230741
test: 0.400192968860836

epoch: 980
train: 0.3791203784310347
validation: 0.35120944734323994
test: 0.4000662967856259

epoch: 981
train: 0.3789943258440131
validation: 0.3511042158548853
test: 0.3999397338029368

epoch: 982
train: 0.378868387048394
validation: 0.350999080362047
test: 0.39981327985446996

epoch: 983
train: 0.37874256192845746
validation: 0.35089404076892444
test: 0.39968693488165213

epoch: 984
train: 0.37861685036869386
validation: 0.3507890969798773
test: 0.3995606988256377

epoch: 985
train: 0.37849125225380303
validation: 0.35068424889942484
test: 0.3994345716273106

epoch: 986
train: 0.37836576746869205
validation: 0.3505794964322426
test: 0.39930855322728676

epoch: 987
train: 0.3782403958984738
validation: 0.35047483948316305
test: 0.3991826435659157

epoch: 988
train: 0.3781151374284641
validation: 0.3503702779571728
test: 0.39905684258328267

epoch: 989
train: 0.3779899919441823
validation: 0.3502658117594116
test: 0.39893115021921133

epoch: 990
train: 0.3778649593313477
validation: 0.35016144079517153
test: 0.39880556641326464

epoch: 991
train: 0.37774003947587703
validation: 0.35005716496989436
test: 0.3986800911047484

epoch: 992
train: 0.3776152322638866
validation: 0.34995298418917087
test: 0.39855472423271193

epoch: 993
train: 0.37749053758168616
validation: 0.3498488983587402
test: 0.3984294657359505

epoch: 994
train: 0.37736595531578093
validation: 0.34974490738448794
test: 0.39830431555300855

epoch: 995
train: 0.3772414853528678
validation: 0.349641011172444
test: 0.3981792736221798

epoch: 996
train: 0.37711712757983507
validation: 0.34953720962878315
test: 0.39805433988151034

epoch: 997
train: 0.376992881883759
validation: 0.3494335026598223
test: 0.3979295142688008

epoch: 998
train: 0.37686874815190646
validation: 0.3493298901720199
test: 0.3978047967216081

epoch: 999
train: 0.37674472627172834
validation: 0.34922637207197516
test: 0.39768018717724707

epoch: 1000
train: 0.3766208161308614
validation: 0.34912294826642554
test: 0.39755568557279364

epoch: 1001
train: 0.3764970176171263
validation: 0.34901961866224707
test: 0.3974312918450853

epoch: 1002
train: 0.37637333061852507
validation: 0.34891638316645296
test: 0.39730700593072404

epoch: 1003
train: 0.37624975502324154
validation: 0.3488132416861914
test: 0.39718282776607844

epoch: 1004
train: 0.37612629071963855
validation: 0.34871019412874554
test: 0.39705875728728546

epoch: 1005
train: 0.3760029375962565
validation: 0.348607240401532
test: 0.39693479443025165

epoch: 1006
train: 0.3758796955418137
validation: 0.34850438041210025
test: 0.3968109391306569

epoch: 1007
train: 0.375756564445203
validation: 0.3484016140681308
test: 0.39668719132395425

epoch: 1008
train: 0.37563354419549305
validation: 0.3482989412774348
test: 0.39656355094537354

epoch: 1009
train: 0.37551063468192275
validation: 0.34819636194795306
test: 0.39644001792992295

epoch: 1010
train: 0.37538783579390556
validation: 0.3480938759877542
test: 0.39631659221239013

epoch: 1011
train: 0.37526514742102396
validation: 0.3479914833050352
test: 0.39619327372734525

epoch: 1012
train: 0.37514256945302993
validation: 0.3478891838081189
test: 0.39607006240914266

epoch: 1013
train: 0.3750201017798441
validation: 0.34778697740545417
test: 0.3959469581919221

epoch: 1014
train: 0.37489774429155354
validation: 0.34768486400561394
test: 0.39582396100961137

epoch: 1015
train: 0.37477549687841166
validation: 0.34758284351729585
test: 0.3957010707959282

epoch: 1016
train: 0.37465335943083655
validation: 0.34748091584932
test: 0.39557828748438195

epoch: 1017
train: 0.37453133183940895
validation: 0.34737908091062814
test: 0.3954556110082752

epoch: 1018
train: 0.3744094139948729
validation: 0.3472773386102836
test: 0.3953330413007062

epoch: 1019
train: 0.3742876057881342
validation: 0.3471756888574695
test: 0.39521057829457096

epoch: 1020
train: 0.37416590711025915
validation: 0.3470741315614896
test: 0.3950882219225639

epoch: 1021
train: 0.37404431785247183
validation: 0.346972666631765
test: 0.3949659721171815

epoch: 1022
train: 0.37392283790615577
validation: 0.34687129397783534
test: 0.3948438288107224

epoch: 1023
train: 0.37380146716285195
validation: 0.3467700135093571
test: 0.39472179193529006

epoch: 1024
train: 0.3736802055142569
validation: 0.3466688251361033
test: 0.39459986142279563

epoch: 1025
train: 0.3735590528522229
validation: 0.3465677287679623
test: 0.39447803720495767

epoch: 1026
train: 0.37343800906875646
validation: 0.34646672431493736
test: 0.39435631921330544

epoch: 1027
train: 0.37331707405601744
validation: 0.346365811687145
test: 0.39423470737918065

epoch: 1028
train: 0.3731962477063177
validation: 0.3462649907948163
test: 0.3941132016337386

epoch: 1029
train: 0.37307552991212156
validation: 0.3461642615482941
test: 0.3939918019079502

epoch: 1030
train: 0.37295492056604224
validation: 0.3460636238580337
test: 0.39387050813260466

epoch: 1031
train: 0.37283441956084484
validation: 0.3459630776346011
test: 0.3937493202383101

epoch: 1032
train: 0.3727140267894411
validation: 0.34586262278867247
test: 0.39362823815549597

epoch: 1033
train: 0.3725937421448908
validation: 0.3457622592310352
test: 0.39350726181441426

epoch: 1034
train: 0.3724735655204023
validation: 0.3456619868725844
test: 0.3933863911451423

epoch: 1035
train: 0.37235349680933005
validation: 0.3455618056243248
test: 0.3932656260775837

epoch: 1036
train: 0.37223353590517183
validation: 0.3454617153973682
test: 0.3931449665414697

epoch: 1037
train: 0.3721136827015715
validation: 0.34536171610293476
test: 0.3930244124663623

epoch: 1038
train: 0.3719939370923156
validation: 0.34526180765235015
test: 0.3929039637816548

epoch: 1039
train: 0.3718742989713352
validation: 0.34516198995704683
test: 0.3927836204165739

epoch: 1040
train: 0.37175476823270176
validation: 0.34506226292856257
test: 0.3926633823001816

epoch: 1041
train: 0.3716353447706287
validation: 0.34496262647854015
test: 0.3925432493613764

epoch: 1042
train: 0.37151602847947013
validation: 0.34486308051872633
test: 0.39242322152889586

epoch: 1043
train: 0.3713968192537194
validation: 0.344763624960972
test: 0.3923032987313172

epoch: 1044
train: 0.3712777169880092
validation: 0.34466425971723136
test: 0.3921834808970599

epoch: 1045
train: 0.37115872157711105
validation: 0.3445649846995611
test: 0.3920637679543872

epoch: 1046
train: 0.37103983291593295
validation: 0.3444657998201196
test: 0.39194415983140707

epoch: 1047
train: 0.3709210508995206
validation: 0.3443667049911676
test: 0.3918246564560748

epoch: 1048
train: 0.3708023754230555
validation: 0.34426770012506674
test: 0.39170525775619375

epoch: 1049
train: 0.3706838063818544
validation: 0.34416878513427895
test: 0.39158596365941784

epoch: 1050
train: 0.37056534367136906
validation: 0.3440699599313662
test: 0.39146677409325326

epoch: 1051
train: 0.37044698718718516
validation: 0.3439712244289904
test: 0.3913476889850588

epoch: 1052
train: 0.3703287368250226
validation: 0.34387257853991254
test: 0.391228708262048

epoch: 1053
train: 0.3702105924807328
validation: 0.343774022176992
test: 0.3911098318512924

epoch: 1054
train: 0.3700925540503002
validation: 0.3436755552531862
test: 0.39099105967972075

epoch: 1055
train: 0.3699746214298391
validation: 0.34357717768155077
test: 0.39087239167412224

epoch: 1056
train: 0.36985679451559733
validation: 0.34347888937523813
test: 0.39075382776114626

epoch: 1057
train: 0.36973907320395094
validation: 0.34338069024749746
test: 0.3906353678673069

epoch: 1058
train: 0.3696214573914056
validation: 0.34328258021167446
test: 0.39051701191898147

epoch: 1059
train: 0.3695039469745969
validation: 0.3431845591812111
test: 0.3903987598424139

epoch: 1060
train: 0.3693865418502888
validation: 0.3430866270696447
test: 0.3902806115637156

epoch: 1061
train: 0.3692692419153722
validation: 0.34298878379060643
test: 0.390162567008867

epoch: 1062
train: 0.36915204706686544
validation: 0.34289102925782416
test: 0.3900446261037195

epoch: 1063
train: 0.3690349572019145
validation: 0.3427933633851187
test: 0.38992678877399645

epoch: 1064
train: 0.36891797221779005
validation: 0.3426957860864051
test: 0.389809054945295

epoch: 1065
train: 0.36880109201188915
validation: 0.3425982972756918
test: 0.3896914245430876

epoch: 1066
train: 0.36868431648173383
validation: 0.3425008968670803
test: 0.38957389749272286

epoch: 1067
train: 0.3685676455249705
validation: 0.342403584774765
test: 0.3894564737194281

epoch: 1068
train: 0.36845107903936913
validation: 0.3423063609130326
test: 0.3893391531483101

epoch: 1069
train: 0.3683346169228232
validation: 0.34220922519626157
test: 0.3892219357043565

epoch: 1070
train: 0.3682182590733497
validation: 0.34211217753892215
test: 0.3891048213124379

epoch: 1071
train: 0.3681020053890873
validation: 0.34201521785557587
test: 0.3889878098973085

epoch: 1072
train: 0.3679858557682964
validation: 0.341918346060875
test: 0.38887090138360797

epoch: 1073
train: 0.3678698101093591
validation: 0.3418215620695631
test: 0.38875409569586306

epoch: 1074
train: 0.36775386831077905
validation: 0.3417248657964725
test: 0.3886373927584887

epoch: 1075
train: 0.36763803027117836
validation: 0.34162825715652695
test: 0.38852079249578936

epoch: 1076
train: 0.367522295889301
validation: 0.3415317360647388
test: 0.38840429483195993

epoch: 1077
train: 0.36740666506400926
validation: 0.34143530243620973
test: 0.3882878996910894

epoch: 1078
train: 0.3672911376942848
validation: 0.3413389561861314
test: 0.38817160699715897

epoch: 1079
train: 0.36717571367922736
validation: 0.3412426972297825
test: 0.388055416674046

epoch: 1080
train: 0.3670603929180558
validation: 0.3411465254825312
test: 0.38793932864552433

epoch: 1081
train: 0.36694517531010523
validation: 0.34105044085983316
test: 0.38782334283526515

epoch: 1082
train: 0.3668300607548281
validation: 0.340954443277232
test: 0.3877074591668394

epoch: 1083
train: 0.3667150491517943
validation: 0.34085853265035865
test: 0.3875916775637188

epoch: 1084
train: 0.3666001404006898
validation: 0.34076270889493104
test: 0.3874759979492766

epoch: 1085
train: 0.36648533440131603
validation: 0.3406669719267544
test: 0.3873604202467898

epoch: 1086
train: 0.3663706310535903
validation: 0.34057132166171983
test: 0.3872449443794392

epoch: 1087
train: 0.36625603025754494
validation: 0.34047575801580554
test: 0.3871295702703121

epoch: 1088
train: 0.3661415319133258
validation: 0.34038028090507527
test: 0.38701429784240343

epoch: 1089
train: 0.3660271359211948
validation: 0.3402848902456786
test: 0.3868991270186156

epoch: 1090
train: 0.3659128421815259
validation: 0.3401895859538506
test: 0.38678405772176144

epoch: 1091
train: 0.3657986505948078
validation: 0.34009436794591164
test: 0.38666908987456444

epoch: 1092
train: 0.3656845610616417
validation: 0.3399992361382669
test: 0.3865542233996607

epoch: 1093
train: 0.36557057348274147
validation: 0.33990419044740655
test: 0.38643945821959946

epoch: 1094
train: 0.36545668775893286
validation: 0.3398092307899056
test: 0.3863247942568455

epoch: 1095
train: 0.36534290379115375
validation: 0.33971435708242226
test: 0.3862102314337787

epoch: 1096
train: 0.3652292214804542
validation: 0.33961956924169984
test: 0.38609576967269693

epoch: 1097
train: 0.3651156407279941
validation: 0.3395248671845647
test: 0.3859814088958162

epoch: 1098
train: 0.36500216143504627
validation: 0.33943025082792694
test: 0.38586714902527225

epoch: 1099
train: 0.3648887835029907
validation: 0.33933572008878043
test: 0.38575298998312185

epoch: 1100
train: 0.36477550683332105
validation: 0.33924127488420175
test: 0.3856389316913438

epoch: 1101
train: 0.3646623313276379
validation: 0.33914691513134987
test: 0.38552497407184

epoch: 1102
train: 0.3645492568876534
validation: 0.3390526407474673
test: 0.38541111704643743

epoch: 1103
train: 0.3644362834151868
validation: 0.3389584516498788
test: 0.3852973605368879

epoch: 1104
train: 0.36432341081216757
validation: 0.3388643477559908
test: 0.3851837044648707

epoch: 1105
train: 0.36421063898063255
validation: 0.33877032898329235
test: 0.38507014875199264

epoch: 1106
train: 0.36409796782272724
validation: 0.3386763952493539
test: 0.3849566933197898

epoch: 1107
train: 0.3639853972407052
validation: 0.3385825464718281
test: 0.3848433380897287

epoch: 1108
train: 0.3638729271369266
validation: 0.3384887825684484
test: 0.38473008298320716

epoch: 1109
train: 0.3637605574138587
validation: 0.3383951034570293
test: 0.38461692792155533

epoch: 1110
train: 0.363648287974077
validation: 0.33830150905546763
test: 0.3845038728260373

epoch: 1111
train: 0.3635361187202611
validation: 0.3382079992817398
test: 0.38439091761785144

epoch: 1112
train: 0.3634240495551986
validation: 0.338114574053903
test: 0.3842780622181325

epoch: 1113
train: 0.36331208038178275
validation: 0.33802123329009537
test: 0.38416530654795183

epoch: 1114
train: 0.3632002111030119
validation: 0.3379279769085351
test: 0.38405265052831905

epoch: 1115
train: 0.36308844162199017
validation: 0.33783480482752043
test: 0.3839400940801826

epoch: 1116
train: 0.362976771841926
validation: 0.3377417169654298
test: 0.38382763712443146

epoch: 1117
train: 0.3628652016661338
validation: 0.33764871324072104
test: 0.3837152795818955

epoch: 1118
train: 0.3627537309980305
validation: 0.3375557935719315
test: 0.38360302137334695

epoch: 1119
train: 0.3626423597411383
validation: 0.3374629578776785
test: 0.3834908624195016

epoch: 1120
train: 0.36253108779908466
validation: 0.3373702060766582
test: 0.38337880264101937

epoch: 1121
train: 0.36241991507559806
validation: 0.3372775380876456
test: 0.383266841958506

epoch: 1122
train: 0.36230884147451153
validation: 0.3371849538294956
test: 0.3831549802925134

epoch: 1123
train: 0.36219786689976174
validation: 0.33709245322114023
test: 0.3830432175635406

epoch: 1124
train: 0.3620869912553873
validation: 0.3370000361815919
test: 0.38293155369203574

epoch: 1125
train: 0.36197621444552824
validation: 0.33690770262994035
test: 0.3828199885983961

epoch: 1126
train: 0.361865536374431
validation: 0.3368154524853537
test: 0.38270852220296975

epoch: 1127
train: 0.36175495694643833
validation: 0.33672328566707854
test: 0.3825971544260557

epoch: 1128
train: 0.3616444760660001
validation: 0.3366312020944396
test: 0.3824858851879058

epoch: 1129
train: 0.36153409363766364
validation: 0.33653920168683893
test: 0.3823747144087253

epoch: 1130
train: 0.3614238095660797
validation: 0.3364472843637563
test: 0.3822636420086736

epoch: 1131
train: 0.3613136237559996
validation: 0.33635545004474954
test: 0.3821526679078659

epoch: 1132
train: 0.3612035361122756
validation: 0.33626369864945366
test: 0.38204179202637345

epoch: 1133
train: 0.3610935465398605
validation: 0.3361720300975807
test: 0.3819310142842246

epoch: 1134
train: 0.360983654943806
validation: 0.33608044430891965
test: 0.381820334601406

epoch: 1135
train: 0.36087386122926585
validation: 0.3359889412033375
test: 0.38170975289786385

epoch: 1136
train: 0.36076416530149386
validation: 0.33589752070077694
test: 0.3815992690935034

epoch: 1137
train: 0.3606545670658406
validation: 0.33580618272125834
test: 0.38148888310819207

epoch: 1138
train: 0.3605450664277593
validation: 0.33571492718487794
test: 0.3813785948617586

epoch: 1139
train: 0.3604356632927998
validation: 0.3356237540118086
test: 0.3812684042739942

epoch: 1140
train: 0.3603263575666123
validation: 0.3355326631223002
test: 0.3811583112646545

epoch: 1141
train: 0.3602171491549458
validation: 0.33544165443667756
test: 0.381048315753459

epoch: 1142
train: 0.3601080379636475
validation: 0.3353507278753426
test: 0.38093841766009334

epoch: 1143
train: 0.3599990238986618
validation: 0.3352598833587731
test: 0.38082861690420855

epoch: 1144
train: 0.359890106866033
validation: 0.3351691208075224
test: 0.3807189134054242

epoch: 1145
train: 0.35978128677190163
validation: 0.3350784401422195
test: 0.380609307083327

epoch: 1146
train: 0.3596725635225075
validation: 0.3349878412835692
test: 0.3804997978574726

epoch: 1147
train: 0.35956393702418643
validation: 0.33489732415235174
test: 0.3803903856473871

epoch: 1148
train: 0.35945540718337166
validation: 0.3348068886694229
test: 0.3802810703725663

epoch: 1149
train: 0.3593469739065945
validation: 0.33471653475571345
test: 0.38017185195247855

epoch: 1150
train: 0.3592386371004821
validation: 0.33462626233222925
test: 0.3800627303065637

epoch: 1151
train: 0.35913039667175817
validation: 0.33453607132005164
test: 0.379953705354235

epoch: 1152
train: 0.35902225252724296
validation: 0.3344459616403364
test: 0.3798447770148795

epoch: 1153
train: 0.35891420457385387
validation: 0.3343559332143139
test: 0.3797359452078596

epoch: 1154
train: 0.35880625271860295
validation: 0.33426598596329055
test: 0.37962720985251247

epoch: 1155
train: 0.3586983968685997
validation: 0.33417611980864564
test: 0.37951857086815244

epoch: 1156
train: 0.35859063693104776
validation: 0.33408633467183413
test: 0.37941002817407055

epoch: 1157
train: 0.3584829728132457
validation: 0.33399663047438477
test: 0.3793015816895355

epoch: 1158
train: 0.35837540442259036
validation: 0.33390700713790084
test: 0.37919323133379546

epoch: 1159
train: 0.35826793166657017
validation: 0.3338174645840594
test: 0.3790849770260778

epoch: 1160
train: 0.3581605544527712
validation: 0.33372800273461267
test: 0.3789768186855902

epoch: 1161
train: 0.3580532726888727
validation: 0.33363862151138546
test: 0.3788687562315213

epoch: 1162
train: 0.35794608628264885
validation: 0.3335493208362774
test: 0.37876078958304144

epoch: 1163
train: 0.35783899514196843
validation: 0.3334601006312617
test: 0.37865291865930406

epoch: 1164
train: 0.3577319991747937
validation: 0.33337096081838496
test: 0.3785451433794455

epoch: 1165
train: 0.35762509828918176
validation: 0.33328190131976754
test: 0.37843746366258635

epoch: 1166
train: 0.35751829239328364
validation: 0.3331929220576033
test: 0.37832987942783153

epoch: 1167
train: 0.3574115813953427
validation: 0.33310402295416003
test: 0.37822239059427215

epoch: 1168
train: 0.35730496520369703
validation: 0.33301520393177764
test: 0.3781149970809853

epoch: 1169
train: 0.3571984437267782
validation: 0.33292646491287037
test: 0.37800769880703444

epoch: 1170
train: 0.35709201687311015
validation: 0.3328378058199247
test: 0.377900495691472

epoch: 1171
train: 0.3569856845513099
validation: 0.33274922657550143
test: 0.37779338765333753

epoch: 1172
train: 0.3568794466700879
validation: 0.3326607271022325
test: 0.3776863746116605

epoch: 1173
train: 0.3567733031382468
validation: 0.3325723073228242
test: 0.37757945648545965

epoch: 1174
train: 0.35666725386468184
validation: 0.3324839671600551
test: 0.37747263319374424

epoch: 1175
train: 0.35656129875838055
validation: 0.3323957065367764
test: 0.37736590465551517

epoch: 1176
train: 0.3564554377284224
validation: 0.3323075253759117
test: 0.3772592707897645

epoch: 1177
train: 0.35634967068397977
validation: 0.3322194236004569
test: 0.37715273151547696

epoch: 1178
train: 0.3562439975343155
validation: 0.33213140113348155
test: 0.377046286751631

epoch: 1179
train: 0.35613841818878594
validation: 0.3320434578981265
test: 0.3769399364171984

epoch: 1180
train: 0.35603293255683705
validation: 0.33195559381760487
test: 0.3768336804311451

epoch: 1181
train: 0.3559275405480082
validation: 0.33186780881520217
test: 0.37672751871243293

epoch: 1182
train: 0.355822242071928
validation: 0.33178010281427583
test: 0.37662145118001933

epoch: 1183
train: 0.3557170370383176
validation: 0.33169247573825617
test: 0.37651547775285776

epoch: 1184
train: 0.355611925356988
validation: 0.33160492751064385
test: 0.37640959834989884

epoch: 1185
train: 0.35550690693784226
validation: 0.331517458055013
test: 0.376303812890091

epoch: 1186
train: 0.35540198169087306
validation: 0.3314300672950082
test: 0.37619812129238145

epoch: 1187
train: 0.3552971495261647
validation: 0.3313427551543464
test: 0.3760925234757154

epoch: 1188
train: 0.35519241035389026
validation: 0.3312555215568166
test: 0.37598701935903844

epoch: 1189
train: 0.35508776408431386
validation: 0.3311683664262782
test: 0.37588160886129596

epoch: 1190
train: 0.3549832106277901
validation: 0.331081289686663
test: 0.3757762919014335

epoch: 1191
train: 0.3548787498947632
validation: 0.33099429126197377
test: 0.37567106839839987

epoch: 1192
train: 0.3547743817957667
validation: 0.33090737107628476
test: 0.37556593827114343

epoch: 1193
train: 0.3546701062414237
validation: 0.33082052905374104
test: 0.3754609014386166

epoch: 1194
train: 0.3545659231424486
validation: 0.3307337651185596
test: 0.37535595781977477

epoch: 1195
train: 0.35446183240964296
validation: 0.3306470791950281
test: 0.37525110733357664

epoch: 1196
train: 0.3543578339538988
validation: 0.330560471207505
test: 0.37514634989898543

epoch: 1197
train: 0.3542539276861964
validation: 0.3304739410804198
test: 0.37504168543496935

epoch: 1198
train: 0.35415011351760595
validation: 0.33038748873827306
test: 0.3749371138605015

epoch: 1199
train: 0.35404639135928595
validation: 0.3303011141056368
test: 0.37483263509456205

epoch: 1200
train: 0.35394276112248363
validation: 0.33021481710715206
test: 0.3747282490561362

epoch: 1201
train: 0.3538392227185351
validation: 0.33012859766753194
test: 0.37462395566421763

epoch: 1202
train: 0.3537357760588638
validation: 0.3300424557115598
test: 0.3745197548378071

epoch: 1203
train: 0.353632421054983
validation: 0.32995639116408937
test: 0.37441564649591336

epoch: 1204
train: 0.35352915761849335
validation: 0.32987040395004463
test: 0.374311630557554

epoch: 1205
train: 0.3534259856610836
validation: 0.3297844939944209
test: 0.37420770694175626

epoch: 1206
train: 0.35332290509453
validation: 0.32969866122228214
test: 0.3741038755675565

epoch: 1207
train: 0.3532199158306974
validation: 0.3296129055587642
test: 0.37400013635400237

epoch: 1208
train: 0.35311701778153803
validation: 0.3295272269290722
test: 0.3738964892201512

epoch: 1209
train: 0.3530142108590911
validation: 0.32944162525848153
test: 0.3737929340850723

epoch: 1210
train: 0.35291149497548463
validation: 0.32935610047233815
test: 0.37368947086784676

epoch: 1211
train: 0.35280887004293204
validation: 0.3292706524960568
test: 0.37358609948756794

epoch: 1212
train: 0.3527063359737346
validation: 0.32918528125512353
test: 0.3734828198633423

epoch: 1213
train: 0.3526038926802817
validation: 0.32909998667509327
test: 0.37337963191428974

epoch: 1214
train: 0.35250154007504864
validation: 0.32901476868159113
test: 0.3732765355595434

epoch: 1215
train: 0.35239927807059723
validation: 0.3289296272003117
test: 0.3731735307182511

epoch: 1216
train: 0.35229710657957636
validation: 0.32884456215701974
test: 0.37307061730957586

epoch: 1217
train: 0.35219502551472237
validation: 0.3287595734775488
test: 0.37296779525269536

epoch: 1218
train: 0.35209303478885645
validation: 0.32867466108780213
test: 0.3728650644668038

epoch: 1219
train: 0.3519911343148868
validation: 0.32858982491375366
test: 0.37276242487111094

epoch: 1220
train: 0.35188932400580814
validation: 0.3285050648814447
test: 0.37265987638484377

epoch: 1221
train: 0.35178760377470103
validation: 0.3284203809169875
test: 0.37255741892724625

epoch: 1222
train: 0.351685973534732
validation: 0.32833577294656247
test: 0.37245505241758

epoch: 1223
train: 0.35158443319915256
validation: 0.32825124089642077
test: 0.37235277677512496

epoch: 1224
train: 0.3514829826813018
validation: 0.32816678469288085
test: 0.37225059191917925

epoch: 1225
train: 0.3513816218946028
validation: 0.328082404262331
test: 0.37214849776906017

epoch: 1226
train: 0.35128035075256553
validation: 0.3279980995312292
test: 0.372046494244105

epoch: 1227
train: 0.35117916916878383
validation: 0.3279138704261012
test: 0.37194458126367

epoch: 1228
train: 0.3510780770569374
validation: 0.32782971687354306
test: 0.37184275874713263

epoch: 1229
train: 0.3509770743307924
validation: 0.3277456388002179
test: 0.37174102661389025

epoch: 1230
train: 0.3508761609041973
validation: 0.32766163613285937
test: 0.37163938478336245

epoch: 1231
train: 0.35077533669108846
validation: 0.32757770879826875
test: 0.37153783317498934

epoch: 1232
train: 0.3506746016054847
validation: 0.3274938567233162
test: 0.371436371708234

epoch: 1233
train: 0.3505739555614917
validation: 0.32741007983494064
test: 0.37133500030258126

epoch: 1234
train: 0.3504733984732983
validation: 0.32732637806014986
test: 0.37123371887753964

epoch: 1235
train: 0.35037293025517857
validation: 0.3272427513260193
test: 0.3711325273526404

epoch: 1236
train: 0.35027255082148945
validation: 0.3271591995596931
test: 0.3710314256474382

epoch: 1237
train: 0.3501722600866747
validation: 0.3270757226883844
test: 0.37093041368151236

epoch: 1238
train: 0.35007205796526014
validation: 0.32699232063937356
test: 0.3708294913744667

epoch: 1239
train: 0.3499719443718563
validation: 0.32690899334001045
test: 0.3707286586459295

epoch: 1240
train: 0.34987191922115873
validation: 0.32682574071771175
test: 0.3706279154155547

epoch: 1241
train: 0.34977198242794544
validation: 0.3267425626999635
test: 0.37052726160302174

epoch: 1242
train: 0.3496721339070787
validation: 0.32665945921431916
test: 0.37042669712803633

epoch: 1243
train: 0.3495723735735047
validation: 0.3265764301884004
test: 0.3703262219103304

epoch: 1244
train: 0.3494727013422524
validation: 0.32649347554989644
test: 0.37022583586966273

epoch: 1245
train: 0.3493731171284355
validation: 0.326410595226565
test: 0.37012553892581934

epoch: 1246
train: 0.34927362084724967
validation: 0.3263277891462311
test: 0.37002533099861373

epoch: 1247
train: 0.3491742124139748
validation: 0.3262450572367884
test: 0.3699252120078874

epoch: 1248
train: 0.34907489174397355
validation: 0.326162399426197
test: 0.36982518187351054

epoch: 1249
train: 0.34897565875269193
validation: 0.3260798156424858
test: 0.3697252405153814

epoch: 1250
train: 0.34887651335565856
validation: 0.32599730581375075
test: 0.36962538785342736

epoch: 1251
train: 0.3487774554684844
validation: 0.3259148698681553
test: 0.3695256238076056

epoch: 1252
train: 0.34867848500686394
validation: 0.3258325077339312
test: 0.3694259482979026

epoch: 1253
train: 0.34857960188657455
validation: 0.32575021933937626
test: 0.369326361244335

epoch: 1254
train: 0.3484808060234754
validation: 0.3256680046128568
test: 0.36922686256695

epoch: 1255
train: 0.3483820973335082
validation: 0.3255858634828064
test: 0.3691274521858254

epoch: 1256
train: 0.34828347573269747
validation: 0.325503795877725
test: 0.3690281300210702

epoch: 1257
train: 0.3481849411371496
validation: 0.3254218017261812
test: 0.3689288959928248

epoch: 1258
train: 0.34808649346305326
validation: 0.3253398809568093
test: 0.36882975002126156

epoch: 1259
train: 0.34798813262667877
validation: 0.3252580334983118
test: 0.36873069202658465

epoch: 1260
train: 0.34788985854437965
validation: 0.3251762592794577
test: 0.3686317219290307

epoch: 1261
train: 0.34779167113258935
validation: 0.3250945582290831
test: 0.36853283964886924

epoch: 1262
train: 0.34769357030782444
validation: 0.32501293027609085
test: 0.3684340451064029

epoch: 1263
train: 0.3475955559866833
validation: 0.32493137534945166
test: 0.3683353382219675

epoch: 1264
train: 0.34749762808584445
validation: 0.3248498933782015
test: 0.36823671891593285

epoch: 1265
train: 0.34739978652206976
validation: 0.32476848429144467
test: 0.36813818710870205

epoch: 1266
train: 0.34730203121220143
validation: 0.3246871480183509
test: 0.3680397427207137

epoch: 1267
train: 0.34720436207316274
validation: 0.3246058844881575
test: 0.3679413856724401

epoch: 1268
train: 0.3471067790219588
validation: 0.3245246936301684
test: 0.3678431158843888

epoch: 1269
train: 0.34700928197567493
validation: 0.3244435753737533
test: 0.36774493327710245

epoch: 1270
train: 0.34691187085147845
validation: 0.324362529648349
test: 0.3676468377711595

epoch: 1271
train: 0.34681454556661734
validation: 0.32428155638345874
test: 0.36754882928717364

epoch: 1272
train: 0.3467173060384197
validation: 0.3242006555086523
test: 0.36745090774579575

epoch: 1273
train: 0.3466201521842956
validation: 0.32411982695356484
test: 0.3673530730677117

epoch: 1274
train: 0.34652308392173437
validation: 0.3240390706478994
test: 0.36725532517364545

epoch: 1275
train: 0.3464261011683066
validation: 0.323958386521424
test: 0.3671576639843567

epoch: 1276
train: 0.3463292038416638
validation: 0.32387777450397326
test: 0.36706008942064333

epoch: 1277
train: 0.3462323918595363
validation: 0.3237972345254482
test: 0.3669626014033401

epoch: 1278
train: 0.34613566513973676
validation: 0.32371676651581566
test: 0.36686519985331995

epoch: 1279
train: 0.3460390236001562
validation: 0.3236363704051082
test: 0.3667678846914937

epoch: 1280
train: 0.34594246715876714
validation: 0.3235560461234247
test: 0.36667065583881087

epoch: 1281
train: 0.3458459957336206
validation: 0.32347579360093026
test: 0.3665735132162589

epoch: 1282
train: 0.34574960924284887
validation: 0.32339561276785533
test: 0.36647645674486484

epoch: 1283
train: 0.345653307604663
validation: 0.3233155035544964
test: 0.36637948634569434

epoch: 1284
train: 0.345557090737355
validation: 0.3232354658912158
test: 0.36628260193985296

epoch: 1285
train: 0.34546095855929554
validation: 0.32315549970844126
test: 0.36618580344848506

epoch: 1286
train: 0.3453649109889345
validation: 0.32307560493666637
test: 0.36608909079277585

epoch: 1287
train: 0.3452689479448029
validation: 0.32299578150645025
test: 0.3659924638939502

epoch: 1288
train: 0.345173069345509
validation: 0.3229160293484179
test: 0.36589592267327326

epoch: 1289
train: 0.3450772751097421
validation: 0.32283634839325964
test: 0.3657994670520513

epoch: 1290
train: 0.34498156515626993
validation: 0.3227567385717309
test: 0.3657030969516312

epoch: 1291
train: 0.3448859394039388
validation: 0.3226771998146526
test: 0.36560681229340103

epoch: 1292
train: 0.34479039777167525
validation: 0.3225977320529114
test: 0.36551061299879

epoch: 1293
train: 0.34469494017848373
validation: 0.32251833521745926
test: 0.3654144989892692

epoch: 1294
train: 0.3445995665434482
validation: 0.3224390092393127
test: 0.36531847018635183

epoch: 1295
train: 0.3445042767857309
validation: 0.32235975404955397
test: 0.3652225265115924

epoch: 1296
train: 0.3444090708245738
validation: 0.3222805695793305
test: 0.36512666788658865

epoch: 1297
train: 0.3443139485792959
validation: 0.3222014557598542
test: 0.36503089423297974

epoch: 1298
train: 0.34421890996929533
validation: 0.3221224125224031
test: 0.36493520547244884

epoch: 1299
train: 0.3441239549140491
validation: 0.3220434397983189
test: 0.3648396015267209

epoch: 1300
train: 0.34402908333311166
validation: 0.32196453751900916
test: 0.36474408231756544

epoch: 1301
train: 0.3439342951461179
validation: 0.321885705615946
test: 0.3646486477667941

epoch: 1302
train: 0.34383959027277733
validation: 0.32180694402066645
test: 0.36455329779626255

epoch: 1303
train: 0.34374496863288023
validation: 0.321728252664772
test: 0.364458032327871

epoch: 1304
train: 0.3436504301462943
validation: 0.3216496314799289
test: 0.3643628512835627

epoch: 1305
train: 0.3435559747329652
validation: 0.3215710803978689
test: 0.3642677545853258

epoch: 1306
train: 0.34346160231291495
validation: 0.3214925993503872
test: 0.36417274215519274

epoch: 1307
train: 0.34336731280624583
validation: 0.321414188269344
test: 0.364077813915241

epoch: 1308
train: 0.34327310613313616
validation: 0.3213358470866644
test: 0.36398296978759226

epoch: 1309
train: 0.3431789822138421
validation: 0.3212575757343373
test: 0.3638882096944137

epoch: 1310
train: 0.3430849409686976
validation: 0.32117937414441644
test: 0.36379353355791777

epoch: 1311
train: 0.3429909823181134
validation: 0.3211012422490199
test: 0.3636989413003627

epoch: 1312
train: 0.34289710618257835
validation: 0.3210231799803295
test: 0.36360443284405136

epoch: 1313
train: 0.3428033124826581
validation: 0.3209451872705923
test: 0.36351000811133394

epoch: 1314
train: 0.34270960113899573
validation: 0.3208672640521187
test: 0.36341566702460565

epoch: 1315
train: 0.3426159720723111
validation: 0.32078941025728375
test: 0.36332140950630865

epoch: 1316
train: 0.342522425203401
validation: 0.32071162581852614
test: 0.3632272354789302

epoch: 1317
train: 0.34242896045313975
validation: 0.3206339106683489
test: 0.36313314486500625

epoch: 1318
train: 0.34233557774247825
validation: 0.3205562647393191
test: 0.3630391375871179

epoch: 1319
train: 0.3422422769924437
validation: 0.32047868796406764
test: 0.3629452135678938

epoch: 1320
train: 0.34214905812414026
validation: 0.3204011802752892
test: 0.3628513727300096

epoch: 1321
train: 0.3420559210587495
validation: 0.3203237416057424
test: 0.3627576149961888

epoch: 1322
train: 0.34196286571752776
validation: 0.3202463718882496
test: 0.36266394028920185

epoch: 1323
train: 0.34186989202180995
validation: 0.3201690710556972
test: 0.3625703485318669

epoch: 1324
train: 0.34177699989300514
validation: 0.32009183904103483
test: 0.3624768396470506

epoch: 1325
train: 0.3416841892526001
validation: 0.3200146757772757
test: 0.36238341355766657

epoch: 1326
train: 0.3415914600221575
validation: 0.3199375811974971
test: 0.3622900701866776

epoch: 1327
train: 0.34149881212331695
validation: 0.3198605552348394
test: 0.3621968094570945

epoch: 1328
train: 0.34140624547779197
validation: 0.31978359782250687
test: 0.36210363129197654

epoch: 1329
train: 0.34131376000737407
validation: 0.3197067088937668
test: 0.36201053561443164

epoch: 1330
train: 0.34122135563392963
validation: 0.3196298883819498
test: 0.36191752234761654

epoch: 1331
train: 0.3411290322794012
validation: 0.31955313622045
test: 0.3618245914147371

epoch: 1332
train: 0.34103678986580716
validation: 0.319476452342725
test: 0.3617317427390484

epoch: 1333
train: 0.34094462831524097
validation: 0.31939983668229555
test: 0.3616389762438549

epoch: 1334
train: 0.340852547549872
validation: 0.3193232891727447
test: 0.3615462918525098

epoch: 1335
train: 0.34076054749194556
validation: 0.3192468097477202
test: 0.3614536894884172

epoch: 1336
train: 0.3406686280637816
validation: 0.3191703983409312
test: 0.36136116907502996

epoch: 1337
train: 0.3405767891877759
validation: 0.31909405488615084
test: 0.361268730535851

epoch: 1338
train: 0.3404850307863995
validation: 0.31901777931721553
test: 0.3611763737944335

epoch: 1339
train: 0.34039335278219823
validation: 0.3189415715680236
test: 0.3610840987743812

epoch: 1340
train: 0.3403017550977926
validation: 0.31886543157253666
test: 0.36099190539934745

epoch: 1341
train: 0.3402102376558808
validation: 0.3187893592647795
test: 0.3608997935930365

epoch: 1342
train: 0.34011880037923214
validation: 0.3187133545788392
test: 0.36080776327920305

epoch: 1343
train: 0.3400274431906934
validation: 0.3186374174488656
test: 0.3607158143816529

epoch: 1344
train: 0.33993616601318477
validation: 0.3185615478090714
test: 0.36062394682424226

epoch: 1345
train: 0.3398449687697027
validation: 0.31848574559373144
test: 0.3605321605308791

epoch: 1346
train: 0.33975385138331676
validation: 0.3184100107371839
test: 0.36044045542552183

epoch: 1347
train: 0.3396628137771718
validation: 0.31833434317382897
test: 0.3603488314321805

epoch: 1348
train: 0.3395718558744871
validation: 0.31825874283812894
test: 0.36025728847491645

epoch: 1349
train: 0.33948097759855655
validation: 0.31818320966460895
test: 0.3601658264778429

epoch: 1350
train: 0.3393901788727471
validation: 0.31810774358785643
test: 0.3600744453651246

epoch: 1351
train: 0.33929945962050234
validation: 0.3180323445425213
test: 0.3599831450609778

epoch: 1352
train: 0.3392088197653382
validation: 0.31795701246331515
test: 0.35989192548967086

epoch: 1353
train: 0.3391182592308451
validation: 0.31788174728501245
test: 0.35980078657552467

epoch: 1354
train: 0.33902777794068745
validation: 0.31780654894244925
test: 0.3597097282429114

epoch: 1355
train: 0.3389373758186038
validation: 0.31773141737052385
test: 0.3596187504162565

epoch: 1356
train: 0.33884705278840643
validation: 0.31765635250419655
test: 0.35952785302003754

epoch: 1357
train: 0.3387568087739823
validation: 0.3175813542784904
test: 0.35943703597878385

epoch: 1358
train: 0.3386666436992905
validation: 0.3175064226284886
test: 0.35934629921707806

epoch: 1359
train: 0.3385765574883651
validation: 0.3174315574893382
test: 0.35925564265955623

epoch: 1360
train: 0.33848655006531336
validation: 0.3173567587962468
test: 0.35916506623090605

epoch: 1361
train: 0.3383966213543156
validation: 0.3172820264844844
test: 0.35907456985586894

epoch: 1362
train: 0.33830677127962594
validation: 0.31720736048938225
test: 0.35898415345923895

epoch: 1363
train: 0.33821699976557273
validation: 0.31713276074633373
test: 0.35889381696586387

epoch: 1364
train: 0.33812730673655517
validation: 0.31705822719079396
test: 0.3588035603006443

epoch: 1365
train: 0.3380376921170487
validation: 0.316983759758279
test: 0.35871338338853487

epoch: 1366
train: 0.3379481558316006
validation: 0.31690935838436657
test: 0.35862328615454303

epoch: 1367
train: 0.3378586978048294
validation: 0.3168350230046965
test: 0.3585332685237304

epoch: 1368
train: 0.33776931796142984
validation: 0.31676075355496913
test: 0.35844333042121185

epoch: 1369
train: 0.3376800162261673
validation: 0.3166865499709471
test: 0.3583534717721565

epoch: 1370
train: 0.33759079252388097
validation: 0.3166124121884541
test: 0.35826369250178725

epoch: 1371
train: 0.33750164677948236
validation: 0.31653834014337423
test: 0.35817399253538085

epoch: 1372
train: 0.3374125789179563
validation: 0.31646433377165367
test: 0.35808437179826846

epoch: 1373
train: 0.3373235888643596
validation: 0.31639039300930005
test: 0.3579948302158353

epoch: 1374
train: 0.3372346765438216
validation: 0.3163165177923813
test: 0.35790536771352044

epoch: 1375
train: 0.3371458418815447
validation: 0.31624270805702653
test: 0.3578159842168186

epoch: 1376
train: 0.3370570848028032
validation: 0.31616896373942666
test: 0.3577266796512777

epoch: 1377
train: 0.3369684052329444
validation: 0.3160952847758327
test: 0.35763745394250085

epoch: 1378
train: 0.33687980309738647
validation: 0.316021671102557
test: 0.35754830701614576

epoch: 1379
train: 0.3367912783216217
validation: 0.3159481226559724
test: 0.35745923879792474

epoch: 1380
train: 0.3367028308312128
validation: 0.3158746393725128
test: 0.3573702492136052

epoch: 1381
train: 0.3366144605517954
validation: 0.31580122118867343
test: 0.35728133818900915

epoch: 1382
train: 0.3365261674090769
validation: 0.3157278680410088
test: 0.3571925056500139

epoch: 1383
train: 0.3364379513288371
validation: 0.3156545798661358
test: 0.35710375152255186

epoch: 1384
train: 0.3363498122369259
validation: 0.3155813566007305
test: 0.35701507573261027

epoch: 1385
train: 0.3362617500592674
validation: 0.3155081981815302
test: 0.35692647820623197

epoch: 1386
train: 0.3361737647218558
validation: 0.3154351045453324
test: 0.3568379588695151

epoch: 1387
train: 0.3360858561507571
validation: 0.31536207562899576
test: 0.356749517648613

epoch: 1388
train: 0.3359980242721091
validation: 0.3152891113694384
test: 0.35666115446973473

epoch: 1389
train: 0.33591026901212145
validation: 0.31521621170363934
test: 0.3565728692591449

epoch: 1390
train: 0.3358225902970742
validation: 0.3151433765686378
test: 0.35648466194316364

epoch: 1391
train: 0.33573498805331936
validation: 0.315070605901533
test: 0.35639653244816655

epoch: 1392
train: 0.3356474622072804
validation: 0.31499789963948466
test: 0.35630848070058574

epoch: 1393
train: 0.3355600126854515
validation: 0.31492525771971275
test: 0.35622050662690846

epoch: 1394
train: 0.33547263941439864
validation: 0.3148526800794972
test: 0.3561326101536784

epoch: 1395
train: 0.33538534232075756
validation: 0.3147801666561776
test: 0.3560447912074949

epoch: 1396
train: 0.3352981213312361
validation: 0.3147077173871539
test: 0.3559570497150135

epoch: 1397
train: 0.33521097637261327
validation: 0.3146353322098864
test: 0.35586938560294584

epoch: 1398
train: 0.3351239073717376
validation: 0.31456301106189394
test: 0.3557817987980597

epoch: 1399
train: 0.3350369142555295
validation: 0.31449075388075703
test: 0.3556942892271795

epoch: 1400
train: 0.3349499969509799
validation: 0.3144185606041146
test: 0.3556068568171854

epoch: 1401
train: 0.33486315538514966
validation: 0.3143464311696659
test: 0.35551950149501454

epoch: 1402
train: 0.33477638948517074
validation: 0.3142743655151698
test: 0.35543222318766016

epoch: 1403
train: 0.33468969917824587
validation: 0.3142023635784445
test: 0.35534502182217204

epoch: 1404
train: 0.33460308439164715
validation: 0.3141304252973681
test: 0.35525789732565666

epoch: 1405
train: 0.33451654505271905
validation: 0.3140585506098781
test: 0.35517084962527706

epoch: 1406
train: 0.334430081088874
validation: 0.3139867394539718
test: 0.35508387864825264

epoch: 1407
train: 0.3343436924275955
validation: 0.3139149917677055
test: 0.3549969843218604

epoch: 1408
train: 0.3342573789964379
validation: 0.3138433074891951
test: 0.3549101665734335

epoch: 1409
train: 0.33417114072302523
validation: 0.31377168655661564
test: 0.35482342533036226

epoch: 1410
train: 0.3340849775350504
validation: 0.313700128908202
test: 0.3547367605200931

epoch: 1411
train: 0.33399888936027833
validation: 0.31362863448224726
test: 0.35465017207013105

epoch: 1412
train: 0.33391287612654147
validation: 0.3135572032171048
test: 0.35456365990803673

epoch: 1413
train: 0.3338269377617443
validation: 0.3134858350511863
test: 0.3544772239614282

epoch: 1414
train: 0.3337410741938589
validation: 0.31341452992296287
test: 0.3543908641579811

epoch: 1415
train: 0.33365528535092914
validation: 0.31334328777096526
test: 0.35430458042542734

epoch: 1416
train: 0.3335695711610667
validation: 0.3132721085337818
test: 0.3542183726915573

epoch: 1417
train: 0.3334839315524538
validation: 0.3132009921500607
test: 0.3541322408842176

epoch: 1418
train: 0.33339836645334137
validation: 0.3131299385585086
test: 0.3540461849313124

epoch: 1419
train: 0.333312875792051
validation: 0.31305894769789167
test: 0.3539602047608037

epoch: 1420
train: 0.3332274594969716
validation: 0.3129880195070344
test: 0.35387430030071065

epoch: 1421
train: 0.3331421174965638
validation: 0.31291715392481956
test: 0.35378847147910936

epoch: 1422
train: 0.33305684971935484
validation: 0.3128463508901893
test: 0.35370271822413424

epoch: 1423
train: 0.3329716560939428
validation: 0.3127756103421442
test: 0.35361704046397696

epoch: 1424
train: 0.33288653654899436
validation: 0.31270493221974305
test: 0.3535314381268865

epoch: 1425
train: 0.33280149101324497
validation: 0.3126343164621037
test: 0.3534459111411698

epoch: 1426
train: 0.33271651941549896
validation: 0.31256376300840166
test: 0.3533604594351915

epoch: 1427
train: 0.3326316216846298
validation: 0.3124932717978721
test: 0.3532750829373733

epoch: 1428
train: 0.33254679774957907
validation: 0.31242284276980753
test: 0.3531897815761956

epoch: 1429
train: 0.33246204753935876
validation: 0.31235247586355896
test: 0.3531045552801961

epoch: 1430
train: 0.3323773709830477
validation: 0.3122821710185359
test: 0.35301940397797044

epoch: 1431
train: 0.3322927680097934
validation: 0.3122119281742062
test: 0.3529343275981717

epoch: 1432
train: 0.332208238548813
validation: 0.31214174727009547
test: 0.3528493260695117

epoch: 1433
train: 0.3321237825293908
validation: 0.3120716282457875
test: 0.3527643993207593

epoch: 1434
train: 0.33203939988088005
validation: 0.3120015710409241
test: 0.3526795472807418

epoch: 1435
train: 0.3319550905327033
validation: 0.3119315755952058
test: 0.3525947698783447

epoch: 1436
train: 0.33187085441434927
validation: 0.31186164184839
test: 0.35251006704251125

epoch: 1437
train: 0.3317866914553763
validation: 0.31179176974029316
test: 0.35242543870224263

epoch: 1438
train: 0.3317026015854108
validation: 0.31172195921078827
test: 0.3523408847865983

epoch: 1439
train: 0.3316185847341466
validation: 0.31165221019980743
test: 0.3522564052246958

epoch: 1440
train: 0.3315346408313454
validation: 0.31158252264733943
test: 0.3521719999457111

epoch: 1441
train: 0.3314507698068379
validation: 0.3115128964934313
test: 0.35208766887887766

epoch: 1442
train: 0.33136697159052125
validation: 0.31144333167818833
test: 0.35200341195348817

epoch: 1443
train: 0.3312832461123609
validation: 0.31137382814177195
test: 0.3519192290988927

epoch: 1444
train: 0.33119959330239046
validation: 0.31130438582440234
test: 0.3518351202444997

epoch: 1445
train: 0.33111601309071087
validation: 0.3112350046663567
test: 0.35175108531977656

epoch: 1446
train: 0.3310325054074904
validation: 0.3111656846079701
test: 0.3516671242542483

epoch: 1447
train: 0.3309490701829647
validation: 0.3110964255896344
test: 0.35158323697749844

epoch: 1448
train: 0.33086570734743775
validation: 0.311027227551799
test: 0.35149942341916923

epoch: 1449
train: 0.33078241683127957
validation: 0.310958090434971
test: 0.3514156835089608

epoch: 1450
train: 0.3306991985649291
validation: 0.3108890141797144
test: 0.3513320171766324

epoch: 1451
train: 0.33061605247889064
validation: 0.3108199987266506
test: 0.3512484243520007

epoch: 1452
train: 0.3305329785037372
validation: 0.3107510440164578
test: 0.3511649049649419

epoch: 1453
train: 0.3304499765701084
validation: 0.31068214998987187
test: 0.35108145894538983

epoch: 1454
train: 0.33036704660871047
validation: 0.3106133165876847
test: 0.3509980862233374

epoch: 1455
train: 0.33028418855031705
validation: 0.310544543750747
test: 0.35091478672883575

epoch: 1456
train: 0.33020140232576817
validation: 0.31047583141996427
test: 0.3508315603919946

epoch: 1457
train: 0.3301186878659723
validation: 0.31040717953630037
test: 0.3507484071429825

epoch: 1458
train: 0.33003604510190215
validation: 0.31033858804077585
test: 0.35066532691202607

epoch: 1459
train: 0.3299534739645998
validation: 0.3102700568744673
test: 0.35058231962941117

epoch: 1460
train: 0.3298709743851719
validation: 0.3102015859785092
test: 0.3504993852254816

epoch: 1461
train: 0.32978854629479204
validation: 0.3101331752940914
test: 0.35041652363064013

epoch: 1462
train: 0.3297061896247017
validation: 0.31006482476246133
test: 0.35033373477534835

epoch: 1463
train: 0.32962390430620725
validation: 0.30999653432492297
test: 0.350251018590126

epoch: 1464
train: 0.3295416902706826
validation: 0.30992830392283666
test: 0.3501683750055521

epoch: 1465
train: 0.3294595474495669
validation: 0.30986013349761915
test: 0.35008580395226396

epoch: 1466
train: 0.3293774757743664
validation: 0.30979202299074343
test: 0.35000330536095803

epoch: 1467
train: 0.32929547517665314
validation: 0.3097239723437398
test: 0.34992087916238857

epoch: 1468
train: 0.329213545588065
validation: 0.3096559814981938
test: 0.3498385252873692

epoch: 1469
train: 0.32913168694030664
validation: 0.3095880503957478
test: 0.3497562436667726

epoch: 1470
train: 0.3290498991651488
validation: 0.30952017897810075
test: 0.3496740342315299

epoch: 1471
train: 0.3289681821944272
validation: 0.309452367187007
test: 0.3495918969126303

epoch: 1472
train: 0.3288865359600446
validation: 0.3093846149642777
test: 0.3495098316411228

epoch: 1473
train: 0.32880496039396784
validation: 0.30931692225177987
test: 0.34942783834811464

epoch: 1474
train: 0.3287234554282311
validation: 0.3092492889914367
test: 0.349345916964772

epoch: 1475
train: 0.32864202099493434
validation: 0.30918171512522685
test: 0.3492640674223197

epoch: 1476
train: 0.3285606570262423
validation: 0.3091142005951858
test: 0.3491822896520415

epoch: 1477
train: 0.3284793634543843
validation: 0.30904674534340426
test: 0.34910058358528

epoch: 1478
train: 0.32839814021165803
validation: 0.308979349312029
test: 0.3490189491534365

epoch: 1479
train: 0.32831698723042363
validation: 0.30891201244326233
test: 0.34893738628797105

epoch: 1480
train: 0.3282359044431088
validation: 0.30884473467936285
test: 0.34885589492040275

epoch: 1481
train: 0.3281548917822049
validation: 0.3087775159626443
test: 0.34877447498230973

epoch: 1482
train: 0.32807394918026994
validation: 0.30871035623547716
test: 0.3486931264053282

epoch: 1483
train: 0.3279930765699265
validation: 0.30864325544028554
test: 0.3486118491211538

epoch: 1484
train: 0.32791227388386107
validation: 0.3085762135195509
test: 0.34853064306154086

epoch: 1485
train: 0.3278315410548271
validation: 0.30850923041580935
test: 0.34844950815830256

epoch: 1486
train: 0.32775087801564184
validation: 0.3084423060716528
test: 0.3483684443433112

epoch: 1487
train: 0.32767028469918824
validation: 0.308375440429728
test: 0.3482874515484974

epoch: 1488
train: 0.3275897610384137
validation: 0.30830863343273773
test: 0.3482065297058509

epoch: 1489
train: 0.3275093069663296
validation: 0.3082418850234396
test: 0.34812567874742023

epoch: 1490
train: 0.3274289224160135
validation: 0.3081751951446471
test: 0.3480448986053134

epoch: 1491
train: 0.32734860732060705
validation: 0.30810856373922807
test: 0.347964189211696

epoch: 1492
train: 0.32726836161331607
validation: 0.3080419907501059
test: 0.34788355049879355

epoch: 1493
train: 0.32718818522741094
validation: 0.30797547612025894
test: 0.34780298239888996

epoch: 1494
train: 0.3271080780962274
validation: 0.307909019792721
test: 0.347722484844328

epoch: 1495
train: 0.327028040153165
validation: 0.30784262171058063
test: 0.3476420577675098

epoch: 1496
train: 0.32694807133168746
validation: 0.307776281816981
test: 0.34756170110089557

epoch: 1497
train: 0.3268681715653232
validation: 0.3077100000551208
test: 0.3474814147770046

epoch: 1498
train: 0.3267883407876645
validation: 0.30764377636825313
test: 0.3474011987284156

epoch: 1499
train: 0.32670857893236754
validation: 0.3075776106996859
test: 0.3473210528877652

epoch: 1500
train: 0.3266288859331536
validation: 0.30751150299278224
test: 0.3472409771877494

epoch: 1501
train: 0.32654926172380705
validation: 0.30744545319095945
test: 0.3471609715611236

epoch: 1502
train: 0.3264697062381772
validation: 0.30737946123768956
test: 0.34708103594070044

epoch: 1503
train: 0.326390219410176
validation: 0.30731352707649945
test: 0.3470011702593529

epoch: 1504
train: 0.32631080117378025
validation: 0.3072476506509705
test: 0.34692137445001214

epoch: 1505
train: 0.32623145146303006
validation: 0.30718183190473813
test: 0.3468416484456682

epoch: 1506
train: 0.3261521702120294
validation: 0.3071160707814931
test: 0.34676199217936965

epoch: 1507
train: 0.3260729573549459
validation: 0.3070503672249798
test: 0.3466824055842244

epoch: 1508
train: 0.3259938128260114
validation: 0.30698472117899744
test: 0.34660288859339894

epoch: 1509
train: 0.32591473655951964
validation: 0.30691913258739895
test: 0.34652344114011835

epoch: 1510
train: 0.3258357284898299
validation: 0.30685360139409235
test: 0.34644406315766624

epoch: 1511
train: 0.3257567885513634
validation: 0.30678812754303914
test: 0.3463647545793861

epoch: 1512
train: 0.3256779166786052
validation: 0.30672271097825554
test: 0.3462855153386789

epoch: 1513
train: 0.3255991128061038
validation: 0.3066573516438114
test: 0.34620634536900496

epoch: 1514
train: 0.3255203768684706
validation: 0.30659204948383106
test: 0.34612724460388355

epoch: 1515
train: 0.3254417088003801
validation: 0.3065268044424924
test: 0.3460482129768923

epoch: 1516
train: 0.3253631085365707
validation: 0.30646161646402764
test: 0.3459692504216672

epoch: 1517
train: 0.3252845760118434
validation: 0.3063964854927229
test: 0.34589035687190406

epoch: 1518
train: 0.32520611116106146
validation: 0.3063314114729177
test: 0.3458115322613566

epoch: 1519
train: 0.3251277139191525
validation: 0.3062663943490062
test: 0.34573277652383694

epoch: 1520
train: 0.325049384221105
validation: 0.3062014340654356
test: 0.3456540895932167

epoch: 1521
train: 0.32497112200197253
validation: 0.3061365305667071
test: 0.34557547140342576

epoch: 1522
train: 0.32489292719687035
validation: 0.3060716837973756
test: 0.34549692188845227

epoch: 1523
train: 0.324814799740976
validation: 0.30600689370204937
test: 0.34541844098234387

epoch: 1524
train: 0.32473673956952964
validation: 0.3059421602253906
test: 0.3453400286192059

epoch: 1525
train: 0.32465874661783534
validation: 0.3058774833121149
test: 0.3452616847332032

epoch: 1526
train: 0.3245808208212581
validation: 0.3058128629069911
test: 0.3451834092585585

epoch: 1527
train: 0.32450296211522583
validation: 0.3057482989548418
test: 0.34510520212955337

epoch: 1528
train: 0.3244251704352298
validation: 0.3056837914005426
test: 0.3450270632805281

epoch: 1529
train: 0.32434744571682167
validation: 0.305619340189023
test: 0.3449489926458814

epoch: 1530
train: 0.3242697878956176
validation: 0.30555494526526517
test: 0.3448709901600703

epoch: 1531
train: 0.32419219690729345
validation: 0.3054906065743047
test: 0.3447930557576111

epoch: 1532
train: 0.3241146726875897
validation: 0.3054263240612306
test: 0.34471518937307744

epoch: 1533
train: 0.3240372151723078
validation: 0.3053620976711846
test: 0.34463739094110246

epoch: 1534
train: 0.3239598242973101
validation: 0.3052979273493619
test: 0.3445596603963771

epoch: 1535
train: 0.3238824999985228
validation: 0.3052338130410109
test: 0.3444819976736518

epoch: 1536
train: 0.3238052422119337
validation: 0.30516975469143187
test: 0.344404402707734

epoch: 1537
train: 0.32372805087359086
validation: 0.3051057522459792
test: 0.3443268754334906

epoch: 1538
train: 0.3236509259196061
validation: 0.3050418056500597
test: 0.34424941578584645

epoch: 1539
train: 0.3235738672861514
validation: 0.30497791484913334
test: 0.34417202369978506

epoch: 1540
train: 0.32349687490946155
validation: 0.30491407978871227
test: 0.34409469911034807

epoch: 1541
train: 0.32341994872583185
validation: 0.3048503004143619
test: 0.3440174419526358

epoch: 1542
train: 0.32334308867162054
validation: 0.3047865766717002
test: 0.34394025216180635

epoch: 1543
train: 0.32326629468324614
validation: 0.30472290850639766
test: 0.3438631296730772

epoch: 1544
train: 0.3231895666971891
validation: 0.3046592958641775
test: 0.3437860744217223

epoch: 1545
train: 0.3231129046499907
validation: 0.3045957386908149
test: 0.3437090863430759

epoch: 1546
train: 0.3230363084782544
validation: 0.30453223693213893
test: 0.3436321653725295

epoch: 1547
train: 0.32295977811864446
validation: 0.3044687905340298
test: 0.34355531144553253

epoch: 1548
train: 0.32288331350788607
validation: 0.30440539944242057
test: 0.3434785244975932

epoch: 1549
train: 0.3228069145827658
validation: 0.3043420636032969
test: 0.34340180446427815

epoch: 1550
train: 0.3227305812801313
validation: 0.3042787829626961
test: 0.34332515128121127

epoch: 1551
train: 0.32265431353689117
validation: 0.3042155574667084
test: 0.3432485648840755

epoch: 1552
train: 0.3225781112900149
validation: 0.3041523870614759
test: 0.3431720452086114

epoch: 1553
train: 0.32250197447653334
validation: 0.30408927169319305
test: 0.34309559219061786

epoch: 1554
train: 0.32242590303353746
validation: 0.30402621130810625
test: 0.34301920576595185

epoch: 1555
train: 0.3223498968981795
validation: 0.30396320585251385
test: 0.3429428858705284

epoch: 1556
train: 0.3222739560076716
validation: 0.3039002552727666
test: 0.34286663244032034

epoch: 1557
train: 0.32219808029928837
validation: 0.303837359515267
test: 0.3427904454113587

epoch: 1558
train: 0.32212226971036245
validation: 0.30377451852646925
test: 0.34271432471973307

epoch: 1559
train: 0.3220465241782893
validation: 0.30371173225287984
test: 0.34263827030159005

epoch: 1560
train: 0.32197084364052364
validation: 0.3036490006410568
test: 0.3425622820931346

epoch: 1561
train: 0.3218952280345807
validation: 0.30358632363761007
test: 0.34248636003062993

epoch: 1562
train: 0.32181967729803673
validation: 0.30352370118920113
test: 0.3424105040503965

epoch: 1563
train: 0.3217441913685272
validation: 0.3034611332425433
test: 0.34233471408881333

epoch: 1564
train: 0.3216687701837487
validation: 0.3033986197444019
test: 0.34225899008231697

epoch: 1565
train: 0.32159341368145844
validation: 0.30333616064159274
test: 0.3421833319674014

epoch: 1566
train: 0.32151812179947203
validation: 0.3032737558809843
test: 0.3421077396806197

epoch: 1567
train: 0.3214428944756665
validation: 0.30321140540949604
test: 0.34203221315858084

epoch: 1568
train: 0.3213677316479788
validation: 0.3031491091740989
test: 0.3419567523379533

epoch: 1569
train: 0.3212926332544055
validation: 0.30308686712181515
test: 0.3418813571554622

epoch: 1570
train: 0.32121759923300336
validation: 0.30302467919971865
test: 0.3418060275478911

epoch: 1571
train: 0.3211426295218877
validation: 0.30296254535493417
test: 0.34173076345208053

epoch: 1572
train: 0.32106772405923606
validation: 0.30290046553463834
test: 0.341655564804929

epoch: 1573
train: 0.3209928827832835
validation: 0.30283843968605845
test: 0.3415804315433929

epoch: 1574
train: 0.320918105632326
validation: 0.3027764677564728
test: 0.34150536360448575

epoch: 1575
train: 0.32084339254471855
validation: 0.3027145496932114
test: 0.341430360925279

epoch: 1576
train: 0.3207687434588757
validation: 0.3026526854436551
test: 0.3413554234429018

epoch: 1577
train: 0.32069415831327164
validation: 0.30259087495523534
test: 0.34128055109454014

epoch: 1578
train: 0.3206196370464403
validation: 0.30252911817543504
test: 0.341205743817438

epoch: 1579
train: 0.32054517959697426
validation: 0.302467415051788
test: 0.34113100154889686

epoch: 1580
train: 0.3204707859035265
validation: 0.3024057655318785
test: 0.3410563242262754

epoch: 1581
train: 0.3203964559048077
validation: 0.30234416956334187
test: 0.34098171178698977

epoch: 1582
train: 0.32032218953958885
validation: 0.3022826270938646
test: 0.34090716416851374

epoch: 1583
train: 0.32024798674670035
validation: 0.3022211380711833
test: 0.34083268130837835

epoch: 1584
train: 0.32017384746503064
validation: 0.3021597024430853
test: 0.34075826314417146

epoch: 1585
train: 0.32009977163352793
validation: 0.30209832015740884
test: 0.34068390961353867

epoch: 1586
train: 0.32002575919119935
validation: 0.302036991162043
test: 0.34060962065418326

epoch: 1587
train: 0.3199518100771108
validation: 0.30197571540492674
test: 0.3405353962038648

epoch: 1588
train: 0.3198779242303866
validation: 0.3019144928340497
test: 0.340461236200401

epoch: 1589
train: 0.3198041015902111
validation: 0.30185332339745263
test: 0.34038714058166586

epoch: 1590
train: 0.3197303420958255
validation: 0.30179220704322574
test: 0.3403131092855914

epoch: 1591
train: 0.3196566456865318
validation: 0.30173114371950993
test: 0.3402391422501659

epoch: 1592
train: 0.31958301230168906
validation: 0.30167013337449644
test: 0.34016523941343557

epoch: 1593
train: 0.31950944188071606
validation: 0.3016091759564271
test: 0.34009140071350286

epoch: 1594
train: 0.31943593436308887
validation: 0.30154827141359336
test: 0.3400176260885281

epoch: 1595
train: 0.31936248968834313
validation: 0.3014874196943371
test: 0.3399439154767278

epoch: 1596
train: 0.31928910779607217
validation: 0.30142662074705057
test: 0.3398702688163761

epoch: 1597
train: 0.3192157886259275
validation: 0.3013658745201756
test: 0.3397966860458036

epoch: 1598
train: 0.31914253211761995
validation: 0.30130518096220416
test: 0.33972316710339806

epoch: 1599
train: 0.31906933821091815
validation: 0.30124454002167833
test: 0.3396497119276041

epoch: 1600
train: 0.318996206845648
validation: 0.30118395164719053
test: 0.33957632045692304

epoch: 1601
train: 0.31892313796169497
validation: 0.3011234157873822
test: 0.3395029926299131

epoch: 1602
train: 0.31885013149900143
validation: 0.30106293239094517
test: 0.33942972838518953

epoch: 1603
train: 0.3187771873975683
validation: 0.30100250140662077
test: 0.33935652766142355

epoch: 1604
train: 0.31870430559745466
validation: 0.3009421227832004
test: 0.3392833903973441

epoch: 1605
train: 0.31863148603877645
validation: 0.30088179646952495
test: 0.33921031653173617

epoch: 1606
train: 0.31855872866170915
validation: 0.30082152241448473
test: 0.3391373060034415

epoch: 1607
train: 0.31848603340648435
validation: 0.3007613005670203
test: 0.33906435875135865

epoch: 1608
train: 0.31841340021339193
validation: 0.3007011308761208
test: 0.3389914747144423

epoch: 1609
train: 0.3183408290227808
validation: 0.30064101329082615
test: 0.33891865383170455

epoch: 1610
train: 0.31826831977505476
validation: 0.30058094776022454
test: 0.3388458960422129

epoch: 1611
train: 0.31819587241067737
validation: 0.30052093423345405
test: 0.33877320128509214

epoch: 1612
train: 0.3181234868701695
validation: 0.3004609726597026
test: 0.3387005694995233

epoch: 1613
train: 0.3180511630941083
validation: 0.30040106298820646
test: 0.338628000624744

epoch: 1614
train: 0.3179789010231295
validation: 0.3003412051682518
test: 0.3385554946000475

epoch: 1615
train: 0.3179067005979249
validation: 0.30028139914917384
test: 0.3384830513647844

epoch: 1616
train: 0.31783456175924535
validation: 0.3002216448803574
test: 0.3384106708583611

epoch: 1617
train: 0.3177624844478973
validation: 0.30016194231123566
test: 0.33833835302024035

epoch: 1618
train: 0.3176904686047453
validation: 0.3001022913912916
test: 0.33826609778994116

epoch: 1619
train: 0.31761851417071124
validation: 0.3000426920700565
test: 0.33819390510703873

epoch: 1620
train: 0.3175466210867721
validation: 0.2999831442971117
test: 0.3381217749111644

epoch: 1621
train: 0.3174747892939647
validation: 0.29992364802208654
test: 0.33804970714200616

epoch: 1622
train: 0.317403018733381
validation: 0.29986420319465945
test: 0.33797770173930713

epoch: 1623
train: 0.31733130934617015
validation: 0.29980480976455814
test: 0.33790575864286737

epoch: 1624
train: 0.31725966107353837
validation: 0.2997454676815589
test: 0.3378338777925427

epoch: 1625
train: 0.31718807385674885
validation: 0.29968617689548666
test: 0.33776205912824486

epoch: 1626
train: 0.31711654763712105
validation: 0.29962693735621476
test: 0.33769030258994154

epoch: 1627
train: 0.3170450823560316
validation: 0.2995677490136664
test: 0.33761860811765654

epoch: 1628
train: 0.3169736779549127
validation: 0.2995086118178118
test: 0.3375469756514695

epoch: 1629
train: 0.316902334375255
validation: 0.29944952571867123
test: 0.3374754051315159

epoch: 1630
train: 0.31683105155860364
validation: 0.2993904906663126
test: 0.33740389649798697

epoch: 1631
train: 0.3167598294465616
validation: 0.2993315066108526
test: 0.33733244969112997

epoch: 1632
train: 0.3166886679807876
validation: 0.2992725735024562
test: 0.3372610646512478

epoch: 1633
train: 0.3166175671029972
validation: 0.2992136912913369
test: 0.33718974131869894

epoch: 1634
train: 0.3165465267549617
validation: 0.29915485992775676
test: 0.3371184796338977

epoch: 1635
train: 0.31647554687850893
validation: 0.29909607936202587
test: 0.33704727953731406

epoch: 1636
train: 0.31640462741552305
validation: 0.2990373495445027
test: 0.3369761409694734

epoch: 1637
train: 0.3163337683079443
validation: 0.2989786704255937
test: 0.3369050638709572

epoch: 1638
train: 0.31626296949776833
validation: 0.29892004195575383
test: 0.3368340481824018

epoch: 1639
train: 0.3161922309270476
validation: 0.29886146408548603
test: 0.33676309384449976

epoch: 1640
train: 0.3161215525378909
validation: 0.2988029367653412
test: 0.33669220079799855

epoch: 1641
train: 0.3160509342724616
validation: 0.2987444599459186
test: 0.33662136898370104

epoch: 1642
train: 0.3159803760729801
validation: 0.2986860335778652
test: 0.3365505983424661

epoch: 1643
train: 0.3159098778817214
validation: 0.2986276576118759
test: 0.33647988881520724

epoch: 1644
train: 0.31583943964101857
validation: 0.29856933199869373
test: 0.3364092403428941

epoch: 1645
train: 0.31576906129325777
validation: 0.29851105668910943
test: 0.3363386528665504

epoch: 1646
train: 0.31569874278088184
validation: 0.29845283163396147
test: 0.33626812632725656

epoch: 1647
train: 0.31562848404638977
validation: 0.2983946567841361
test: 0.33619766066614737

epoch: 1648
train: 0.31555828503233563
validation: 0.29833653209056776
test: 0.3361272558244124

epoch: 1649
train: 0.3154881456813278
validation: 0.29827845750423754
test: 0.3360569117432974

epoch: 1650
train: 0.3154180659360326
validation: 0.2982204329761754
test: 0.33598662836410254

epoch: 1651
train: 0.31534804573916936
validation: 0.29816245845745787
test: 0.3359164056281831

epoch: 1652
train: 0.31527808503351457
validation: 0.29810453389920955
test: 0.33584624347694975

epoch: 1653
train: 0.3152081837618989
validation: 0.2980466592526024
test: 0.33577614185186744

epoch: 1654
train: 0.31513834186720774
validation: 0.2979888344688556
test: 0.335706100694457

epoch: 1655
train: 0.31506855929238303
validation: 0.2979310594992363
test: 0.3356361199462932

epoch: 1656
train: 0.31499883598042144
validation: 0.29787333429505863
test: 0.3355661995490067

epoch: 1657
train: 0.3149291718743738
validation: 0.2978156588076839
test: 0.3354963394442818

epoch: 1658
train: 0.31485956691734696
validation: 0.29775803298852094
test: 0.3354265395738589

epoch: 1659
train: 0.3147900210525022
validation: 0.2977004567890255
test: 0.33535679987953215

epoch: 1660
train: 0.3147205342230556
validation: 0.2976429301607012
test: 0.3352871203031507

epoch: 1661
train: 0.3146511063722785
validation: 0.2975854530550978
test: 0.3352175007866187

epoch: 1662
train: 0.31458173744349743
validation: 0.2975280254238131
test: 0.33514794127189435

epoch: 1663
train: 0.3145124273800924
validation: 0.29747064721849126
test: 0.33507844170099094

epoch: 1664
train: 0.31444317612549877
validation: 0.2974133183908239
test: 0.3350090020159764

epoch: 1665
train: 0.3143739836232069
validation: 0.29735603889254925
test: 0.33493962215897255

epoch: 1666
train: 0.31430484981676093
validation: 0.2972988086754527
test: 0.3348703020721564

epoch: 1667
train: 0.3142357746497602
validation: 0.29724162769136614
test: 0.33480104169775876

epoch: 1668
train: 0.31416675806585864
validation: 0.29718449589216883
test: 0.3347318409780656

epoch: 1669
train: 0.3140978000087639
validation: 0.2971274132297865
test: 0.3346626998554167

epoch: 1670
train: 0.31402890042223836
validation: 0.2970703796561913
test: 0.3345936182722059

epoch: 1671
train: 0.3139600592500989
validation: 0.29701339512340297
test: 0.3345245961708825

epoch: 1672
train: 0.31389127643621617
validation: 0.2969564595834869
test: 0.3344556334939487

epoch: 1673
train: 0.3138225519245155
validation: 0.29689957298855546
test: 0.33438673018396153

epoch: 1674
train: 0.31375388565897677
validation: 0.29684273529076804
test: 0.3343178861835326

epoch: 1675
train: 0.31368527758363285
validation: 0.29678594644232975
test: 0.33424910143532666

epoch: 1676
train: 0.313616727642571
validation: 0.29672920639549283
test: 0.33418037588206323

epoch: 1677
train: 0.3135482357799332
validation: 0.2966725151025554
test: 0.3341117094665163

epoch: 1678
train: 0.3134798019399148
validation: 0.2966158725158621
test: 0.33404310213151256

epoch: 1679
train: 0.31341142606676486
validation: 0.29655927858780456
test: 0.33397455381993396

epoch: 1680
train: 0.3133431081047868
validation: 0.2965027332708195
test: 0.3339060644747154

epoch: 1681
train: 0.3132748479983379
validation: 0.2964462365173913
test: 0.33383763403884636

epoch: 1682
train: 0.3132066456918285
validation: 0.2963897882800491
test: 0.3337692624553699

epoch: 1683
train: 0.31313850112972325
validation: 0.2963333885113691
test: 0.3337009496673833

epoch: 1684
train: 0.3130704142565403
validation: 0.2962770371639734
test: 0.33363269561803666

epoch: 1685
train: 0.3130023850168507
validation: 0.2962207341905304
test: 0.3335645002505345

epoch: 1686
train: 0.3129344133552801
validation: 0.29616447954375397
test: 0.3334963635081353

epoch: 1687
train: 0.31286649921650733
validation: 0.2961082731764047
test: 0.33342828533415053

epoch: 1688
train: 0.3127986425452645
validation: 0.2960521150412881
test: 0.33336026567194543

epoch: 1689
train: 0.3127308432863363
validation: 0.29599600509125695
test: 0.3332923044649393

epoch: 1690
train: 0.3126631013845623
validation: 0.29593994327920864
test: 0.3332244016566044

epoch: 1691
train: 0.3125954167848346
validation: 0.29588392955808673
test: 0.3331565571904664

epoch: 1692
train: 0.31252778943209875
validation: 0.295827963880881
test: 0.3330887710101051

epoch: 1693
train: 0.31246021927135226
validation: 0.2957720462006264
test: 0.3330210430591532

epoch: 1694
train: 0.31239270624764737
validation: 0.29571617647040394
test: 0.33295337328129665

epoch: 1695
train: 0.31232525030608843
validation: 0.2956603546433401
test: 0.33288576162027533

epoch: 1696
train: 0.31225785139183354
validation: 0.2956045806726068
test: 0.33281820801988155

epoch: 1697
train: 0.3121905094500939
validation: 0.2955488545114218
test: 0.33275071242396187

epoch: 1698
train: 0.31212322442613144
validation: 0.29549317611304793
test: 0.3326832747764152

epoch: 1699
train: 0.31205599626526437
validation: 0.2954375454307941
test: 0.332615895021194

epoch: 1700
train: 0.31198882491286073
validation: 0.2953819624180141
test: 0.3325485731023035

epoch: 1701
train: 0.3119217103143429
validation: 0.2953264270281075
test: 0.33248130896380285

epoch: 1702
train: 0.3118546524151861
validation: 0.29527093921451886
test: 0.33241410254980325

epoch: 1703
train: 0.31178765116091717
validation: 0.295215498930738
test: 0.33234695380446944

epoch: 1704
train: 0.31172070649711675
validation: 0.2951601061303006
test: 0.33227986267201903

epoch: 1705
train: 0.3116538183694165
validation: 0.2951047607667868
test: 0.33221282909672245

epoch: 1706
train: 0.3115869867235024
validation: 0.2950494627938221
test: 0.3321458530229033

epoch: 1707
train: 0.3115202115051114
validation: 0.2949942121650774
test: 0.3320789343949376

epoch: 1708
train: 0.3114534926600335
validation: 0.2949390088342682
test: 0.33201207315725423

epoch: 1709
train: 0.3113868301341117
validation: 0.2948838527551558
test: 0.33194526925433515

epoch: 1710
train: 0.31132022387323965
validation: 0.2948287438815455
test: 0.3318785226307147

epoch: 1711
train: 0.3112536738233651
validation: 0.29477368216728805
test: 0.3318118332309803

epoch: 1712
train: 0.3111871799304865
validation: 0.2947186675662794
test: 0.331745200999771

epoch: 1713
train: 0.3111207421406554
validation: 0.2946637000324599
test: 0.33167862588178

epoch: 1714
train: 0.31105436039997525
validation: 0.2946087795198147
test: 0.33161210782175166

epoch: 1715
train: 0.3109880346546013
validation: 0.2945539059823742
test: 0.33154564676448345

epoch: 1716
train: 0.31092176485074047
validation: 0.2944990793742129
test: 0.3314792426548255

epoch: 1717
train: 0.31085555093465306
validation: 0.2944442996494503
test: 0.3314128954376796

epoch: 1718
train: 0.31078939285265006
validation: 0.2943895667622506
test: 0.33134660505800073

epoch: 1719
train: 0.3107232905510939
validation: 0.29433488066682256
test: 0.3312803714607958

epoch: 1720
train: 0.3106572439764006
validation: 0.2942802413174194
test: 0.3312141945911239

epoch: 1721
train: 0.3105912530750357
validation: 0.29422564866833895
test: 0.33114807439409666

epoch: 1722
train: 0.3105253177935189
validation: 0.29417110267392355
test: 0.3310820108148779

epoch: 1723
train: 0.3104594380784188
validation: 0.29411660328855976
test: 0.3310160037986835

epoch: 1724
train: 0.31039361387635805
validation: 0.2940621504666787
test: 0.3309500532907813

epoch: 1725
train: 0.3103278451340092
validation: 0.2940077441627559
test: 0.33088415923649167

epoch: 1726
train: 0.3102621317980977
validation: 0.2939533843313109
test: 0.33081832158118646

epoch: 1727
train: 0.31019647381539917
validation: 0.293899070926908
test: 0.33075254027029

epoch: 1728
train: 0.31013087113274124
validation: 0.2938448039041551
test: 0.3306868152492784

epoch: 1729
train: 0.3100653236970029
validation: 0.2937905832177047
test: 0.3306211464636795

epoch: 1730
train: 0.30999983145511434
validation: 0.2937364088222533
test: 0.33055553385907355

epoch: 1731
train: 0.30993439435405723
validation: 0.2936822806725417
test: 0.33048997738109176

epoch: 1732
train: 0.3098690123408639
validation: 0.29362819872335433
test: 0.3304244769754182

epoch: 1733
train: 0.3098036853626187
validation: 0.29357416292952
test: 0.3303590325877876

epoch: 1734
train: 0.3097384133664559
validation: 0.29352017324591095
test: 0.3302936441639873

epoch: 1735
train: 0.3096731962995619
validation: 0.29346622962744445
test: 0.330228311649856

epoch: 1736
train: 0.3096080341091735
validation: 0.29341233202908
test: 0.33016303499128347

epoch: 1737
train: 0.30954292674257927
validation: 0.29335848040582274
test: 0.3300978141342119

epoch: 1738
train: 0.30947787414711764
validation: 0.2933046747127205
test: 0.33003264902463464

epoch: 1739
train: 0.3094128762701782
validation: 0.2932509149048646
test: 0.32996753960859654

epoch: 1740
train: 0.3093479330592016
validation: 0.2931972009373915
test: 0.3299024858321938

epoch: 1741
train: 0.30928304446167987
validation: 0.29314353276547933
test: 0.32983748764157433

epoch: 1742
train: 0.309218210425154
validation: 0.29308991034435167
test: 0.3297725449829369

epoch: 1743
train: 0.3091534308972172
validation: 0.2930363336292745
test: 0.3297076578025323

epoch: 1744
train: 0.3090887058255129
validation: 0.2929828025755583
test: 0.32964282604666195

epoch: 1745
train: 0.30902403515773474
validation: 0.29292931713855597
test: 0.3295780496616787

epoch: 1746
train: 0.3089594188416274
validation: 0.2928758772736648
test: 0.329513328593987

epoch: 1747
train: 0.308894856824985
validation: 0.29282248293632507
test: 0.3294486627900419

epoch: 1748
train: 0.30883034905565404
validation: 0.29276913408202043
test: 0.32938405219635014

epoch: 1749
train: 0.30876589548152933
validation: 0.2927158306662776
test: 0.32931949675946864

epoch: 1750
train: 0.30870149605055686
validation: 0.2926625726446679
test: 0.32925499642600636

epoch: 1751
train: 0.30863715071073367
validation: 0.2926093599728039
test: 0.3291905511426225

epoch: 1752
train: 0.3085728594101055
validation: 0.2925561926063432
test: 0.3291261608560277

epoch: 1753
train: 0.30850862209676844
validation: 0.29250307050098534
test: 0.3290618255129833

epoch: 1754
train: 0.30844443871887167
validation: 0.2924499936124732
test: 0.3289975450603012

epoch: 1755
train: 0.3083803092246091
validation: 0.29239696189659353
test: 0.3289333194448447

epoch: 1756
train: 0.30831623356222965
validation: 0.2923439753091756
test: 0.3288691486135272

epoch: 1757
train: 0.30825221168002936
validation: 0.2922910338060913
test: 0.3288050325133137

epoch: 1758
train: 0.3081882435263551
validation: 0.2922381373432559
test: 0.32874097109121914

epoch: 1759
train: 0.30812432904960424
validation: 0.2921852858766277
test: 0.328676964294309

epoch: 1760
train: 0.3080604681982228
validation: 0.29213247936220776
test: 0.3286130120697004

epoch: 1761
train: 0.307996660920707
validation: 0.29207971775603975
test: 0.32854911436456

epoch: 1762
train: 0.3079329071656037
validation: 0.29202700101421075
test: 0.32848527112610515

epoch: 1763
train: 0.3078692068815074
validation: 0.29197432909284965
test: 0.3284214823016041

epoch: 1764
train: 0.30780556001706466
validation: 0.2919217019481288
test: 0.3283577478383752

epoch: 1765
train: 0.3077419665209704
validation: 0.2918691195362632
test: 0.3282940676837872

epoch: 1766
train: 0.3076784263419684
validation: 0.29181658181351006
test: 0.3282304417852594

epoch: 1767
train: 0.3076149394288537
validation: 0.2917640887361695
test: 0.3281668700902609

epoch: 1768
train: 0.30755150573046913
validation: 0.2917116402605841
test: 0.3281033525463118

epoch: 1769
train: 0.307488125195708
validation: 0.29165923634313917
test: 0.328039889100982

epoch: 1770
train: 0.30742479777351256
validation: 0.29160687694026205
test: 0.32797647970189125

epoch: 1771
train: 0.3073615234128746
validation: 0.29155456200842267
test: 0.32791312429671005

epoch: 1772
train: 0.30729830206283454
validation: 0.29150229150413387
test: 0.32784982283315894

epoch: 1773
train: 0.30723513367248323
validation: 0.29145006538395013
test: 0.3277865752590082

epoch: 1774
train: 0.30717201819095874
validation: 0.29139788360446833
test: 0.3277233815220779

epoch: 1775
train: 0.3071089555674514
validation: 0.29134574612232805
test: 0.32766024157023865

epoch: 1776
train: 0.30704594575119665
validation: 0.29129365289421083
test: 0.327597155351411

epoch: 1777
train: 0.3069829886914822
validation: 0.2912416038768403
test: 0.32753412281356437

epoch: 1778
train: 0.3069200843376427
validation: 0.29118959902698255
test: 0.3274711439047194

epoch: 1779
train: 0.30685723263906345
validation: 0.2911376383014454
test: 0.32740821857294555

epoch: 1780
train: 0.3067944335451771
validation: 0.29108572165707886
test: 0.3273453467663623

epoch: 1781
train: 0.30673168700546605
validation: 0.29103384905077523
test: 0.32728252843313926

epoch: 1782
train: 0.3066689929694613
validation: 0.29098202043946847
test: 0.3272197635214948

epoch: 1783
train: 0.30660635138674214
validation: 0.2909302357801345
test: 0.3271570519796978

epoch: 1784
train: 0.3065437622069384
validation: 0.29087849502979135
test: 0.32709439375606614

epoch: 1785
train: 0.3064812253797246
validation: 0.29082679814549894
test: 0.32703178879896755

epoch: 1786
train: 0.306418740854828
validation: 0.29077514508435853
test: 0.3269692370568192

epoch: 1787
train: 0.3063563085820227
validation: 0.2907235358035138
test: 0.3269067384780874

epoch: 1788
train: 0.306293928511131
validation: 0.29067197026014985
test: 0.3268442930112884

epoch: 1789
train: 0.3062316005920239
validation: 0.29062044841149315
test: 0.32678190060498735

epoch: 1790
train: 0.3061693247746214
validation: 0.2905689702148126
test: 0.3267195612077989

epoch: 1791
train: 0.306107101008891
validation: 0.2905175356274183
test: 0.3266572747683871

epoch: 1792
train: 0.3060449292448496
validation: 0.29046614460666204
test: 0.3265950412354651

epoch: 1793
train: 0.3059828094325613
validation: 0.29041479710993673
test: 0.3265328605577953

epoch: 1794
train: 0.30592074152213844
validation: 0.29036349309467696
test: 0.32647073268418886

epoch: 1795
train: 0.30585872546374254
validation: 0.2903122325183596
test: 0.32640865756350684

epoch: 1796
train: 0.30579676120758287
validation: 0.2902610153385017
test: 0.3263466351446586

epoch: 1797
train: 0.3057348487039158
validation: 0.2902098415126628
test: 0.326284665376603

epoch: 1798
train: 0.3056729879030472
validation: 0.29015871099844276
test: 0.3262227482083479

epoch: 1799
train: 0.3056111787553294
validation: 0.29010762375348337
test: 0.3261608835889494

epoch: 1800
train: 0.3055494212111649
validation: 0.290056579735468
test: 0.32609907146751355

epoch: 1801
train: 0.3054877152210019
validation: 0.2900055789021199
test: 0.32603731179319423

epoch: 1802
train: 0.30542606073533723
validation: 0.2899546212112052
test: 0.325975604515195

epoch: 1803
train: 0.30536445770471504
validation: 0.2899037066205301
test: 0.3259139495827676

epoch: 1804
train: 0.3053029060797293
validation: 0.2898528350879421
test: 0.3258523469452127

epoch: 1805
train: 0.30524140581101944
validation: 0.28980200657132993
test: 0.32579079655187954

epoch: 1806
train: 0.3051799568492732
validation: 0.28975122102862305
test: 0.3257292983521663

epoch: 1807
train: 0.3051185591452258
validation: 0.28970047841779234
test: 0.3256678522955193

epoch: 1808
train: 0.305057212649661
validation: 0.28964977869684955
test: 0.325606458331434

epoch: 1809
train: 0.304995917313409
validation: 0.28959912182384717
test: 0.32554511640945355

epoch: 1810
train: 0.3049346730873481
validation: 0.2895485077568779
test: 0.3254838264791704

epoch: 1811
train: 0.30487347992240366
validation: 0.2894979364540768
test: 0.3254225884902248

epoch: 1812
train: 0.3048123377695488
validation: 0.28944740787361856
test: 0.32536140239230593

epoch: 1813
train: 0.3047512465798034
validation: 0.28939692197371875
test: 0.3253002681351508

epoch: 1814
train: 0.30469020630423577
validation: 0.289346478712634
test: 0.3252391856685452

epoch: 1815
train: 0.30462921689395966
validation: 0.28929607804866164
test: 0.3251781549423224

epoch: 1816
train: 0.304568278300138
validation: 0.2892457199401389
test: 0.32511717590636496

epoch: 1817
train: 0.30450739047397973
validation: 0.2891954043454446
test: 0.3250562485106026

epoch: 1818
train: 0.304446553366742
validation: 0.2891451312229973
test: 0.32499537270501394

epoch: 1819
train: 0.3043857669297268
validation: 0.28909490053125686
test: 0.32493454843962505

epoch: 1820
train: 0.30432503111428544
validation: 0.2890447122287226
test: 0.32487377566451053

epoch: 1821
train: 0.30426434587181495
validation: 0.2889945662739354
test: 0.3248130543297924

epoch: 1822
train: 0.30420371115376
validation: 0.28894446262547563
test: 0.32475238438564163

epoch: 1823
train: 0.3041431269116121
validation: 0.2888944012419645
test: 0.32469176578227604

epoch: 1824
train: 0.3040825930969093
validation: 0.28884438208206353
test: 0.3246311984699618

epoch: 1825
train: 0.3040221096612361
validation: 0.28879440510447424
test: 0.32457068239901327

epoch: 1826
train: 0.30396167655622436
validation: 0.28874447026793876
test: 0.3245102175197916

epoch: 1827
train: 0.3039012937335525
validation: 0.28869457753123906
test: 0.3244498037827063

epoch: 1828
train: 0.3038409611449459
validation: 0.28864472685319736
test: 0.3243894411382151

epoch: 1829
train: 0.3037806787421759
validation: 0.2885949181926763
test: 0.3243291295368224

epoch: 1830
train: 0.30372044647706065
validation: 0.28854515150857846
test: 0.32426886892908074

epoch: 1831
train: 0.3036602643014656
validation: 0.2884954267598458
test: 0.32420865926559017

epoch: 1832
train: 0.3036001321673016
validation: 0.2884457439054618
test: 0.3241485004969983

epoch: 1833
train: 0.30354005002652606
validation: 0.28839610290444834
test: 0.324088392574

epoch: 1834
train: 0.3034800178311437
validation: 0.288346503715868
test: 0.32402833544733795

epoch: 1835
train: 0.30342003553320485
validation: 0.28829694629882346
test: 0.3239683290678018

epoch: 1836
train: 0.3033601030848064
validation: 0.28824743061245683
test: 0.32390837338622885

epoch: 1837
train: 0.30330022043809096
validation: 0.28819795661594977
test: 0.32384846835350395

epoch: 1838
train: 0.3032403875452487
validation: 0.2881485242685246
test: 0.3237886139205584

epoch: 1839
train: 0.30318060435851446
validation: 0.28809913352944294
test: 0.3237288100383718

epoch: 1840
train: 0.30312087083016936
validation: 0.28804978435800516
test: 0.32366905665797

epoch: 1841
train: 0.30306118691254214
validation: 0.28800047671355344
test: 0.3236093537304266

epoch: 1842
train: 0.3030015525580059
validation: 0.2879512105554676
test: 0.323549701206862

epoch: 1843
train: 0.30294196771898046
validation: 0.287901985843168
test: 0.32349009903844383

epoch: 1844
train: 0.30288243234793166
validation: 0.2878528025361139
test: 0.32343054717638664

epoch: 1845
train: 0.3028229463973709
validation: 0.2878036605938053
test: 0.32337104557195206

epoch: 1846
train: 0.3027635098198556
validation: 0.2877545599757802
test: 0.32331159417644834

epoch: 1847
train: 0.30270412256798934
validation: 0.28770550064161704
test: 0.3232521929412311

epoch: 1848
train: 0.3026447845944208
validation: 0.28765648255093346
test: 0.32319284181770275

epoch: 1849
train: 0.30258549585184485
validation: 0.287607505663386
test: 0.32313354075731193

epoch: 1850
train: 0.30252625629300245
validation: 0.287558569938671
test: 0.32307428971155466

epoch: 1851
train: 0.3024670658706788
validation: 0.2875096753365238
test: 0.3230150886319735

epoch: 1852
train: 0.3024079245377061
validation: 0.28746082181671956
test: 0.3229559374701575

epoch: 1853
train: 0.30234883224696163
validation: 0.28741200933907163
test: 0.32289683617774256

epoch: 1854
train: 0.30228978895136815
validation: 0.28736323786343354
test: 0.3228377847064114

epoch: 1855
train: 0.30223079460389385
validation: 0.2873145073496972
test: 0.32277878300789264

epoch: 1856
train: 0.3021718491575524
validation: 0.28726581775779425
test: 0.3227198310339619

epoch: 1857
train: 0.3021129525654026
validation: 0.2872171690476948
test: 0.32266092873644153

epoch: 1858
train: 0.3020541047805493
validation: 0.2871685611794082
test: 0.32260207606719954

epoch: 1859
train: 0.30199530575614186
validation: 0.2871199941129833
test: 0.322543272978151

epoch: 1860
train: 0.30193655544537507
validation: 0.28707146780850706
test: 0.32248451942125655

epoch: 1861
train: 0.3018778538014894
validation: 0.2870229822261056
test: 0.3224258153485243

epoch: 1862
train: 0.3018192007777697
validation: 0.28697453732594436
test: 0.3223671607120077

epoch: 1863
train: 0.30176059632754676
validation: 0.2869261330682267
test: 0.3223085554638065

epoch: 1864
train: 0.301702040404196
validation: 0.28687776941319604
test: 0.32224999955606715

epoch: 1865
train: 0.30164353296113755
validation: 0.2868294463211334
test: 0.3221914929409815

epoch: 1866
train: 0.30158507395183753
validation: 0.2867811637523591
test: 0.32213303557078815

epoch: 1867
train: 0.3015266633298057
validation: 0.2867329216672321
test: 0.3220746273977716

epoch: 1868
train: 0.3014683010485977
validation: 0.28668472002614964
test: 0.3220162683742618

epoch: 1869
train: 0.3014099870618135
validation: 0.2866365587895482
test: 0.3219579584526354

epoch: 1870
train: 0.30135172132309845
validation: 0.28658843791790195
test: 0.3218996975853148

epoch: 1871
train: 0.30129350378614234
validation: 0.286540357371725
test: 0.321841485724768

epoch: 1872
train: 0.30123533440467937
validation: 0.286492317111568
test: 0.32178332282350885

epoch: 1873
train: 0.3011772131324883
validation: 0.286444317098022
test: 0.3217252088340975

epoch: 1874
train: 0.3011191399233939
validation: 0.28639635729171503
test: 0.32166714370913935

epoch: 1875
train: 0.3010611147312643
validation: 0.28634843765331425
test: 0.32160912740128555

epoch: 1876
train: 0.30100313751001184
validation: 0.2863005581435253
test: 0.32155115986323335

epoch: 1877
train: 0.3009452082135939
validation: 0.28625271872309127
test: 0.32149324104772486

epoch: 1878
train: 0.3008873267960139
validation: 0.2862049193527944
test: 0.3214353709075486

epoch: 1879
train: 0.30082949321131686
validation: 0.2861571599934546
test: 0.3213775493955383

epoch: 1880
train: 0.30077170741359394
validation: 0.2861094406059303
test: 0.3213197764645731

epoch: 1881
train: 0.3007139693569797
validation: 0.28606176115111814
test: 0.32126205206757774

epoch: 1882
train: 0.30065627899565445
validation: 0.2860141215899527
test: 0.32120437615752234

epoch: 1883
train: 0.30059863628384115
validation: 0.28596652188340654
test: 0.3211467486874223

epoch: 1884
train: 0.30054104117580815
validation: 0.28591896199249045
test: 0.3210891696103386

epoch: 1885
train: 0.3004834936258669
validation: 0.2858714418782533
test: 0.32103163887937713

epoch: 1886
train: 0.3004259935883737
validation: 0.2858239615017816
test: 0.3209741564476896

epoch: 1887
train: 0.3003685410177288
validation: 0.2857765208242004
test: 0.3209167222684724

epoch: 1888
train: 0.30031113586837677
validation: 0.2857291198066718
test: 0.3208593362949672

epoch: 1889
train: 0.30025377809480513
validation: 0.2856817584103968
test: 0.3208019984804613

epoch: 1890
train: 0.3001964676515471
validation: 0.28563443659661353
test: 0.3207447087782865

epoch: 1891
train: 0.30013920449317816
validation: 0.2855871543265978
test: 0.32068746714181984

epoch: 1892
train: 0.3000819885743182
validation: 0.28553991156166375
test: 0.32063027352448314

epoch: 1893
train: 0.30002481984963064
validation: 0.2854927082631625
test: 0.32057312787974374

epoch: 1894
train: 0.2999676982738244
validation: 0.2854455443924841
test: 0.3205160301611135

epoch: 1895
train: 0.2999106238016499
validation: 0.28539841991105475
test: 0.32045898032214937

epoch: 1896
train: 0.29985359638790227
validation: 0.28535133478033886
test: 0.320401978316453

epoch: 1897
train: 0.2997966159874203
validation: 0.28530428896183896
test: 0.3203450240976708

epoch: 1898
train: 0.29973968255508643
validation: 0.28525728241709436
test: 0.3202881176194939

epoch: 1899
train: 0.29968279604582604
validation: 0.28521031510768263
test: 0.3202312588356582

epoch: 1900
train: 0.29962595641460926
validation: 0.2851633869952177
test: 0.32017444769994474

epoch: 1901
train: 0.2995691636164487
validation: 0.2851164980413522
test: 0.3201176841661785

epoch: 1902
train: 0.29951241760640046
validation: 0.285069648207775
test: 0.32006096818822943

epoch: 1903
train: 0.2994557183395645
validation: 0.28502283745621326
test: 0.3200042997200118

epoch: 1904
train: 0.2993990657710838
validation: 0.2849760657484307
test: 0.3199476787154846

epoch: 1905
train: 0.2993424598561453
validation: 0.284929333046229
test: 0.31989110512865143

epoch: 1906
train: 0.2992859005499784
validation: 0.284882639311447
test: 0.31983457891355993

epoch: 1907
train: 0.2992293878078559
validation: 0.28483598450595954
test: 0.3197781000243023

epoch: 1908
train: 0.29917292158509423
validation: 0.2847893685916805
test: 0.3197216684150152

epoch: 1909
train: 0.29911650183705274
validation: 0.2847427915305603
test: 0.3196652840398795

epoch: 1910
train: 0.29906012851913355
validation: 0.2846962532845853
test: 0.3196089468531203

epoch: 1911
train: 0.2990038015867825
validation: 0.28464975381578034
test: 0.3195526568090068

epoch: 1912
train: 0.2989475209954881
validation: 0.2846032930862066
test: 0.3194964138618529

epoch: 1913
train: 0.29889128670078147
validation: 0.28455687105796257
test: 0.3194402179660161

epoch: 1914
train: 0.2988350986582376
validation: 0.2845104876931833
test: 0.3193840690758982

epoch: 1915
train: 0.2987789568234737
validation: 0.2844641429540413
test: 0.319327967145945

epoch: 1916
train: 0.29872286115214963
validation: 0.2844178368027461
test: 0.31927191213064643

epoch: 1917
train: 0.29866681159996855
validation: 0.28437156920154283
test: 0.3192159039845364

epoch: 1918
train: 0.2986108081226771
validation: 0.28432534011271476
test: 0.31915994266219266

epoch: 1919
train: 0.2985548506760629
validation: 0.28427914949858146
test: 0.3191040281182369

epoch: 1920
train: 0.2984989392159578
validation: 0.28423299732149937
test: 0.3190481603073347

epoch: 1921
train: 0.2984430736982353
validation: 0.2841868835438612
test: 0.31899233918419523

epoch: 1922
train: 0.2983872540788122
validation: 0.2841408081280969
test: 0.3189365647035718

epoch: 1923
train: 0.29833148031364815
validation: 0.2840947710366729
test: 0.31888083682026125

epoch: 1924
train: 0.29827575235874376
validation: 0.2840487722320921
test: 0.31882515548910423

epoch: 1925
train: 0.2982200701701438
validation: 0.28400281167689373
test: 0.3187695206649848

epoch: 1926
train: 0.2981644337039349
validation: 0.2839568893336546
test: 0.3187139323028309

epoch: 1927
train: 0.29810884291624545
validation: 0.2839110051649865
test: 0.3186583903576139

epoch: 1928
train: 0.2980532977632475
validation: 0.2838651591335392
test: 0.3186028947843487

epoch: 1929
train: 0.29799779820115496
validation: 0.2838193512019977
test: 0.31854744553809405

epoch: 1930
train: 0.29794234418622345
validation: 0.28377358133308384
test: 0.3184920425739512

epoch: 1931
train: 0.2978869356747512
validation: 0.28372784948955615
test: 0.31843668584706586

epoch: 1932
train: 0.29783157262307863
validation: 0.28368215563420884
test: 0.3183813753126267

epoch: 1933
train: 0.29777625498758803
validation: 0.28363649972987315
test: 0.31832611092586566

epoch: 1934
train: 0.2977209827247049
validation: 0.28359088173941566
test: 0.31827089264205777

epoch: 1935
train: 0.2976657557908958
validation: 0.2835453016257404
test: 0.31821572041652185

epoch: 1936
train: 0.2976105741426694
validation: 0.28349975935178606
test: 0.31816059420461956

epoch: 1937
train: 0.29755543773657644
validation: 0.2834542548805286
test: 0.3181055139617558

epoch: 1938
train: 0.29750034652921037
validation: 0.28340878817498016
test: 0.3180504796433786

epoch: 1939
train: 0.29744530047720547
validation: 0.2833633591981879
test: 0.3179954912049788

epoch: 1940
train: 0.2973902995372383
validation: 0.28331796791323627
test: 0.317940548602091

epoch: 1941
train: 0.2973353436660275
validation: 0.28327261428324485
test: 0.31788565179029216

epoch: 1942
train: 0.29728043282033345
validation: 0.28322729827136917
test: 0.31783080072520237

epoch: 1943
train: 0.2972255669569582
validation: 0.2831820198408018
test: 0.31777599536248474

epoch: 1944
train: 0.29717074603274546
validation: 0.28313677895477013
test: 0.317721235657845

epoch: 1945
train: 0.29711597000458007
validation: 0.28309157557653736
test: 0.3176665215670322

epoch: 1946
train: 0.29706123882939034
validation: 0.2830464096694034
test: 0.3176118530458381

epoch: 1947
train: 0.2970065524641437
validation: 0.2830012811967029
test: 0.31755723005009656

epoch: 1948
train: 0.2969519108658515
validation: 0.2829561901218073
test: 0.317502652535685

epoch: 1949
train: 0.2968973139915645
validation: 0.2829111364081233
test: 0.3174481204585232

epoch: 1950
train: 0.29684276179837643
validation: 0.28286612001909306
test: 0.3173936337745734

epoch: 1951
train: 0.2967882542434218
validation: 0.28282114091819444
test: 0.3173391924398408

epoch: 1952
train: 0.29673379128387684
validation: 0.2827761990689417
test: 0.317284796410373

epoch: 1953
train: 0.29667937287695917
validation: 0.2827312944348837
test: 0.31723044564226

epoch: 1954
train: 0.2966249989799268
validation: 0.28268642697960494
test: 0.31717614009163414

epoch: 1955
train: 0.2965706695500805
validation: 0.28264159666672684
test: 0.3171218797146711

epoch: 1956
train: 0.2965163845447608
validation: 0.2825968034599043
test: 0.31706766446758744

epoch: 1957
train: 0.296462143921351
validation: 0.2825520473228288
test: 0.31701349430664405

epoch: 1958
train: 0.2964079476372742
validation: 0.2825073282192274
test: 0.31695936918814244

epoch: 1959
train: 0.29635379564999487
validation: 0.2824626461128619
test: 0.3169052890684269

epoch: 1960
train: 0.29629968791701944
validation: 0.2824180009675298
test: 0.3168512539038846

epoch: 1961
train: 0.29624562439589486
validation: 0.28237339274706363
test: 0.31679726365094396

epoch: 1962
train: 0.2961916050442078
validation: 0.28232882141533167
test: 0.3167433182660764

epoch: 1963
train: 0.29613762981958863
validation: 0.2822842869362375
test: 0.3166894177057947

epoch: 1964
train: 0.29608369867970585
validation: 0.2822397892737195
test: 0.31663556192665465

epoch: 1965
train: 0.29602981158227054
validation: 0.282195328391751
test: 0.3165817508852532

epoch: 1966
train: 0.2959759684850345
validation: 0.2821509042543411
test: 0.3165279845382299

epoch: 1967
train: 0.29592216934578947
validation: 0.2821065168255339
test: 0.31647426284226565

epoch: 1968
train: 0.2958684141223686
validation: 0.28206216606940804
test: 0.31642058575408416

epoch: 1969
train: 0.2958147027726457
validation: 0.282017851950078
test: 0.3163669532304504

epoch: 1970
train: 0.2957610352545355
validation: 0.28197357443169274
test: 0.3163133652281711

epoch: 1971
train: 0.2957074115259922
validation: 0.28192933347843624
test: 0.3162598217040953

epoch: 1972
train: 0.29565383154501257
validation: 0.2818851290545274
test: 0.31620632261511356

epoch: 1973
train: 0.29560029526963194
validation: 0.2818409611242205
test: 0.31615286791815805

epoch: 1974
train: 0.2955468026579276
validation: 0.28179682965180414
test: 0.31609945757020286

epoch: 1975
train: 0.2954933536680169
validation: 0.28175273460160183
test: 0.31604609152826346

epoch: 1976
train: 0.29543994825805714
validation: 0.2817086759379722
test: 0.3159927697493972

epoch: 1977
train: 0.29538658638624643
validation: 0.2816646536253083
test: 0.3159394921907031

epoch: 1978
train: 0.2953332680108235
validation: 0.28162066762803817
test: 0.3158862588093213

epoch: 1979
train: 0.2952799930900673
validation: 0.2815767179106245
test: 0.3158330695624337

epoch: 1980
train: 0.2952267615822967
validation: 0.2815328044375648
test: 0.31577992440726366

epoch: 1981
train: 0.29517357344587114
validation: 0.28148892717339064
test: 0.315726823301076

epoch: 1982
train: 0.29512042863919014
validation: 0.2814450860826688
test: 0.3156737662011766

epoch: 1983
train: 0.29506732712069356
validation: 0.2814012811300005
test: 0.3156207530649135

epoch: 1984
train: 0.29501426884886095
validation: 0.28135751228002137
test: 0.3155677838496746

epoch: 1985
train: 0.29496125378221266
validation: 0.28131377949740166
test: 0.3155148585128905

epoch: 1986
train: 0.2949082818793086
validation: 0.2812700827468459
test: 0.31546197701203266

epoch: 1987
train: 0.29485535309874944
validation: 0.2812264219930932
test: 0.31540913930461295

epoch: 1988
train: 0.2948024673991744
validation: 0.2811827972009174
test: 0.31535634534818535

epoch: 1989
train: 0.2947496247392633
validation: 0.2811392083351259
test: 0.31530359510034445

epoch: 1990
train: 0.2946968250777373
validation: 0.28109565536056136
test: 0.3152508885187262

epoch: 1991
train: 0.294644068373355
validation: 0.2810521382421
test: 0.31519822556100696

epoch: 1992
train: 0.2945913545849167
validation: 0.28100865694465277
test: 0.31514560618490495

epoch: 1993
train: 0.29453868367126135
validation: 0.28096521143316444
test: 0.31509303034817876

epoch: 1994
train: 0.2944860555912679
validation: 0.2809218016726148
test: 0.315040498008628

epoch: 1995
train: 0.29443347030385575
validation: 0.2808784276280166
test: 0.3149880091240934

epoch: 1996
train: 0.29438092776798336
validation: 0.2808350892644181
test: 0.31493556365245606

epoch: 1997
train: 0.29432842794264835
validation: 0.2807917865469004
test: 0.31488316155163837

epoch: 1998
train: 0.2942759707868894
validation: 0.28074851944057927
test: 0.31483080277960307

epoch: 1999
train: 0.2942235562597828
validation: 0.28070528791060495
test: 0.314778487294354

epoch: 2000
train: 0.2941711843204463
validation: 0.2806620919221606
test: 0.31472621505393544

epoch: 2001
train: 0.29411885492803563
validation: 0.2806189314404644
test: 0.31467398601643226

epoch: 2002
train: 0.2940665680417471
validation: 0.28057580643076807
test: 0.31462180013997015

epoch: 2003
train: 0.2940143236208152
validation: 0.28053271685835707
test: 0.31456965738271525

epoch: 2004
train: 0.2939621216245147
validation: 0.2804896626885508
test: 0.3145175577028742

epoch: 2005
train: 0.29390996201216013
validation: 0.2804466438867025
test: 0.31446550105869425

epoch: 2006
train: 0.2938578447431037
validation: 0.2804036604181996
test: 0.31441348740846276

epoch: 2007
train: 0.2938057697767383
validation: 0.280360712248463
test: 0.31436151671050816

epoch: 2008
train: 0.29375373707249597
validation: 0.28031779934294687
test: 0.3143095889231986

epoch: 2009
train: 0.2937017465898465
validation: 0.2802749216671401
test: 0.3142577040049429

epoch: 2010
train: 0.2936497982883006
validation: 0.28023207918656445
test: 0.31420586191419014

epoch: 2011
train: 0.2935978921274078
validation: 0.28018927186677606
test: 0.3141540626094295

epoch: 2012
train: 0.29354602806675484
validation: 0.28014649967336375
test: 0.3141023060491905

epoch: 2013
train: 0.29349420606597026
validation: 0.28010376257195035
test: 0.3140505921920431

epoch: 2014
train: 0.29344242608471927
validation: 0.28006106052819285
test: 0.3139989209965969

epoch: 2015
train: 0.2933906880827072
validation: 0.28001839350778035
test: 0.3139472924215021

epoch: 2016
train: 0.2933389920196784
validation: 0.2799757614764372
test: 0.3138957064254484

epoch: 2017
train: 0.2932873378554158
validation: 0.27993316439991967
test: 0.31384416296716633

epoch: 2018
train: 0.2932357255497403
validation: 0.2798906022440183
test: 0.31379266200542527

epoch: 2019
train: 0.2931841550625138
validation: 0.2798480749745567
test: 0.313741203499036

epoch: 2020
train: 0.2931326263536338
validation: 0.2798055825573918
test: 0.31368978740684805

epoch: 2021
train: 0.2930811393830403
validation: 0.27976312495841416
test: 0.3136384136877513

epoch: 2022
train: 0.2930296941107088
validation: 0.2797207021435473
test: 0.3135870823006753

epoch: 2023
train: 0.29297829049665447
validation: 0.2796783140787484
test: 0.3135357932045895

epoch: 2024
train: 0.29292692850093227
validation: 0.27963596073000746
test: 0.3134845463585034

epoch: 2025
train: 0.29287560808363416
validation: 0.27959364206334725
test: 0.31343334172146586

epoch: 2026
train: 0.2928243292048913
validation: 0.27955135804482506
test: 0.3133821792525653

epoch: 2027
train: 0.2927730918248733
validation: 0.2795091086405301
test: 0.3133310589109302

epoch: 2028
train: 0.29272189590378855
validation: 0.2794668938165852
test: 0.3132799806557285

epoch: 2029
train: 0.29267074140188293
validation: 0.2794247135391461
test: 0.3132289444461675

epoch: 2030
train: 0.2926196282794416
validation: 0.2793825677744017
test: 0.3131779502414945

epoch: 2031
train: 0.29256855649678865
validation: 0.27934045648857336
test: 0.31312699800099586

epoch: 2032
train: 0.2925175260142841
validation: 0.27929837964791643
test: 0.3130760876839979

epoch: 2033
train: 0.29246653679232915
validation: 0.27925633721871834
test: 0.31302521924986537

epoch: 2034
train: 0.2924155887913611
validation: 0.2792143291672998
test: 0.31297439265800364

epoch: 2035
train: 0.2923646819718567
validation: 0.27917235546001395
test: 0.3129236078678569

epoch: 2036
train: 0.29231381629432984
validation: 0.2791304160632478
test: 0.3128728648389084

epoch: 2037
train: 0.29226299171933373
validation: 0.27908851094341974
test: 0.3128221635306808

epoch: 2038
train: 0.2922122082074588
validation: 0.2790466400669823
test: 0.3127715039027364

epoch: 2039
train: 0.2921614657193338
validation: 0.2790048034004198
test: 0.31272088591467634

epoch: 2040
train: 0.2921107642156258
validation: 0.2789630009102495
test: 0.312670309526141

epoch: 2041
train: 0.29206010365703866
validation: 0.2789212325630218
test: 0.31261977469680957

epoch: 2042
train: 0.2920094840043165
validation: 0.27887949832531916
test: 0.31256928138640094

epoch: 2043
train: 0.291958905218239
validation: 0.27883779816375687
test: 0.3125188295546728

epoch: 2044
train: 0.2919083672596247
validation: 0.2787961320449829
test: 0.3124684191614217

epoch: 2045
train: 0.2918578700893303
validation: 0.27875449993567764
test: 0.31241805016648316

epoch: 2046
train: 0.2918074136682497
validation: 0.27871290180255426
test: 0.3123677225297319

epoch: 2047
train: 0.29175699795731497
validation: 0.27867133761235774
test: 0.31231743621108154

epoch: 2048
train: 0.29170662291749533
validation: 0.2786298073318669
test: 0.31226719117048407

epoch: 2049
train: 0.2916562885097988
validation: 0.27858831092789127
test: 0.31221698736793085

epoch: 2050
train: 0.2916059946952697
validation: 0.27854684836727395
test: 0.3121668247634522

epoch: 2051
train: 0.29155574143499113
validation: 0.2785054196168899
test: 0.3121167033171163

epoch: 2052
train: 0.29150552869008306
validation: 0.2784640246436466
test: 0.3120666229890309

epoch: 2053
train: 0.2914553564217035
validation: 0.27842266341448424
test: 0.31201658373934216

epoch: 2054
train: 0.29140522459104723
validation: 0.2783813358963743
test: 0.31196658552823464

epoch: 2055
train: 0.2913551331593477
validation: 0.27834004205632135
test: 0.31191662831593203

epoch: 2056
train: 0.29130508208787437
validation: 0.2782987818613616
test: 0.311866712062696

epoch: 2057
train: 0.2912550713379348
validation: 0.2782575552785638
test: 0.3118168367288274

epoch: 2058
train: 0.2912051008708746
validation: 0.27821636227502916
test: 0.3117670022746649

epoch: 2059
train: 0.29115517064807506
validation: 0.2781752028178899
test: 0.31171720866058616

epoch: 2060
train: 0.29110528063095714
validation: 0.27813407687431135
test: 0.31166745584700695

epoch: 2061
train: 0.29105543078097634
validation: 0.27809298441149094
test: 0.31161774379438173

epoch: 2062
train: 0.29100562105962763
validation: 0.27805192539665713
test: 0.31156807246320306

epoch: 2063
train: 0.29095585142844177
validation: 0.2780108997970715
test: 0.31151844181400157

epoch: 2064
train: 0.29090612184898695
validation: 0.27796990758002654
test: 0.31146885180734674

epoch: 2065
train: 0.29085643228286934
validation: 0.2779289487128475
test: 0.31141930240384624

epoch: 2066
train: 0.2908067826917309
validation: 0.2778880231628913
test: 0.3113697935641453

epoch: 2067
train: 0.2907571730372514
validation: 0.27784713089754665
test: 0.311320325248928

epoch: 2068
train: 0.2907076032811478
validation: 0.27780627188423396
test: 0.3112708974189165

epoch: 2069
train: 0.2906580733851734
validation: 0.27776544609040565
test: 0.31122151003487036

epoch: 2070
train: 0.2906085833111185
validation: 0.27772465348354597
test: 0.3111721630575882

epoch: 2071
train: 0.29055913302081104
validation: 0.27768389403117055
test: 0.31112285644790594

epoch: 2072
train: 0.29050972247611523
validation: 0.2776431677008271
test: 0.31107359016669783

epoch: 2073
train: 0.29046035163893213
validation: 0.27760247446009517
test: 0.31102436417487583

epoch: 2074
train: 0.2904110204711998
validation: 0.27756181427658516
test: 0.31097517843339006

epoch: 2075
train: 0.29036172893489226
validation: 0.27752118711794
test: 0.3109260329032282

epoch: 2076
train: 0.2903124769920217
validation: 0.2774805929518338
test: 0.3108769275454162

epoch: 2077
train: 0.290263264604636
validation: 0.2774400317459718
test: 0.31082786232101733

epoch: 2078
train: 0.29021409173482
validation: 0.2773995034680918
test: 0.31077883719113325

epoch: 2079
train: 0.2901649583446945
validation: 0.27735900808596237
test: 0.3107298521169027

epoch: 2080
train: 0.29011586439641784
validation: 0.2773185455673834
test: 0.31068090705950274

epoch: 2081
train: 0.2900668098521848
validation: 0.2772781158801869
test: 0.3106320019801473

epoch: 2082
train: 0.29001779467422617
validation: 0.2772377189922357
test: 0.3105831368400886

epoch: 2083
train: 0.2899688188248091
validation: 0.2771973548714244
test: 0.3105343116006166

epoch: 2084
train: 0.2899198822662377
validation: 0.2771570234856782
test: 0.31048552622305786

epoch: 2085
train: 0.2898709849608527
validation: 0.27711672480295485
test: 0.3104367806687774

epoch: 2086
train: 0.28982212687102993
validation: 0.27707645879124204
test: 0.31038807489917725

epoch: 2087
train: 0.2897733079591835
validation: 0.27703622541856
test: 0.31033940887569705

epoch: 2088
train: 0.28972452818776157
validation: 0.27699602465295914
test: 0.31029078255981396

epoch: 2089
train: 0.2896757875192506
validation: 0.276955856462522
test: 0.31024219591304225

epoch: 2090
train: 0.289627085916172
validation: 0.2769157208153611
test: 0.31019364889693374

epoch: 2091
train: 0.2895784233410841
validation: 0.2768756176796209
test: 0.3101451414730771

epoch: 2092
train: 0.2895297997565803
validation: 0.2768355470234771
test: 0.31009667360309917

epoch: 2093
train: 0.28948121512529174
validation: 0.2767955088151362
test: 0.31004824524866303

epoch: 2094
train: 0.28943266940988444
validation: 0.27675550302283514
test: 0.30999985637146976

epoch: 2095
train: 0.2893841625730609
validation: 0.2767155296148433
test: 0.30995150693325696

epoch: 2096
train: 0.28933569457755975
validation: 0.2766755885594596
test: 0.3099031968957997

epoch: 2097
train: 0.2892872653861548
validation: 0.2766356798250151
test: 0.3098549262209102

epoch: 2098
train: 0.28923887496165723
validation: 0.2765958033798704
test: 0.3098066948704376

epoch: 2099
train: 0.28919052326691275
validation: 0.27655595919241827
test: 0.3097585028062678

epoch: 2100
train: 0.2891422102648039
validation: 0.27651614723108203
test: 0.30971034999032426

epoch: 2101
train: 0.28909393591824867
validation: 0.27647636746431525
test: 0.309662236384567

epoch: 2102
train: 0.28904570019020065
validation: 0.27643661986060314
test: 0.30961416195099284

epoch: 2103
train: 0.28899750304364963
validation: 0.27639690438846093
test: 0.30956612665163585

epoch: 2104
train: 0.28894934444162074
validation: 0.276357221016435
test: 0.3095181304485667

epoch: 2105
train: 0.28890122434717536
validation: 0.27631756971310256
test: 0.30947017330389304

epoch: 2106
train: 0.28885314272341045
validation: 0.27627795044707115
test: 0.30942225517975896

epoch: 2107
train: 0.2888050995334575
validation: 0.27623836318697903
test: 0.3093743760383455

epoch: 2108
train: 0.2887570947404856
validation: 0.2761988079014955
test: 0.3093265358418708

epoch: 2109
train: 0.28870912830769746
validation: 0.2761592845593197
test: 0.30927873455258875

epoch: 2110
train: 0.28866120019833236
validation: 0.2761197931291821
test: 0.3092309721327906

epoch: 2111
train: 0.2886133103756653
validation: 0.27608033357984313
test: 0.309183248544804

epoch: 2112
train: 0.28856545880300594
validation: 0.2760409058800942
test: 0.3091355637509929

epoch: 2113
train: 0.2885176454436994
validation: 0.2760015099987569
test: 0.3090879177137585

epoch: 2114
train: 0.28846987026112747
validation: 0.27596214590468315
test: 0.30904031039553725

epoch: 2115
train: 0.2884221332187061
validation: 0.2759228135667557
test: 0.30899274175880354

epoch: 2116
train: 0.2883744342798862
validation: 0.2758835129538872
test: 0.3089452117660668

epoch: 2117
train: 0.28832677340815543
validation: 0.275844244035021
test: 0.30889772037987406

epoch: 2118
train: 0.2882791505670357
validation: 0.2758050067791309
test: 0.30885026756280776

epoch: 2119
train: 0.28823156572008424
validation: 0.2757658011552204
test: 0.30880285327748724

epoch: 2120
train: 0.2881840188308937
validation: 0.2757266271323239
test: 0.30875547748656756

epoch: 2121
train: 0.28813650986309164
validation: 0.2756874846795057
test: 0.3087081401527407

epoch: 2122
train: 0.28808903878034114
validation: 0.2756483737658603
test: 0.3086608412387343

epoch: 2123
train: 0.2880416055463403
validation: 0.27560929436051296
test: 0.30861358070731243

epoch: 2124
train: 0.28799421012482135
validation: 0.2755702464326179
test: 0.30856635852127506

epoch: 2125
train: 0.2879468524795535
validation: 0.2755312299513607
test: 0.30851917464345896

epoch: 2126
train: 0.28789953257433865
validation: 0.27549224488595625
test: 0.30847202903673604

epoch: 2127
train: 0.287852250373015
validation: 0.27545329120564965
test: 0.30842492166401486

epoch: 2128
train: 0.2878050058394559
validation: 0.2754143688797165
test: 0.30837785248823973

epoch: 2129
train: 0.2877577989375688
validation: 0.27537547787746175
test: 0.3083308214723908

epoch: 2130
train: 0.28771062963129646
validation: 0.27533661816822075
test: 0.3082838285794847

epoch: 2131
train: 0.2876634978846159
validation: 0.2752977897213586
test: 0.3082368737725734

epoch: 2132
train: 0.2876164036615399
validation: 0.27525899250627045
test: 0.30818995701474494

epoch: 2133
train: 0.2875693469261152
validation: 0.27522022649238126
test: 0.30814307826912324

epoch: 2134
train: 0.2875223276424237
validation: 0.2751814916491459
test: 0.30809623749886794

epoch: 2135
train: 0.2874753457745816
validation: 0.27514278794604874
test: 0.3080494346671746

epoch: 2136
train: 0.28742840128674
validation: 0.27510411535260487
test: 0.308002669737274

epoch: 2137
train: 0.28738149414308456
validation: 0.2750654738383579
test: 0.3079559426724335

epoch: 2138
train: 0.28733462430783563
validation: 0.2750268633728822
test: 0.307909253435955

epoch: 2139
train: 0.28728779174524777
validation: 0.2749882839257812
test: 0.307862601991177

epoch: 2140
train: 0.2872409964196109
validation: 0.27494973546668827
test: 0.30781598830147305

epoch: 2141
train: 0.2871942382952478
validation: 0.27491121796526674
test: 0.30776941233025246

epoch: 2142
train: 0.2871475173365178
validation: 0.2748727313912091
test: 0.30772287404096016

epoch: 2143
train: 0.28710083350781324
validation: 0.2748342757142377
test: 0.30767637339707615

epoch: 2144
train: 0.28705418677356087
validation: 0.27479585090410424
test: 0.30762991036211657

epoch: 2145
train: 0.28700757709822267
validation: 0.27475745693059045
test: 0.30758348489963194

epoch: 2146
train: 0.2869610044462939
validation: 0.27471909376350667
test: 0.3075370969732093

epoch: 2147
train: 0.2869144687823048
validation: 0.27468076137269376
test: 0.30749074654647035

epoch: 2148
train: 0.28686797007081966
validation: 0.27464245972802154
test: 0.30744443358307216

epoch: 2149
train: 0.2868215082764373
validation: 0.27460418879938897
test: 0.30739815804670745

epoch: 2150
train: 0.28677508336378954
validation: 0.2745659485567248
test: 0.3073519199011036

epoch: 2151
train: 0.2867286952975444
validation: 0.27452773896998706
test: 0.30730571911002386

epoch: 2152
train: 0.286682344042402
validation: 0.2744895600091635
test: 0.3072595556372662

epoch: 2153
train: 0.2866360295630979
validation: 0.27445141164427017
test: 0.3072134294466638

epoch: 2154
train: 0.2865897518244009
validation: 0.2744132938453538
test: 0.3071673405020853

epoch: 2155
train: 0.28654351079111395
validation: 0.27437520658248893
test: 0.30712128876743366

epoch: 2156
train: 0.2864973064280749
validation: 0.2743371498257804
test: 0.30707527420664793

epoch: 2157
train: 0.28645113870015454
validation: 0.27429912354536173
test: 0.3070292967837012

epoch: 2158
train: 0.2864050075722575
validation: 0.2742611277113959
test: 0.30698335646260216

epoch: 2159
train: 0.2863589130093232
validation: 0.2742231622940747
test: 0.30693745320739424

epoch: 2160
train: 0.286312854976324
validation: 0.2741852272636193
test: 0.30689158698215596

epoch: 2161
train: 0.2862668334382669
validation: 0.27414732259028
test: 0.3068457577509999

epoch: 2162
train: 0.28622084836019174
validation: 0.2741094482443359
test: 0.30679996547807487

epoch: 2163
train: 0.2861748997071733
validation: 0.27407160419609544
test: 0.3067542101275632

epoch: 2164
train: 0.28612898744431914
validation: 0.2740337904158957
test: 0.30670849166368286

epoch: 2165
train: 0.2860831115367703
validation: 0.2739960068741029
test: 0.3066628100506859

epoch: 2166
train: 0.2860372719497034
validation: 0.2739582535411123
test: 0.30661716525285987

epoch: 2167
train: 0.28599146864832575
validation: 0.27392053038734826
test: 0.30657155723452634

epoch: 2168
train: 0.28594570159788096
validation: 0.2738828373832634
test: 0.30652598596004155

epoch: 2169
train: 0.2858999707636449
validation: 0.27384517449933954
test: 0.3064804513937967

epoch: 2170
train: 0.2858542761109264
validation: 0.2738075417060878
test: 0.30643495350021727

epoch: 2171
train: 0.28580861760506926
validation: 0.27376993897404744
test: 0.30638949224376366

epoch: 2172
train: 0.28576299521144943
validation: 0.27373236627378655
test: 0.3063440675889301

epoch: 2173
train: 0.28571740889547753
validation: 0.27369482357590263
test: 0.3062986795002463

epoch: 2174
train: 0.2856718586225966
validation: 0.27365731085102085
test: 0.3062533279422752

epoch: 2175
train: 0.2856263443582832
validation: 0.2736198280697961
test: 0.3062080128796153

epoch: 2176
train: 0.2855808660680479
validation: 0.2735823752029113
test: 0.30616273427689866

epoch: 2177
train: 0.28553542371743384
validation: 0.2735449522210785
test: 0.306117492098792

epoch: 2178
train: 0.28549001727201745
validation: 0.2735075590950375
test: 0.3060722863099965

epoch: 2179
train: 0.28544464669740904
validation: 0.27347019579555754
test: 0.3060271168752472

epoch: 2180
train: 0.2853993119592511
validation: 0.2734328622934362
test: 0.305981983759314

epoch: 2181
train: 0.2853540130232209
validation: 0.27339555855949915
test: 0.3059368869270002

epoch: 2182
train: 0.2853087498550272
validation: 0.2733582845646013
test: 0.3058918263431441

epoch: 2183
train: 0.2852635224204128
validation: 0.2733210402796256
test: 0.3058468019726176

epoch: 2184
train: 0.2852183306851528
validation: 0.2732838256754833
test: 0.305801813780327

epoch: 2185
train: 0.28517317461505665
validation: 0.2732466407231145
test: 0.30575686173121225

epoch: 2186
train: 0.2851280541759658
validation: 0.273209485393487
test: 0.305711945790248

epoch: 2187
train: 0.28508296933375493
validation: 0.273172359657598
test: 0.30566706592244247

epoch: 2188
train: 0.28503792005433154
validation: 0.27313526348647205
test: 0.3056222220928379

epoch: 2189
train: 0.2849929063036365
validation: 0.2730981968511623
test: 0.3055774142665105

epoch: 2190
train: 0.28494792804764335
validation: 0.27306115972275047
test: 0.3055326424085707

epoch: 2191
train: 0.2849029852523578
validation: 0.2730241520723464
test: 0.30548790648416224

epoch: 2192
train: 0.28485807788381967
validation: 0.27298717387108795
test: 0.30544320645846335

epoch: 2193
train: 0.28481320590810044
validation: 0.27295022509014144
test: 0.3053985422966854

epoch: 2194
train: 0.28476836929130545
validation: 0.27291330570070105
test: 0.30535391396407396

epoch: 2195
train: 0.28472356799957144
validation: 0.27287641567398924
test: 0.3053093214259087

epoch: 2196
train: 0.28467880199906903
validation: 0.2728395549812569
test: 0.3052647646475022

epoch: 2197
train: 0.2846340712560004
validation: 0.2728027235937829
test: 0.305220243594201

epoch: 2198
train: 0.28458937573660226
validation: 0.27276592148287304
test: 0.3051757582313859

epoch: 2199
train: 0.2845447154071414
validation: 0.2727291486198634
test: 0.3051313085244705

epoch: 2200
train: 0.2845000902339189
validation: 0.2726924049761158
test: 0.30508689443890236

epoch: 2201
train: 0.28445550018326804
validation: 0.2726556905230216
test: 0.30504251594016285

epoch: 2202
train: 0.28441094522155463
validation: 0.2726190052319991
test: 0.30499817299376614

epoch: 2203
train: 0.2843664253151767
validation: 0.27258234907449524
test: 0.30495386556526066

epoch: 2204
train: 0.2843219404305651
validation: 0.27254572202198457
test: 0.304909593620228

epoch: 2205
train: 0.2842774905341822
validation: 0.27250912404596933
test: 0.3048653571242829

epoch: 2206
train: 0.2842330755925243
validation: 0.27247255511798
test: 0.30482115604307414

epoch: 2207
train: 0.2841886955721185
validation: 0.2724360152095747
test: 0.30477699034228317

epoch: 2208
train: 0.28414435043952535
validation: 0.27239950429233883
test: 0.30473285998762534

epoch: 2209
train: 0.2841000401613371
validation: 0.2723630223378865
test: 0.30468876494484876

epoch: 2210
train: 0.284055764704178
validation: 0.2723265693178591
test: 0.3046447051797353

epoch: 2211
train: 0.28401152403470564
validation: 0.2722901452039252
test: 0.30460068065809975

epoch: 2212
train: 0.2839673181196088
validation: 0.27225374996778207
test: 0.30455669134579033

epoch: 2213
train: 0.283923146925609
validation: 0.2722173835811538
test: 0.30451273720868827

epoch: 2214
train: 0.2838790104194588
validation: 0.2721810460157926
test: 0.304468818212708

epoch: 2215
train: 0.28383490856794485
validation: 0.27214473724347776
test: 0.3044249343237968

epoch: 2216
train: 0.283790841337884
validation: 0.2721084572360172
test: 0.3043810855079358

epoch: 2217
train: 0.28374680869612606
validation: 0.27207220596524506
test: 0.3043372717311381

epoch: 2218
train: 0.28370281060955266
validation: 0.27203598340302376
test: 0.30429349295945074

epoch: 2219
train: 0.2836588470450776
validation: 0.271999789521243
test: 0.3042497491589532

epoch: 2220
train: 0.2836149179696463
validation: 0.2719636242918203
test: 0.30420604029575815

epoch: 2221
train: 0.2835710233502358
validation: 0.2719274876867
test: 0.3041623663360109

epoch: 2222
train: 0.2835271631538563
validation: 0.2718913796778545
test: 0.30411872724588984

epoch: 2223
train: 0.2834833373475486
validation: 0.2718553002372826
test: 0.30407512299160655

epoch: 2224
train: 0.28343954589838577
validation: 0.27181924933701207
test: 0.3040315535394048

epoch: 2225
train: 0.283395788773473
validation: 0.27178322694909646
test: 0.3039880188555615

epoch: 2226
train: 0.2833520659399462
validation: 0.2717472330456173
test: 0.3039445189063863

epoch: 2227
train: 0.2833083773649745
validation: 0.27171126759868364
test: 0.3039010536582215

epoch: 2228
train: 0.2832647230157576
validation: 0.271675330580431
test: 0.30385762307744213

epoch: 2229
train: 0.2832211028595275
validation: 0.2716394219630231
test: 0.30381422713045597

epoch: 2230
train: 0.2831775168635474
validation: 0.2716035417186501
test: 0.3037708657837032

epoch: 2231
train: 0.2831339649951119
validation: 0.2715676898195296
test: 0.3037275390036569

epoch: 2232
train: 0.28309044722154836
validation: 0.27153186623790637
test: 0.3036842467568225

epoch: 2233
train: 0.2830469635102147
validation: 0.27149607094605244
test: 0.30364098900973796

epoch: 2234
train: 0.28300351382850075
validation: 0.2714603039162666
test: 0.30359776572897396

epoch: 2235
train: 0.2829600981438266
validation: 0.27142456512087476
test: 0.3035545768811334

epoch: 2236
train: 0.2829167164236463
validation: 0.27138885453223033
test: 0.3035114224328518

epoch: 2237
train: 0.2828733686354422
validation: 0.2713531721227133
test: 0.303468302350797

epoch: 2238
train: 0.28283005474673206
validation: 0.2713175178647304
test: 0.30342521660166927

epoch: 2239
train: 0.28278677472506075
validation: 0.27128189173071654
test: 0.3033821651522014

epoch: 2240
train: 0.2827435285380074
validation: 0.27124629369313163
test: 0.303339147969158

epoch: 2241
train: 0.2827003161531814
validation: 0.27121072372446425
test: 0.3032961650193363

epoch: 2242
train: 0.28265713753822236
validation: 0.27117518179722927
test: 0.3032532162695659

epoch: 2243
train: 0.28261399266080384
validation: 0.2711396678839677
test: 0.30321030168670854

epoch: 2244
train: 0.28257088148862847
validation: 0.27110418195724867
test: 0.30316742123765805

epoch: 2245
train: 0.2825278039894308
validation: 0.27106872398966697
test: 0.30312457488934025

epoch: 2246
train: 0.2824847601309755
validation: 0.27103329395384496
test: 0.3030817626087136

epoch: 2247
train: 0.2824417498810604
validation: 0.27099789182243134
test: 0.30303898436276827

epoch: 2248
train: 0.28239877320751267
validation: 0.27096251756810186
test: 0.3029962401185267

epoch: 2249
train: 0.28235583007819115
validation: 0.2709271711635586
test: 0.30295352984304313

epoch: 2250
train: 0.2823129204609863
validation: 0.2708918525815301
test: 0.3029108535034041

epoch: 2251
train: 0.2822700443238184
validation: 0.27085656179477274
test: 0.3028682110667278

epoch: 2252
train: 0.28222720163463955
validation: 0.270821298776068
test: 0.30282560250016455

epoch: 2253
train: 0.28218439236143267
validation: 0.2707860634982253
test: 0.30278302777089694

epoch: 2254
train: 0.28214161647221175
validation: 0.27075085593407955
test: 0.3027404868461386

epoch: 2255
train: 0.2820988739350207
validation: 0.2707156760564927
test: 0.3026979796931358

epoch: 2256
train: 0.2820561647179355
validation: 0.2706805238383534
test: 0.30265550627916626

epoch: 2257
train: 0.28201348878906235
validation: 0.2706453992525766
test: 0.3026130665715395

epoch: 2258
train: 0.28197084611653855
validation: 0.2706103022721036
test: 0.30257066053759696

epoch: 2259
train: 0.2819282366685321
validation: 0.27057523286990204
test: 0.3025282881447116

epoch: 2260
train: 0.2818856604132411
validation: 0.27054019101896665
test: 0.30248594936028844

epoch: 2261
train: 0.2818431173188948
validation: 0.27050517669231783
test: 0.30244364415176367

epoch: 2262
train: 0.28180060735375423
validation: 0.2704701898630026
test: 0.30240137248660537

epoch: 2263
train: 0.2817581304861095
validation: 0.27043523050409435
test: 0.3023591343323134

epoch: 2264
train: 0.28171568668428143
validation: 0.2704002985886929
test: 0.30231692965641893

epoch: 2265
train: 0.28167327591662233
validation: 0.2703653940899241
test: 0.30227475842648455

epoch: 2266
train: 0.2816308981515148
validation: 0.2703305169809405
test: 0.30223262061010503

epoch: 2267
train: 0.2815885533573714
validation: 0.2702956672349199
test: 0.302190516174906

epoch: 2268
train: 0.2815462415026365
validation: 0.27026084482506774
test: 0.30214844508854466

epoch: 2269
train: 0.2815039625557831
validation: 0.2702260497246145
test: 0.30210640731870975

epoch: 2270
train: 0.28146171648531565
validation: 0.27019128190681735
test: 0.3020644028331213

epoch: 2271
train: 0.28141950325976983
validation: 0.27015654134495937
test: 0.30202243159953096

epoch: 2272
train: 0.28137732284770967
validation: 0.27012182801235024
test: 0.3019804935857215

epoch: 2273
train: 0.2813351752177315
validation: 0.2700871418823249
test: 0.3019385887595067

epoch: 2274
train: 0.2812930603384611
validation: 0.270052482928245
test: 0.3018967170887323

epoch: 2275
train: 0.28125097817855477
validation: 0.27001785112349797
test: 0.3018548785412748

epoch: 2276
train: 0.2812089287066989
validation: 0.2699832464414974
test: 0.3018130730850418

epoch: 2277
train: 0.28116691189160925
validation: 0.2699486688556828
test: 0.3017713006879725

epoch: 2278
train: 0.28112492770203396
validation: 0.26991411833951934
test: 0.3017295613180374

epoch: 2279
train: 0.2810829761067499
validation: 0.2698795948664988
test: 0.3016878549432371

epoch: 2280
train: 0.2810410570745637
validation: 0.2698450984101383
test: 0.3016461815316045

epoch: 2281
train: 0.2809991705743136
validation: 0.269810628943981
test: 0.30160454105120266

epoch: 2282
train: 0.28095731657486583
validation: 0.26977618644159607
test: 0.30156293347012664

epoch: 2283
train: 0.28091549504511915
validation: 0.269741770876578
test: 0.3015213587565012

epoch: 2284
train: 0.28087370595399963
validation: 0.26970738222254764
test: 0.3014798168784833

epoch: 2285
train: 0.2808319492704665
validation: 0.2696730204531518
test: 0.30143830780426006

epoch: 2286
train: 0.2807902249635064
validation: 0.26963868554206244
test: 0.30139683150205004

epoch: 2287
train: 0.2807485330021364
validation: 0.2696043774629775
test: 0.30135538794010225

epoch: 2288
train: 0.2807068733554053
validation: 0.26957009618962063
test: 0.30131397708669666

epoch: 2289
train: 0.2806652459923892
validation: 0.2695358416957413
test: 0.30127259891014435

epoch: 2290
train: 0.2806236508821951
validation: 0.2695016139551147
test: 0.3012312533787869

epoch: 2291
train: 0.2805820879939607
validation: 0.26946741294154103
test: 0.3011899404609967

epoch: 2292
train: 0.28054055729685246
validation: 0.26943323862884666
test: 0.3011486601251769

epoch: 2293
train: 0.2804990587600672
validation: 0.26939909099088366
test: 0.3011074123397614

epoch: 2294
train: 0.2804575923528305
validation: 0.26936497000152937
test: 0.30106619707321464

epoch: 2295
train: 0.2804161580443989
validation: 0.2693308756346866
test: 0.30102501429403195

epoch: 2296
train: 0.2803747558040583
validation: 0.26929680786428384
test: 0.30098386397073906

epoch: 2297
train: 0.28033338560112375
validation: 0.2692627666642751
test: 0.3009427460718923

epoch: 2298
train: 0.2802920474049406
validation: 0.2692287520086397
test: 0.30090166056607875

epoch: 2299
train: 0.2802507411848827
validation: 0.2691947638713825
test: 0.3008606074219156

epoch: 2300
train: 0.28020946691035514
validation: 0.2691608022265339
test: 0.3008195866080513

epoch: 2301
train: 0.2801682245507911
validation: 0.2691268670481492
test: 0.30077859809316376

epoch: 2302
train: 0.2801270140756538
validation: 0.2690929583103098
test: 0.3007376418459621

epoch: 2303
train: 0.2800858354544361
validation: 0.2690590759871217
test: 0.30069671783518576

epoch: 2304
train: 0.28004468865666
validation: 0.2690252200527165
test: 0.300655826029604

epoch: 2305
train: 0.2800035736518774
validation: 0.2689913904812515
test: 0.30061496639801716

epoch: 2306
train: 0.27996249040966953
validation: 0.26895758724690844
test: 0.30057413890925533

epoch: 2307
train: 0.27992143889964616
validation: 0.26892381032389506
test: 0.3005333435321794

epoch: 2308
train: 0.2798804190914472
validation: 0.2688900596864439
test: 0.30049258023568

epoch: 2309
train: 0.2798394309547424
validation: 0.268856335308813
test: 0.3004518489886784

epoch: 2310
train: 0.2797984744592291
validation: 0.2688226371652849
test: 0.3004111497601259

epoch: 2311
train: 0.27975754957463556
validation: 0.26878896523016815
test: 0.3003704825190038

epoch: 2312
train: 0.27971665627071807
validation: 0.2687553194777958
test: 0.3003298472343242

epoch: 2313
train: 0.2796757945172634
validation: 0.2687216998825265
test: 0.3002892438751283

epoch: 2314
train: 0.27963496428408635
validation: 0.26868810641874324
test: 0.3002486724104883

epoch: 2315
train: 0.27959416554103145
validation: 0.2686545390608547
test: 0.30020813280950587

epoch: 2316
train: 0.2795533982579719
validation: 0.2686209977832944
test: 0.30016762504131334

epoch: 2317
train: 0.27951266240481015
validation: 0.2685874825605208
test: 0.30012714907507226

epoch: 2318
train: 0.27947195795147844
validation: 0.2685539933670173
test: 0.30008670487997463

epoch: 2319
train: 0.27943128486793717
validation: 0.2685205301772923
test: 0.3000462924252421

epoch: 2320
train: 0.2793906431241761
validation: 0.26848709296587925
test: 0.3000059116801269

epoch: 2321
train: 0.27935003269021413
validation: 0.26845368170733586
test: 0.2999655626139103

epoch: 2322
train: 0.2793094535360981
validation: 0.268420296376246
test: 0.29992524519590397

epoch: 2323
train: 0.2792689056319054
validation: 0.26838693694721694
test: 0.29988495939544896

epoch: 2324
train: 0.27922838894774094
validation: 0.2683536033948818
test: 0.29984470518191664

epoch: 2325
train: 0.27918790345373945
validation: 0.26832029569389804
test: 0.2998044825247079

epoch: 2326
train: 0.27914744912006345
validation: 0.268287013818948
test: 0.29976429139325317

epoch: 2327
train: 0.27910702591690584
validation: 0.2682537577447387
test: 0.29972413175701307

epoch: 2328
train: 0.27906663381448626
validation: 0.268220527446002
test: 0.29968400358547737

epoch: 2329
train: 0.2790262727830552
validation: 0.26818732289749464
test: 0.29964390684816566

epoch: 2330
train: 0.2789859427928907
validation: 0.26815414407399735
test: 0.29960384151462754

epoch: 2331
train: 0.27894564381429887
validation: 0.2681209909503164
test: 0.29956380755444184

epoch: 2332
train: 0.2789053758176163
validation: 0.26808786350128216
test: 0.2995238049372167

epoch: 2333
train: 0.27886513877320657
validation: 0.26805476170174963
test: 0.29948383363259046

epoch: 2334
train: 0.2788249326514631
validation: 0.2680216855265989
test: 0.2994438936102305

epoch: 2335
train: 0.27878475742280706
validation: 0.2679886349507337
test: 0.29940398483983394

epoch: 2336
train: 0.27874461305768894
validation: 0.26795560994908313
test: 0.29936410729112706

epoch: 2337
train: 0.27870449952658605
validation: 0.26792261049660016
test: 0.29932426093386555

epoch: 2338
train: 0.2786644168000066
validation: 0.26788963656826303
test: 0.29928444573783514

epoch: 2339
train: 0.27862436484848646
validation: 0.2678566881390737
test: 0.29924466167285024

epoch: 2340
train: 0.278584343642588
validation: 0.26782376518405904
test: 0.2992049087087547

epoch: 2341
train: 0.2785443531529053
validation: 0.2677908676782699
test: 0.2991651868154218

epoch: 2342
train: 0.27850439335005833
validation: 0.2677579955967821
test: 0.2991254959627544

epoch: 2343
train: 0.27846446420469645
validation: 0.26772514891469545
test: 0.2990858361206842

epoch: 2344
train: 0.2784245656874971
validation: 0.267692327607134
test: 0.29904620725917186

epoch: 2345
train: 0.27838469776916663
validation: 0.2676595316492464
test: 0.29900660934820805

epoch: 2346
train: 0.27834486042043866
validation: 0.2676267610162054
test: 0.2989670423578121

epoch: 2347
train: 0.2783050536120757
validation: 0.2675940156832084
test: 0.29892750625803244

epoch: 2348
train: 0.2782652773148686
validation: 0.2675612956254766
test: 0.29888800101894675

epoch: 2349
train: 0.2782255314996357
validation: 0.26752860081825564
test: 0.29884852661066197

epoch: 2350
train: 0.2781858161372244
validation: 0.26749593123681514
test: 0.29880908300331377

epoch: 2351
train: 0.2781461311985103
validation: 0.2674632868564495
test: 0.298769670167067

epoch: 2352
train: 0.27810647665439536
validation: 0.26743066765247653
test: 0.29873028807211555

epoch: 2353
train: 0.27806685247581236
validation: 0.26739807360023865
test: 0.2986909366886821

epoch: 2354
train: 0.2780272586337201
validation: 0.2673655046751024
test: 0.29865161598701834

epoch: 2355
train: 0.2779876950991062
validation: 0.26733296085245783
test: 0.2986123259374051

epoch: 2356
train: 0.2779481618429863
validation: 0.2673004421077201
test: 0.29857306651015203

epoch: 2357
train: 0.27790865883640353
validation: 0.2672679484163273
test: 0.2985338376755975

epoch: 2358
train: 0.27786918605042965
validation: 0.26723547975374223
test: 0.29849463940410836

epoch: 2359
train: 0.2778297434561643
validation: 0.2672030360954515
test: 0.2984554716660812

epoch: 2360
train: 0.27779033102473427
validation: 0.26717061741696546
test: 0.2984163344319406

epoch: 2361
train: 0.2777509487272953
validation: 0.26713822369381923
test: 0.29837722767214014

epoch: 2362
train: 0.27771159653502997
validation: 0.26710585490157057
test: 0.2983381513571622

epoch: 2363
train: 0.27767227441914927
validation: 0.26707351101580223
test: 0.29829910545751753

epoch: 2364
train: 0.2776329823508923
validation: 0.2670411920121203
test: 0.2982600899437461

epoch: 2365
train: 0.27759372030152485
validation: 0.2670088978661551
test: 0.29822110478641617

epoch: 2366
train: 0.27755448824234147
validation: 0.2669766285535603
test: 0.29818214995612446

epoch: 2367
train: 0.2775152861446641
validation: 0.26694438405001364
test: 0.2981432254234964

epoch: 2368
train: 0.27747611397984234
validation: 0.26691216433121673
test: 0.29810433115918655

epoch: 2369
train: 0.2774369717192533
validation: 0.2668799693728946
test: 0.2980654671338768

epoch: 2370
train: 0.2773978593343024
validation: 0.2668477991507967
test: 0.2980266333182788

epoch: 2371
train: 0.27735877679642107
validation: 0.26681565364069537
test: 0.2979878296831317

epoch: 2372
train: 0.27731972407707034
validation: 0.266783532818387
test: 0.29794905619920364

epoch: 2373
train: 0.2772807011477379
validation: 0.2667514366596921
test: 0.2979103128372911

epoch: 2374
train: 0.27724170797993886
validation: 0.2667193651404541
test: 0.2978715995682186

epoch: 2375
train: 0.2772027445452155
validation: 0.2666873182365404
test: 0.2978329163628396

epoch: 2376
train: 0.27716381081513836
validation: 0.26665529592384174
test: 0.29779426319203534

epoch: 2377
train: 0.27712490676130486
validation: 0.266623298178273
test: 0.29775564002671573

epoch: 2378
train: 0.2770860323553404
validation: 0.26659132497577237
test: 0.2977170468378189

epoch: 2379
train: 0.2770471875688975
validation: 0.2665593762923011
test: 0.2976784835963111

epoch: 2380
train: 0.2770083723736554
validation: 0.26652745210384465
test: 0.2976399502731869

epoch: 2381
train: 0.2769695867413219
validation: 0.2664955523864114
test: 0.29760144683946904

epoch: 2382
train: 0.27693083064363105
validation: 0.2664636771160333
test: 0.2975629732662083

epoch: 2383
train: 0.27689210405234504
validation: 0.2664318262687665
test: 0.29752452952448405

epoch: 2384
train: 0.27685340693925287
validation: 0.26639999982068924
test: 0.2974861155854031

epoch: 2385
train: 0.2768147392761706
validation: 0.2663681977479044
test: 0.2974477314201011

epoch: 2386
train: 0.2767761010349426
validation: 0.26633642002653724
test: 0.2974093769997411

epoch: 2387
train: 0.27673749218743793
validation: 0.2663046666327372
test: 0.29737105229551436

epoch: 2388
train: 0.27669891270555613
validation: 0.2662729375426765
test: 0.2973327572786407

epoch: 2389
train: 0.2766603625612216
validation: 0.2662412327325509
test: 0.297294491920367

epoch: 2390
train: 0.27662184172638643
validation: 0.2662095521785791
test: 0.29725625619196866

epoch: 2391
train: 0.2765833501730297
validation: 0.2661778958570038
test: 0.2972180500647493

epoch: 2392
train: 0.27654488787315784
validation: 0.26614626374409006
test: 0.2971798735100394

epoch: 2393
train: 0.2765064547988044
validation: 0.2661146558161271
test: 0.2971417264991985

epoch: 2394
train: 0.27646805092202903
validation: 0.266083072049426
test: 0.297103609003613

epoch: 2395
train: 0.2764296762149194
validation: 0.2660515124203226
test: 0.29706552099469785

epoch: 2396
train: 0.2763913306495902
validation: 0.2660199769051745
test: 0.2970274624438955

epoch: 2397
train: 0.27635301419818176
validation: 0.26598846548036353
test: 0.29698943332267613

epoch: 2398
train: 0.2763147268328628
validation: 0.2659569781222938
test: 0.2969514336025373

epoch: 2399
train: 0.27627646852582816
validation: 0.2659255148073927
test: 0.2969134632550052

epoch: 2400
train: 0.2762382392492986
validation: 0.26589407551211103
test: 0.296875522251633

epoch: 2401
train: 0.276200038975525
validation: 0.26586266021292226
test: 0.2968376105640017

epoch: 2402
train: 0.2761618676767806
validation: 0.26583126888632325
test: 0.29679972816371963

epoch: 2403
train: 0.2761237253253686
validation: 0.2657999015088329
test: 0.2967618750224233

epoch: 2404
train: 0.27608561189361785
validation: 0.2657685580569945
test: 0.2967240511117767

epoch: 2405
train: 0.2760475273538837
validation: 0.2657372385073733
test: 0.2966862564034707

epoch: 2406
train: 0.2760094716785486
validation: 0.26570594283655774
test: 0.29664849086922457

epoch: 2407
train: 0.27597144484002184
validation: 0.2656746710211588
test: 0.29661075448078444

epoch: 2408
train: 0.2759334468107393
validation: 0.26564342303781124
test: 0.2965730472099245

epoch: 2409
train: 0.2758954775631623
validation: 0.2656121988631719
test: 0.2965353690284455

epoch: 2410
train: 0.27585753706978083
validation: 0.26558099847392047
test: 0.2964977199081765

epoch: 2411
train: 0.2758196253031093
validation: 0.2655498218467598
test: 0.2964600998209735

epoch: 2412
train: 0.2757817422356903
validation: 0.2655186689584153
test: 0.29642250873872

epoch: 2413
train: 0.27574388784009246
validation: 0.2654875397856357
test: 0.2963849466333268

epoch: 2414
train: 0.27570606208890963
validation: 0.26545643430519145
test: 0.29634741347673177

epoch: 2415
train: 0.2756682649547651
validation: 0.2654253524938764
test: 0.29630990924090056

epoch: 2416
train: 0.2756304964103053
validation: 0.2653942943285071
test: 0.29627243389782587

epoch: 2417
train: 0.27559275642820485
validation: 0.26536325978592246
test: 0.2962349874195272

epoch: 2418
train: 0.2755550449811648
validation: 0.2653322488429844
test: 0.2961975697780519

epoch: 2419
train: 0.2755173620419119
validation: 0.26530126147657723
test: 0.2961601809454741

epoch: 2420
train: 0.2754797075831995
validation: 0.26527029766360805
test: 0.2961228208938953

epoch: 2421
train: 0.2754420815778073
validation: 0.2652393573810063
test: 0.29608548959544406

epoch: 2422
train: 0.2754044839985414
validation: 0.26520844060572435
test: 0.29604818702227587

epoch: 2423
train: 0.27536691481823367
validation: 0.2651775473147368
test: 0.29601091314657346

epoch: 2424
train: 0.2753293740097432
validation: 0.2651466774850407
test: 0.2959736679405465

epoch: 2425
train: 0.2752918615459542
validation: 0.2651158310936562
test: 0.2959364513764323

epoch: 2426
train: 0.2752543773997774
validation: 0.26508500811762536
test: 0.29589926342649386

epoch: 2427
train: 0.27521692154415023
validation: 0.2650542085340126
test: 0.2958621040630222

epoch: 2428
train: 0.27517949395203534
validation: 0.2650234323199054
test: 0.2958249732583353

epoch: 2429
train: 0.2751420945964225
validation: 0.2649926794524129
test: 0.29578787098477743

epoch: 2430
train: 0.27510472345032677
validation: 0.26496194990866734
test: 0.29575079721471986

epoch: 2431
train: 0.2750673804867897
validation: 0.2649312436658229
test: 0.2957137519205615

epoch: 2432
train: 0.2750300656788786
validation: 0.2649005607010564
test: 0.2956767350747271

epoch: 2433
train: 0.27499277899968694
validation: 0.2648699009915663
test: 0.2956397466496688

epoch: 2434
train: 0.274955520422334
validation: 0.26483926451457457
test: 0.2956027866178654

epoch: 2435
train: 0.27491828991996514
validation: 0.2648086512473244
test: 0.29556585495182236

epoch: 2436
train: 0.27488108746575174
validation: 0.26477806116708164
test: 0.2955289516240719

epoch: 2437
train: 0.27484391303289124
validation: 0.2647474942511342
test: 0.29549207660717325

epoch: 2438
train: 0.2748067665946062
validation: 0.2647169504767926
test: 0.29545522987371187

epoch: 2439
train: 0.2747696481241461
validation: 0.2646864298213896
test: 0.2954184113963001

epoch: 2440
train: 0.2747325575947855
validation: 0.2646559322622791
test: 0.29538162114757677

epoch: 2441
train: 0.2746954949798248
validation: 0.26462545777683844
test: 0.29534485910020786

epoch: 2442
train: 0.2746584602525907
validation: 0.2645950063424667
test: 0.29530812522688515

epoch: 2443
train: 0.27462145338643523
validation: 0.2645645779365846
test: 0.29527141950032737

epoch: 2444
train: 0.27458447435473576
validation: 0.2645341725366353
test: 0.2952347418932798

epoch: 2445
train: 0.27454752313089664
validation: 0.26450379012008424
test: 0.29519809237851397

epoch: 2446
train: 0.2745105996883467
validation: 0.2644734306644188
test: 0.2951614709288284

epoch: 2447
train: 0.2744737040005407
validation: 0.2644430941471478
test: 0.2951248775170474

epoch: 2448
train: 0.2744368360409589
validation: 0.2644127805458028
test: 0.2950883121160223

epoch: 2449
train: 0.27439999578310875
validation: 0.2643824898379371
test: 0.2950517746986303

epoch: 2450
train: 0.27436318320052017
validation: 0.264352222001126
test: 0.2950152652377755

epoch: 2451
train: 0.2743263982667518
validation: 0.2643219770129667
test: 0.2949787837063881

epoch: 2452
train: 0.27428964095538605
validation: 0.26429175485107825
test: 0.2949423300774244

epoch: 2453
train: 0.2742529112400309
validation: 0.26426155549310165
test: 0.2949059043238672

epoch: 2454
train: 0.2742162090943206
validation: 0.2642313789166995
test: 0.29486950641872584

epoch: 2455
train: 0.27417953449191407
validation: 0.264201225099557
test: 0.2948331363350354

epoch: 2456
train: 0.27414288740649656
validation: 0.26417109401938055
test: 0.29479679404585746

epoch: 2457
train: 0.2741062678117776
validation: 0.2641409856538987
test: 0.2947604795242799

epoch: 2458
train: 0.2740696756814927
validation: 0.2641108999808612
test: 0.2947241927434166

epoch: 2459
train: 0.27403311098940275
validation: 0.2640808369780402
test: 0.2946879336764074

epoch: 2460
train: 0.2739965737092946
validation: 0.2640507966232296
test: 0.2946517022964188

epoch: 2461
train: 0.2739600638149791
validation: 0.26402077889424463
test: 0.2946154985766429

epoch: 2462
train: 0.27392358128029315
validation: 0.2639907837689224
test: 0.2945793224902981

epoch: 2463
train: 0.2738871260790988
validation: 0.26396081122512177
test: 0.2945431740106287

epoch: 2464
train: 0.2738506981852835
validation: 0.26393086124072335
test: 0.2945070531109049

epoch: 2465
train: 0.27381429757275944
validation: 0.2639009337936287
test: 0.2944709597644235

epoch: 2466
train: 0.2737779242154648
validation: 0.2638710288617622
test: 0.2944348939445068

epoch: 2467
train: 0.27374157808736194
validation: 0.2638411464230691
test: 0.2943988556245028

epoch: 2468
train: 0.2737052591624395
validation: 0.2638112864555163
test: 0.29436284477778596

epoch: 2469
train: 0.27366896741470964
validation: 0.26378144893709227
test: 0.2943268613777565

epoch: 2470
train: 0.27363270281821156
validation: 0.2637516338458068
test: 0.2942909053978401

epoch: 2471
train: 0.27359646534700793
validation: 0.2637218411596917
test: 0.2942549768114887

epoch: 2472
train: 0.27356025497518754
validation: 0.26369207085679985
test: 0.29421907559218

epoch: 2473
train: 0.27352407167686354
validation: 0.26366232291520614
test: 0.29418320171341744

epoch: 2474
train: 0.27348791542617396
validation: 0.26363259731300603
test: 0.2941473551487302

epoch: 2475
train: 0.27345178619728233
validation: 0.26360289402831716
test: 0.29411153587167316

epoch: 2476
train: 0.2734156839643771
validation: 0.26357321303927833
test: 0.2940757438558271

epoch: 2477
train: 0.27337960870167166
validation: 0.26354355432404974
test: 0.2940399790747982

epoch: 2478
train: 0.27334356038340313
validation: 0.2635139178608133
test: 0.2940042415022187

epoch: 2479
train: 0.27330753898383553
validation: 0.2634843036277713
test: 0.29396853111174587

epoch: 2480
train: 0.27327154447725654
validation: 0.2634547116031484
test: 0.2939328478770635

epoch: 2481
train: 0.2732355768379784
validation: 0.2634251417651904
test: 0.29389719177188023

epoch: 2482
train: 0.2731996360403383
validation: 0.2633955940921636
test: 0.29386156276993014

epoch: 2483
train: 0.2731637220586994
validation: 0.26336606856235656
test: 0.2938259608449739

epoch: 2484
train: 0.273127834867448
validation: 0.26333656515407855
test: 0.29379038597079654

epoch: 2485
train: 0.27309197444099625
validation: 0.26330708384566015
test: 0.2937548381212092

epoch: 2486
train: 0.2730561407537804
validation: 0.26327762461545307
test: 0.29371931727004835

epoch: 2487
train: 0.27302033378026086
validation: 0.2632481874418307
test: 0.29368382339117577

epoch: 2488
train: 0.2729845534949245
validation: 0.2632187723031868
test: 0.29364835645847903

epoch: 2489
train: 0.2729487998722808
validation: 0.26318937917793683
test: 0.2936129164458707

epoch: 2490
train: 0.27291307288686595
validation: 0.2631600080445173
test: 0.29357750332728894

epoch: 2491
train: 0.2728773725132387
validation: 0.2631306588813854
test: 0.29354211707669725

epoch: 2492
train: 0.2728416987259832
validation: 0.26310133166702
test: 0.293506757668084

epoch: 2493
train: 0.27280605149970855
validation: 0.263072026379921
test: 0.2934714250754638

epoch: 2494
train: 0.2727704308090476
validation: 0.2630427429986086
test: 0.2934361192728756

epoch: 2495
train: 0.27273483662865833
validation: 0.2630134815016251
test: 0.2934008402343841

epoch: 2496
train: 0.27269926893322316
validation: 0.26298424186753283
test: 0.29336558793407913

epoch: 2497
train: 0.27266372769744796
validation: 0.2629550240749157
test: 0.29333036234607573

epoch: 2498
train: 0.2726282128960646
validation: 0.26292582810237813
test: 0.29329516344451395

epoch: 2499
train: 0.2725927245038282
validation: 0.26289665392854633
test: 0.2932599912035592

epoch: 2500
train: 0.272557262495519
validation: 0.2628675015320663
test: 0.29322484559740175

epoch: 2501
train: 0.27252182684594034
validation: 0.26283837089160556
test: 0.2931897266002576

epoch: 2502
train: 0.27248641752992125
validation: 0.26280926198585264
test: 0.293154634186367

epoch: 2503
train: 0.27245103452231506
validation: 0.26278017479351656
test: 0.2931195683299957

epoch: 2504
train: 0.2724156777979981
validation: 0.2627511092933274
test: 0.29308452900543447

epoch: 2505
train: 0.2723803473318723
validation: 0.2627220654640358
test: 0.29304951618699887

epoch: 2506
train: 0.2723450430988625
validation: 0.2626930432844137
test: 0.2930145298490298

epoch: 2507
train: 0.27230976507391946
validation: 0.26266404273325333
test: 0.2929795699658929

epoch: 2508
train: 0.2722745132320166
validation: 0.26263506378936796
test: 0.2929446365119788

epoch: 2509
train: 0.2722392875481523
validation: 0.2626061064315914
test: 0.29290972946170274

epoch: 2510
train: 0.27220408799734896
validation: 0.2625771706387783
test: 0.29287484878950515

epoch: 2511
train: 0.27216891455465286
validation: 0.26254825638980367
test: 0.2928399944698516

epoch: 2512
train: 0.27213376719513427
validation: 0.26251936366356393
test: 0.29280516647723176

epoch: 2513
train: 0.27209864589388844
validation: 0.26249049243897554
test: 0.29277036478616064

epoch: 2514
train: 0.27206355062603355
validation: 0.26246164269497596
test: 0.2927355893711779

epoch: 2515
train: 0.2720284813667124
validation: 0.2624328144105229
test: 0.29270084020684806

epoch: 2516
train: 0.27199343809109117
validation: 0.2624040075645949
test: 0.2926661172677601

epoch: 2517
train: 0.2719584207743617
validation: 0.2623752221361908
test: 0.2926314205285282

epoch: 2518
train: 0.27192342939173775
validation: 0.26234645810433077
test: 0.2925967499637907

epoch: 2519
train: 0.2718884639184575
validation: 0.2623177154480546
test: 0.29256210554821094

epoch: 2520
train: 0.27185352432978444
validation: 0.26228899414642287
test: 0.29252748725647665

epoch: 2521
train: 0.27181861060100415
validation: 0.262260294178517
test: 0.2924928950633007

epoch: 2522
train: 0.271783722707427
validation: 0.2622316155234385
test: 0.29245832894341983

epoch: 2523
train: 0.27174886062438725
validation: 0.26220295816030953
test: 0.2924237888715956

epoch: 2524
train: 0.2717140243272427
validation: 0.2621743220682725
test: 0.2923892748226147

epoch: 2525
train: 0.27167921379137483
validation: 0.2621457072264907
test: 0.2923547867712875

epoch: 2526
train: 0.271644428992189
validation: 0.2621171136141472
test: 0.29232032469244945

epoch: 2527
train: 0.2716096699051141
validation: 0.2620885412104458
test: 0.2922858885609602

epoch: 2528
train: 0.27157493650560416
validation: 0.2620599899946106
test: 0.29225147835170384

epoch: 2529
train: 0.27154022876913475
validation: 0.26203145994588606
test: 0.29221709403958906

epoch: 2530
train: 0.2715055466712064
validation: 0.2620029510435366
test: 0.2921827355995489

epoch: 2531
train: 0.27147089018734333
validation: 0.26197446326684787
test: 0.2921484030065406

epoch: 2532
train: 0.27143625929309284
validation: 0.2619459965951248
test: 0.29211409623554613

epoch: 2533
train: 0.27140165396402577
validation: 0.2619175510076929
test: 0.29207981526157134

epoch: 2534
train: 0.27136707417573797
validation: 0.2618891264838983
test: 0.29204556005964694

epoch: 2535
train: 0.2713325199038466
validation: 0.26186072300310664
test: 0.2920113306048271

epoch: 2536
train: 0.2712979911239942
validation: 0.26183234054470456
test: 0.2919771268721912

epoch: 2537
train: 0.2712634878118455
validation: 0.26180397908809805
test: 0.29194294883684213

epoch: 2538
train: 0.2712290099430905
validation: 0.261775638612714
test: 0.29190879647390766

epoch: 2539
train: 0.2711945574934407
validation: 0.261747319097999
test: 0.291874669758539

epoch: 2540
train: 0.2711601304386321
validation: 0.26171902052341967
test: 0.29184056866591207

epoch: 2541
train: 0.2711257287544243
validation: 0.2616907428684636
test: 0.29180649317122687

epoch: 2542
train: 0.2710913524165993
validation: 0.2616624861126369
test: 0.29177244324970725

epoch: 2543
train: 0.27105700140096367
validation: 0.2616342502354675
test: 0.2917384188766015

epoch: 2544
train: 0.2710226756833466
validation: 0.26160603521650194
test: 0.2917044200271817

epoch: 2545
train: 0.27098837523960084
validation: 0.2615778410353076
test: 0.2916704466767443

epoch: 2546
train: 0.2709541000456026
validation: 0.26154966767147175
test: 0.2916364988006094

epoch: 2547
train: 0.2709198500772506
validation: 0.2615215151046011
test: 0.29160257637412124

epoch: 2548
train: 0.27088562531046856
validation: 0.26149338331432304
test: 0.2915686793726483

epoch: 2549
train: 0.2708514257212017
validation: 0.2614652722802846
test: 0.2915348077715827

epoch: 2550
train: 0.270817251285419
validation: 0.2614371819821528
test: 0.2915009615463407

epoch: 2551
train: 0.27078310197911276
validation: 0.2614091123996142
test: 0.29146714067236235

epoch: 2552
train: 0.2707489777782985
validation: 0.26138106351237594
test: 0.2914333451251116

epoch: 2553
train: 0.2707148786590155
validation: 0.2613530353001644
test: 0.29139957488007623

epoch: 2554
train: 0.27068080459732463
validation: 0.26132502774272637
test: 0.2913658299127681

epoch: 2555
train: 0.2706467555693113
validation: 0.2612970408198274
test: 0.2913321101987227

epoch: 2556
train: 0.2706127315510832
validation: 0.26126907451125436
test: 0.29129841571349907

epoch: 2557
train: 0.2705787325187715
validation: 0.26124112879681305
test: 0.2912647464326806

epoch: 2558
train: 0.27054475844853026
validation: 0.26121320365632883
test: 0.2912311023318741

epoch: 2559
train: 0.27051080931653704
validation: 0.2611852990696472
test: 0.29119748338671003

epoch: 2560
train: 0.2704768850989914
validation: 0.2611574150166336
test: 0.2911638895728425

epoch: 2561
train: 0.27044298577211645
validation: 0.2611295514771726
test: 0.2911303208659499

epoch: 2562
train: 0.2704091113121586
validation: 0.26110170843116887
test: 0.29109677724173344

epoch: 2563
train: 0.2703752616953865
validation: 0.26107388585854674
test: 0.29106325867591837

epoch: 2564
train: 0.2703414368980923
validation: 0.26104608373924987
test: 0.29102976514425394

epoch: 2565
train: 0.270307636896591
validation: 0.261018302053242
test: 0.2909962966225122

epoch: 2566
train: 0.2702738616672195
validation: 0.26099054078050626
test: 0.2909628530864892

epoch: 2567
train: 0.27024011118633917
validation: 0.2609627999010452
test: 0.29092943451200476

epoch: 2568
train: 0.2702063854303328
validation: 0.2609350793948815
test: 0.29089604087490184

epoch: 2569
train: 0.27017268437560693
validation: 0.26090737924205676
test: 0.2908626721510469

epoch: 2570
train: 0.27013900799859053
validation: 0.26087969942263245
test: 0.29082932831633035

epoch: 2571
train: 0.2701053562757349
validation: 0.2608520399166897
test: 0.29079600934666533

epoch: 2572
train: 0.2700717291835145
validation: 0.2608244007043287
test: 0.29076271521798874

epoch: 2573
train: 0.2700381266984268
validation: 0.2607967817656698
test: 0.29072944590626143

epoch: 2574
train: 0.2700045487969914
validation: 0.26076918308085184
test: 0.29069620138746655

epoch: 2575
train: 0.2699709954557511
validation: 0.26074160463003415
test: 0.2906629816376115

epoch: 2576
train: 0.26993746665127033
validation: 0.26071404639339485
test: 0.2906297866327269

epoch: 2577
train: 0.2699039623601378
validation: 0.2606865083511315
test: 0.2905966163488662

epoch: 2578
train: 0.2698704825589635
validation: 0.26065899048346136
test: 0.29056347076210653

epoch: 2579
train: 0.26983702722438024
validation: 0.26063149277062075
test: 0.29053034984854836

epoch: 2580
train: 0.2698035963330439
validation: 0.26060401519286586
test: 0.29049725358431505

epoch: 2581
train: 0.2697701898616321
validation: 0.26057655773047117
test: 0.29046418194555373

epoch: 2582
train: 0.2697368077868461
validation: 0.2605491203637315
test: 0.2904311349084343

epoch: 2583
train: 0.26970345008540786
validation: 0.26052170307296074
test: 0.2903981124491496

epoch: 2584
train: 0.26967011673406416
validation: 0.26049430583849176
test: 0.2903651145439162

epoch: 2585
train: 0.2696368077095826
validation: 0.26046692864067655
test: 0.2903321411689739

epoch: 2586
train: 0.2696035229887537
validation: 0.26043957145988733
test: 0.2902991923005848

epoch: 2587
train: 0.2695702625483903
validation: 0.2604122342765143
test: 0.2902662679150351

epoch: 2588
train: 0.26953702636532717
validation: 0.26038491707096745
test: 0.2902333679886331

epoch: 2589
train: 0.26950381441642274
validation: 0.26035761982367606
test: 0.29020049249771107

epoch: 2590
train: 0.2694706266785563
validation: 0.26033034251508813
test: 0.2901676414186235

epoch: 2591
train: 0.2694374631286304
validation: 0.26030308512567163
test: 0.29013481472774844

epoch: 2592
train: 0.2694043237435697
validation: 0.2602758476359127
test: 0.29010201240148653

epoch: 2593
train: 0.26937120850032115
validation: 0.2602486300263173
test: 0.29006923441626176

epoch: 2594
train: 0.269338117375854
validation: 0.2602214322774098
test: 0.29003648074852073

epoch: 2595
train: 0.2693050503471592
validation: 0.2601942543697346
test: 0.2900037513747331

epoch: 2596
train: 0.2692720073912502
validation: 0.26016709628385415
test: 0.28997104627139136

epoch: 2597
train: 0.2692389884851635
validation: 0.26013995800035034
test: 0.28993836541501106

epoch: 2598
train: 0.2692059936059567
validation: 0.26011283949982433
test: 0.2899057087821302

epoch: 2599
train: 0.26917302273070975
validation: 0.26008574076289614
test: 0.28987307634931025

epoch: 2600
train: 0.26914007583652494
validation: 0.26005866177020454
test: 0.2898404680931346

epoch: 2601
train: 0.26910715290052656
validation: 0.2600316025024074
test: 0.2898078839902103

epoch: 2602
train: 0.26907425389986156
validation: 0.26000456294018154
test: 0.28977532401716644

epoch: 2603
train: 0.2690413788116973
validation: 0.2599775430642228
test: 0.28974278815065524

epoch: 2604
train: 0.2690085276132255
validation: 0.25995054285524577
test: 0.28971027636735197

epoch: 2605
train: 0.2689757002816589
validation: 0.259923562293984
test: 0.28967778864395355

epoch: 2606
train: 0.26894289679423095
validation: 0.25989660136119
test: 0.2896453249571808

epoch: 2607
train: 0.2689101171281988
validation: 0.25986966003763484
test: 0.2896128852837764

epoch: 2608
train: 0.26887736126084094
validation: 0.25984273830410853
test: 0.28958046960050554

epoch: 2609
train: 0.26884462916945745
validation: 0.25981583614142034
test: 0.28954807788415665

epoch: 2610
train: 0.26881192083137123
validation: 0.25978895353039777
test: 0.2895157101115404

epoch: 2611
train: 0.2687792362239264
validation: 0.2597620904518872
test: 0.28948336625949006

epoch: 2612
train: 0.26874657532448915
validation: 0.2597352468867541
test: 0.28945104630486124

epoch: 2613
train: 0.2687139381104469
validation: 0.25970842281588213
test: 0.28941875022453256

epoch: 2614
train: 0.26868132455921045
validation: 0.2596816182201744
test: 0.28938647799540457

epoch: 2615
train: 0.26864873464821076
validation: 0.2596548330805518
test: 0.2893542295944006

epoch: 2616
train: 0.2686161683549011
validation: 0.259628067377955
test: 0.28932200499846644

epoch: 2617
train: 0.2685836256567575
validation: 0.25960132109334216
test: 0.28928980418457023

epoch: 2618
train: 0.26855110653127623
validation: 0.2595745942076913
test: 0.2892576271297026

epoch: 2619
train: 0.2685186109559761
validation: 0.25954788670199797
test: 0.2892254738108765

epoch: 2620
train: 0.26848613890839734
validation: 0.259521198557277
test: 0.28919334420512705

epoch: 2621
train: 0.2684536903661025
validation: 0.2594945297545615
test: 0.2891612382895122

epoch: 2622
train: 0.2684212653066749
validation: 0.25946788027490364
test: 0.2891291560411118

epoch: 2623
train: 0.2683888637077203
validation: 0.2594412500993734
test: 0.28909709743702816

epoch: 2624
train: 0.2683564855468651
validation: 0.25941463920905994
test: 0.28906506245438585

epoch: 2625
train: 0.26832413080175854
validation: 0.2593880475850709
test: 0.2890330510703317

epoch: 2626
train: 0.2682917994500703
validation: 0.25936147520853176
test: 0.28900106326203473

epoch: 2627
train: 0.2682594914694924
validation: 0.25933492206058717
test: 0.2889690990066864

epoch: 2628
train: 0.2682272068377382
validation: 0.2593083881224001
test: 0.28893715828149985

epoch: 2629
train: 0.26819494553254236
validation: 0.25928187337515196
test: 0.288905241063711

epoch: 2630
train: 0.26816270753166116
validation: 0.2592553778000423
test: 0.2888733473305777

epoch: 2631
train: 0.2681304928128723
validation: 0.25922890137828947
test: 0.28884147705937946

epoch: 2632
train: 0.2680983013539752
validation: 0.2592024440911301
test: 0.2888096302274185

epoch: 2633
train: 0.26806613313279054
validation: 0.259176005919819
test: 0.2887778068120191

epoch: 2634
train: 0.26803398812716017
validation: 0.25914958684562994
test: 0.2887460067905272

epoch: 2635
train: 0.26800186631494777
validation: 0.25912318684985414
test: 0.28871423014031106

epoch: 2636
train: 0.2679697676740381
validation: 0.2590968059138017
test: 0.28868247683876097

epoch: 2637
train: 0.26793769218233743
validation: 0.25907044401880136
test: 0.2886507468632893

epoch: 2638
train: 0.2679056398177735
validation: 0.25904410114619913
test: 0.28861904019132995

epoch: 2639
train: 0.2678736105582949
validation: 0.2590177772773601
test: 0.28858735680033937

epoch: 2640
train: 0.26784160438187177
validation: 0.25899147239366743
test: 0.28855569666779535

epoch: 2641
train: 0.2678096212664954
validation: 0.25896518647652284
test: 0.28852405977119816

epoch: 2642
train: 0.26777766119017876
validation: 0.25893891950734543
test: 0.2884924460880695

epoch: 2643
train: 0.2677457241309554
validation: 0.2589126714675732
test: 0.28846085559595347

epoch: 2644
train: 0.2677138100668807
validation: 0.25888644233866204
test: 0.28842928827241543

epoch: 2645
train: 0.26768191897603094
validation: 0.25886023210208625
test: 0.2883977440950428

epoch: 2646
train: 0.2676500508365035
validation: 0.25883404073933786
test: 0.2883662230414451

epoch: 2647
train: 0.267618205626417
validation: 0.25880786823192775
test: 0.2883347250892532

epoch: 2648
train: 0.26758638332391105
validation: 0.258781714561384
test: 0.28830325021611986

epoch: 2649
train: 0.2675545839071468
validation: 0.2587555797092534
test: 0.28827179839971984

epoch: 2650
train: 0.2675228073543059
validation: 0.2587294636571006
test: 0.2882403696177494

epoch: 2651
train: 0.2674910536435914
validation: 0.25870336638650854
test: 0.2882089638479262

epoch: 2652
train: 0.26745932275322737
validation: 0.25867728787907796
test: 0.28817758106799035

epoch: 2653
train: 0.2674276146614589
validation: 0.25865122811642755
test: 0.288146221255703

epoch: 2654
train: 0.26739592934655204
validation: 0.2586251870801942
test: 0.28811488438884697

epoch: 2655
train: 0.26736426678679365
validation: 0.25859916475203293
test: 0.28808357044522703

epoch: 2656
train: 0.26733262696049215
validation: 0.2585731611136164
test: 0.2880522794026692

epoch: 2657
train: 0.2673010098459762
validation: 0.2585471761466352
test: 0.2880210112390216

epoch: 2658
train: 0.26726941542159566
validation: 0.2585212098327983
test: 0.28798976593215314

epoch: 2659
train: 0.2672378436657215
validation: 0.25849526215383223
test: 0.287958543459955

epoch: 2660
train: 0.2672062945567453
validation: 0.25846933309148146
test: 0.28792734380033913

epoch: 2661
train: 0.2671747680730796
validation: 0.2584434226275085
test: 0.28789616693123976

epoch: 2662
train: 0.26714326419315787
validation: 0.25841753074369345
test: 0.28786501283061205

epoch: 2663
train: 0.267111782895434
validation: 0.2583916574218344
test: 0.28783388147643285

epoch: 2664
train: 0.2670803241583833
validation: 0.25836580264374764
test: 0.2878027728467004

epoch: 2665
train: 0.26704888796050175
validation: 0.2583399663912668
test: 0.28777168691943433

epoch: 2666
train: 0.2670174742803054
validation: 0.2583141486462432
test: 0.2877406236726755

epoch: 2667
train: 0.26698608309633187
validation: 0.25828834939054623
test: 0.2877095830844864

epoch: 2668
train: 0.26695471438713925
validation: 0.2582625686060633
test: 0.2876785651329507

epoch: 2669
train: 0.2669233681313056
validation: 0.2582368062746991
test: 0.2876475697961735

epoch: 2670
train: 0.26689204430743135
validation: 0.25821106237837593
test: 0.28761659705228115

epoch: 2671
train: 0.26686074289413575
validation: 0.258185336899035
test: 0.2875856468794213

epoch: 2672
train: 0.2668294638700599
validation: 0.2581596298186333
test: 0.2875547192557627

epoch: 2673
train: 0.2667982072138649
validation: 0.2581339411191469
test: 0.28752381415949596

epoch: 2674
train: 0.26676697290423274
validation: 0.25810827078256904
test: 0.2874929315688317

epoch: 2675
train: 0.2667357609198666
validation: 0.25808261879091093
test: 0.2874620714620033

epoch: 2676
train: 0.26670457123948826
validation: 0.25805698512620057
test: 0.28743123381726404

epoch: 2677
train: 0.2666734038418424
validation: 0.25803136977048496
test: 0.287400418612889

epoch: 2678
train: 0.26664225870569247
validation: 0.25800577270582753
test: 0.2873696258271741

epoch: 2679
train: 0.2666111358098235
validation: 0.2579801939143096
test: 0.2873388554384367

epoch: 2680
train: 0.26658003513304107
validation: 0.2579546333780302
test: 0.2873081074250149

epoch: 2681
train: 0.26654895665416983
validation: 0.25792909107910544
test: 0.28727738176526824

epoch: 2682
train: 0.2665179003520565
validation: 0.25790356699967004
test: 0.2872466784375772

epoch: 2683
train: 0.26648686620556733
validation: 0.2578780611218747
test: 0.2872159974203429

epoch: 2684
train: 0.26645585419358925
validation: 0.25785257342788914
test: 0.28718533869198815

epoch: 2685
train: 0.2664248642950295
validation: 0.25782710389989927
test: 0.28715470223095624

epoch: 2686
train: 0.2663938964888152
validation: 0.2578016525201093
test: 0.28712408801571165

epoch: 2687
train: 0.2663629507538954
validation: 0.25777621927074035
test: 0.28709349602473994

epoch: 2688
train: 0.2663320270692375
validation: 0.2577508041340314
test: 0.2870629262365474

epoch: 2689
train: 0.2663011254138302
validation: 0.2577254070922387
test: 0.28703237862966124

epoch: 2690
train: 0.2662702457666827
validation: 0.25770002812763537
test: 0.28700185318262966

epoch: 2691
train: 0.2662393881068241
validation: 0.2576746672225129
test: 0.2869713498740216

epoch: 2692
train: 0.266208552413304
validation: 0.25764932435917937
test: 0.2869408686824271

epoch: 2693
train: 0.2661777386651911
validation: 0.2576239995199602
test: 0.2869104095864567

epoch: 2694
train: 0.2661469468415763
validation: 0.2575986926871985
test: 0.2868799725647422

epoch: 2695
train: 0.26611617692156936
validation: 0.25757340384325456
test: 0.28684955759593583

epoch: 2696
train: 0.2660854288842999
validation: 0.2575481329705056
test: 0.28681916465871066

epoch: 2697
train: 0.26605470270891934
validation: 0.25752288005134705
test: 0.2867887937317606

epoch: 2698
train: 0.26602399837459684
validation: 0.2574976450681905
test: 0.2867584447938003

epoch: 2699
train: 0.265993315860524
validation: 0.25747242800346526
test: 0.28672811782356494

epoch: 2700
train: 0.265962655145911
validation: 0.25744722883961785
test: 0.28669781279981066

epoch: 2701
train: 0.26593201620998896
validation: 0.2574220475591121
test: 0.28666752970131404

epoch: 2702
train: 0.2659013990320081
validation: 0.2573968841444288
test: 0.2866372685068726

epoch: 2703
train: 0.26587080359124005
validation: 0.2573717385780662
test: 0.28660702919530423

epoch: 2704
train: 0.2658402298669753
validation: 0.25734661084253924
test: 0.2865768117454474

epoch: 2705
train: 0.2658096778385245
validation: 0.2573215009203805
test: 0.2865466161361615

epoch: 2706
train: 0.26577914748521875
validation: 0.2572964087941393
test: 0.28651644234632623

epoch: 2707
train: 0.26574863878640836
validation: 0.257271334446382
test: 0.2864862903548419

epoch: 2708
train: 0.26571815172146446
validation: 0.25724627785969295
test: 0.28645616014062913

epoch: 2709
train: 0.265687686269778
validation: 0.2572212390166721
test: 0.2864260516826299

epoch: 2710
train: 0.26565724241075905
validation: 0.25719621789993763
test: 0.28639596495980546

epoch: 2711
train: 0.2656268201238376
validation: 0.2571712144921243
test: 0.28636589995113837

epoch: 2712
train: 0.265596419388465
validation: 0.257146228775884
test: 0.2863358566356312

epoch: 2713
train: 0.26556604018411023
validation: 0.25712126073388525
test: 0.2863058349923076

epoch: 2714
train: 0.265535682490264
validation: 0.25709631034881425
test: 0.28627583500021103

epoch: 2715
train: 0.26550534628643635
validation: 0.2570713776033735
test: 0.2862458566384055

epoch: 2716
train: 0.2654750315521556
validation: 0.2570464624802831
test: 0.28621589988597534

epoch: 2717
train: 0.26544473826697196
validation: 0.25702156496227907
test: 0.28618596472202545

epoch: 2718
train: 0.26541446641045446
validation: 0.25699668503211587
test: 0.28615605112568093

epoch: 2719
train: 0.2653842159621915
validation: 0.25697182267256324
test: 0.28612615907608707

epoch: 2720
train: 0.26535398690179113
validation: 0.2569469778664088
test: 0.2860962885524097

epoch: 2721
train: 0.26532377920888256
validation: 0.256922150596457
test: 0.2860664395338348

epoch: 2722
train: 0.26529359286311316
validation: 0.2568973408455288
test: 0.2860366119995686

epoch: 2723
train: 0.26526342784415
validation: 0.25687254859646225
test: 0.28600680592883754

epoch: 2724
train: 0.2652332841316804
validation: 0.25684777383211166
test: 0.2859770213008885

epoch: 2725
train: 0.26520316170541147
validation: 0.2568230165353492
test: 0.28594725809498817

epoch: 2726
train: 0.26517306054506873
validation: 0.25679827668906285
test: 0.28591751629042383

epoch: 2727
train: 0.26514298063039876
validation: 0.25677355427615783
test: 0.2858877958665026

epoch: 2728
train: 0.2651129219411667
validation: 0.2567488492795561
test: 0.2858580968025518

epoch: 2729
train: 0.26508288445715805
validation: 0.25672416168219614
test: 0.2858284190779193

epoch: 2730
train: 0.2650528681581766
validation: 0.25669949146703375
test: 0.2857987626719724

epoch: 2731
train: 0.26502287302404626
validation: 0.25667483861704027
test: 0.2857691275640986

epoch: 2732
train: 0.2649928990346111
validation: 0.2566502031152047
test: 0.2857395137337061

epoch: 2733
train: 0.2649629461697337
validation: 0.25662558494453275
test: 0.2857099211602225

epoch: 2734
train: 0.26493301440929645
validation: 0.25660098408804627
test: 0.2856803498230956

epoch: 2735
train: 0.2649031037332013
validation: 0.2565764005287837
test: 0.2856507997017931

epoch: 2736
train: 0.26487321412136944
validation: 0.25655183424980094
test: 0.2856212707758029

epoch: 2737
train: 0.26484334555374095
validation: 0.25652728523416973
test: 0.2855917630246329

epoch: 2738
train: 0.26481349801027676
validation: 0.2565027534649784
test: 0.28556227642781057

epoch: 2739
train: 0.26478367147095505
validation: 0.2564782389253322
test: 0.2855328109648838

epoch: 2740
train: 0.26475386591577527
validation: 0.2564537415983529
test: 0.28550336661542003

epoch: 2741
train: 0.264724081324755
validation: 0.2564292614671786
test: 0.2854739433590066

epoch: 2742
train: 0.26469431767793183
validation: 0.256404798514964
test: 0.2854445411752509

epoch: 2743
train: 0.26466457495536116
validation: 0.25638035272488086
test: 0.2854151600437802

epoch: 2744
train: 0.26463485313712043
validation: 0.25635592408011626
test: 0.28538579994424124

epoch: 2745
train: 0.2646051522033035
validation: 0.25633151256387465
test: 0.2853564608563009

epoch: 2746
train: 0.26457547213402455
validation: 0.25630711815937707
test: 0.28532714275964594

epoch: 2747
train: 0.26454581290941825
validation: 0.2562827408498603
test: 0.2852978456339823

epoch: 2748
train: 0.26451617450963527
validation: 0.25625838061857803
test: 0.28526856945903634

epoch: 2749
train: 0.2644865569148488
validation: 0.2562340374488002
test: 0.28523931421455406

epoch: 2750
train: 0.2644569601052495
validation: 0.25620971132381354
test: 0.28521007988030067

epoch: 2751
train: 0.2644273840610471
validation: 0.2561854022269203
test: 0.2851808664360617

epoch: 2752
train: 0.2643978287624707
validation: 0.2561611101414404
test: 0.28515167386164203

epoch: 2753
train: 0.2643682941897688
validation: 0.25613683505070856
test: 0.2851225021368661

epoch: 2754
train: 0.26433878032320846
validation: 0.2561125769380769
test: 0.28509335124157814

epoch: 2755
train: 0.26430928714307605
validation: 0.2560883357869136
test: 0.28506422115564206

epoch: 2756
train: 0.26427981462967737
validation: 0.25606411158060344
test: 0.28503511185894154

epoch: 2757
train: 0.264250362763336
validation: 0.2560399043025468
test: 0.28500602333137914

epoch: 2758
train: 0.26422093152439635
validation: 0.25601571393616085
test: 0.28497695555287766

epoch: 2759
train: 0.2641915208932197
validation: 0.2559915404648788
test: 0.2849479085033792

epoch: 2760
train: 0.26416213085018825
validation: 0.25596738387215023
test: 0.28491888216284544

epoch: 2761
train: 0.2641327613757022
validation: 0.255943244141441
test: 0.28488987651125763

epoch: 2762
train: 0.26410341245018
validation: 0.2559191212562329
test: 0.28486089152861616

epoch: 2763
train: 0.2640740840540604
validation: 0.25589501520002406
test: 0.28483192719494127

epoch: 2764
train: 0.2640447761678003
validation: 0.2558709259563289
test: 0.2848029834902726

epoch: 2765
train: 0.2640154887718753
validation: 0.25584685350867825
test: 0.28477406039466896

epoch: 2766
train: 0.2639862218467802
validation: 0.2558227978406181
test: 0.28474515788820887

epoch: 2767
train: 0.2639569753730291
validation: 0.2557987589357119
test: 0.2847162759509902

epoch: 2768
train: 0.26392774933115287
validation: 0.25577473677753815
test: 0.2846874145631299

epoch: 2769
train: 0.26389854370170446
validation: 0.25575073134969173
test: 0.2846585737047644

epoch: 2770
train: 0.2638693584652527
validation: 0.2557267426357842
test: 0.28462975335604984

epoch: 2771
train: 0.26384019360238664
validation: 0.2557027706194422
test: 0.2846009534971613

epoch: 2772
train: 0.2638110490937138
validation: 0.2556788152843091
test: 0.28457217410829316

epoch: 2773
train: 0.26378192491985974
validation: 0.2556548766140444
test: 0.2845434151696592

epoch: 2774
train: 0.2637528210614696
validation: 0.2556309545923229
test: 0.2845146766614924

epoch: 2775
train: 0.26372373749920736
validation: 0.25560704920283633
test: 0.28448595856404524

epoch: 2776
train: 0.2636946742137545
validation: 0.2555831604292916
test: 0.2844572608575887

epoch: 2777
train: 0.2636656311858125
validation: 0.25555928825541196
test: 0.28442858352241385

epoch: 2778
train: 0.2636366083961004
validation: 0.2555354326649367
test: 0.2843999265388305

epoch: 2779
train: 0.2636076058253566
validation: 0.25551159364162107
test: 0.28437128988716737

epoch: 2780
train: 0.26357862345433786
validation: 0.25548777116923593
test: 0.28434267354777304

epoch: 2781
train: 0.26354966126381874
validation: 0.2554639652315681
test: 0.2843140775010146

epoch: 2782
train: 0.26352071923459397
validation: 0.25544017581242096
test: 0.28428550172727857

epoch: 2783
train: 0.26349179734747613
validation: 0.25541640289561285
test: 0.28425694620697023

epoch: 2784
train: 0.26346289558329505
validation: 0.25539264646497856
test: 0.2842284109205145

epoch: 2785
train: 0.2634340139229001
validation: 0.25536890650436833
test: 0.28419989584835476

epoch: 2786
train: 0.2634051523471606
validation: 0.25534518299764875
test: 0.2841714009709537

epoch: 2787
train: 0.26337631083696167
validation: 0.25532147592870186
test: 0.2841429262687932

epoch: 2788
train: 0.2633474893732089
validation: 0.2552977852814254
test: 0.2841144717223736

epoch: 2789
train: 0.263318687936825
validation: 0.2552741110397333
test: 0.284086037312215

epoch: 2790
train: 0.263289906508752
validation: 0.255250453187555
test: 0.2840576230188558

epoch: 2791
train: 0.2632611450699496
validation: 0.2552268117088357
test: 0.2840292288228537

epoch: 2792
train: 0.26323240360139677
validation: 0.25520318658753627
test: 0.28400085470478503

epoch: 2793
train: 0.2632036820840897
validation: 0.25517957780763345
test: 0.2839725006452454

epoch: 2794
train: 0.2631749804990443
validation: 0.25515598535312006
test: 0.28394416662484906

epoch: 2795
train: 0.26314629882729323
validation: 0.25513240920800384
test: 0.28391585262422897

epoch: 2796
train: 0.2631176370498893
validation: 0.2551088493563088
test: 0.28388755862403764

epoch: 2797
train: 0.26308899514790174
validation: 0.2550853057820741
test: 0.2838592846049456

epoch: 2798
train: 0.26306037310241925
validation: 0.2550617784693551
test: 0.2838310305476423

epoch: 2799
train: 0.2630317708945491
validation: 0.25503826740222274
test: 0.28380279643283696

epoch: 2800
train: 0.26300318850541504
validation: 0.25501477256476307
test: 0.2837745822412562

epoch: 2801
train: 0.2629746259161608
validation: 0.2549912939410783
test: 0.28374638795364643

epoch: 2802
train: 0.2629460831079481
validation: 0.25496783151528596
test: 0.2837182135507722

epoch: 2803
train: 0.2629175600619558
validation: 0.25494438527151886
test: 0.2836900590134169

epoch: 2804
train: 0.2628890567593812
validation: 0.2549209551939262
test: 0.28366192432238313

epoch: 2805
train: 0.262860573181441
validation: 0.25489754126667197
test: 0.2836338094584914

epoch: 2806
train: 0.26283210930936896
validation: 0.2548741434739361
test: 0.2836057144025816

epoch: 2807
train: 0.26280366512441705
validation: 0.2548507617999139
test: 0.2835776391355116

epoch: 2808
train: 0.26277524060785523
validation: 0.2548273962288161
test: 0.28354958363815874

epoch: 2809
train: 0.26274683574097235
validation: 0.2548040467448689
test: 0.283521547891418

epoch: 2810
train: 0.2627184505050742
validation: 0.2547807133323141
test: 0.28349353187620374

epoch: 2811
train: 0.26269008488148504
validation: 0.254757395975409
test: 0.28346553557344845

epoch: 2812
train: 0.2626617388515474
validation: 0.25473409465842634
test: 0.2834375589641034

epoch: 2813
train: 0.26263341239662197
validation: 0.25471080936565377
test: 0.2834096020291384

epoch: 2814
train: 0.2626051054980872
validation: 0.2546875400813952
test: 0.2833816647495417

epoch: 2815
train: 0.2625768181373392
validation: 0.2546642867899693
test: 0.28335374710632016

epoch: 2816
train: 0.26254855029579227
validation: 0.2546410494757104
test: 0.283325849080499

epoch: 2817
train: 0.26252030195487897
validation: 0.254617828122968
test: 0.28329797065312196

epoch: 2818
train: 0.2624920730960492
validation: 0.25459462271610744
test: 0.2832701118052514

epoch: 2819
train: 0.2624638637007718
validation: 0.25457143323950865
test: 0.2832422725179677

epoch: 2820
train: 0.2624356737505322
validation: 0.254548259677567
test: 0.28321445277237006

epoch: 2821
train: 0.26240750322683387
validation: 0.254525102014694
test: 0.2831866525495761

epoch: 2822
train: 0.2623793521111995
validation: 0.25450196023531585
test: 0.2831588718307216

epoch: 2823
train: 0.26235122038516806
validation: 0.2544788343238736
test: 0.2831311105969607

epoch: 2824
train: 0.26232310803029746
validation: 0.2544557242648244
test: 0.28310336882946585

epoch: 2825
train: 0.26229501502816255
validation: 0.25443263004263994
test: 0.28307564650942835

epoch: 2826
train: 0.2622669413603561
validation: 0.25440955164180756
test: 0.2830479436180571

epoch: 2827
train: 0.2622388870084893
validation: 0.25438648904682976
test: 0.28302026013657977

epoch: 2828
train: 0.2622108519541905
validation: 0.25436344224222407
test: 0.282992596046242

epoch: 2829
train: 0.2621828361791067
validation: 0.25434041121252327
test: 0.28296495132830785

epoch: 2830
train: 0.26215483966490055
validation: 0.25431739594227576
test: 0.2829373259640596

epoch: 2831
train: 0.262126862393255
validation: 0.2542943964160442
test: 0.2829097199347979

epoch: 2832
train: 0.26209890434586847
validation: 0.2542714126184072
test: 0.2828821332218413

epoch: 2833
train: 0.26207096550445846
validation: 0.25424844453395795
test: 0.2828545658065268

epoch: 2834
train: 0.26204304585075955
validation: 0.2542254921473052
test: 0.28282701767020957

epoch: 2835
train: 0.26201514536652404
validation: 0.2542025554430724
test: 0.2827994887942626

epoch: 2836
train: 0.2619872640335222
validation: 0.2541796344058983
test: 0.2827719791600774

epoch: 2837
train: 0.2619594018335412
validation: 0.25415672902043684
test: 0.2827444887490634

epoch: 2838
train: 0.2619315587483863
validation: 0.25413383927135674
test: 0.28271701754264816

epoch: 2839
train: 0.2619037347598802
validation: 0.2541109651433418
test: 0.2826895655222775

epoch: 2840
train: 0.26187592984986324
validation: 0.254088106621091
test: 0.2826621326694148

epoch: 2841
train: 0.26184814400019296
validation: 0.25406526368931825
test: 0.28263471896554226

epoch: 2842
train: 0.261820377192745
validation: 0.2540424363327523
test: 0.28260732439215946

epoch: 2843
train: 0.2617926294094119
validation: 0.2540196245361372
test: 0.28257994893078414

epoch: 2844
train: 0.2617649006321039
validation: 0.25399682828423187
test: 0.2825525925629523

epoch: 2845
train: 0.26173719084274916
validation: 0.25397404756180986
test: 0.2825252552702177

epoch: 2846
train: 0.2617095000232923
validation: 0.25395128235365994
test: 0.28249793703415205

epoch: 2847
train: 0.261681828155696
validation: 0.2539285326445859
test: 0.28247063783634485

epoch: 2848
train: 0.2616541752219407
validation: 0.2539057984194064
test: 0.282443357658404

epoch: 2849
train: 0.2616265412040231
validation: 0.2538830796629546
test: 0.28241609648195487

epoch: 2850
train: 0.26159892608395896
validation: 0.2538603763600791
test: 0.28238885428864113

epoch: 2851
train: 0.2615713298437799
validation: 0.253837688495643
test: 0.28236163106012374

epoch: 2852
train: 0.26154375246553585
validation: 0.253815016054524
test: 0.28233442677808207

epoch: 2853
train: 0.2615161939312928
validation: 0.2537923590216153
test: 0.28230724142421304

epoch: 2854
train: 0.26148865422313483
validation: 0.25376971738182486
test: 0.28228007498023133

epoch: 2855
train: 0.2614611333231652
validation: 0.2537470911200748
test: 0.2822529274278697

epoch: 2856
train: 0.2614336312135006
validation: 0.2537244802213024
test: 0.28222579874887854

epoch: 2857
train: 0.26140614787627825
validation: 0.25370188467045995
test: 0.28219868892502603

epoch: 2858
train: 0.2613786832936509
validation: 0.2536793044525141
test: 0.28217159793809793

epoch: 2859
train: 0.2613512374477894
validation: 0.25365673955244666
test: 0.28214452576989807

epoch: 2860
train: 0.26132381032088065
validation: 0.2536341899552537
test: 0.28211747240224755

epoch: 2861
train: 0.26129640189513026
validation: 0.2536116556459463
test: 0.28209043781698595

epoch: 2862
train: 0.26126901215276005
validation: 0.2535891366095504
test: 0.2820634219959695

epoch: 2863
train: 0.2612416410760094
validation: 0.25356663283110625
test: 0.28203642492107306

epoch: 2864
train: 0.2612142886471348
validation: 0.2535441442956689
test: 0.28200944657418836

epoch: 2865
train: 0.2611869548484092
validation: 0.25352167098830825
test: 0.2819824869372253

epoch: 2866
train: 0.26115963966212347
validation: 0.25349921289410887
test: 0.2819555459921111

epoch: 2867
train: 0.2611323430705854
validation: 0.2534767699981693
test: 0.28192862372079064

epoch: 2868
train: 0.2611050650561197
validation: 0.2534543422856039
test: 0.2819017201052265

epoch: 2869
train: 0.2610778056010685
validation: 0.25343192974154033
test: 0.2818748351273988

epoch: 2870
train: 0.2610505646877906
validation: 0.2534095323511219
test: 0.28184796876930507

epoch: 2871
train: 0.2610233422986618
validation: 0.2533871500995058
test: 0.28182112101296036

epoch: 2872
train: 0.260996138416075
validation: 0.25336478297186404
test: 0.28179429184039745

epoch: 2873
train: 0.2609689530224404
validation: 0.25334243095338344
test: 0.2817674812336666

epoch: 2874
train: 0.26094178610018426
validation: 0.25332009402926475
test: 0.2817406891748349

epoch: 2875
train: 0.2609146376317516
validation: 0.25329777218472355
test: 0.2817139156459881

epoch: 2876
train: 0.2608875075996024
validation: 0.2532754654049904
test: 0.28168716062922833

epoch: 2877
train: 0.26086039598621485
validation: 0.2532531736753096
test: 0.2816604241066757

epoch: 2878
train: 0.26083330277408345
validation: 0.25323089698094015
test: 0.28163370606046745

epoch: 2879
train: 0.2608062279457199
validation: 0.2532086353071557
test: 0.2816070064727584

epoch: 2880
train: 0.2607791714836523
validation: 0.2531863886392443
test: 0.28158032532572086

epoch: 2881
train: 0.2607521333704266
validation: 0.25316415696250855
test: 0.28155366260154396

epoch: 2882
train: 0.26072511358860473
validation: 0.25314194026226505
test: 0.2815270182824349

epoch: 2883
train: 0.2606981121207656
validation: 0.25311973852384495
test: 0.28150039235061763

epoch: 2884
train: 0.26067112894950506
validation: 0.253097551732594
test: 0.2814737847883336

epoch: 2885
train: 0.2606441640574362
validation: 0.2530753798738727
test: 0.28144719557784204

epoch: 2886
train: 0.2606172174271877
validation: 0.25305322293305477
test: 0.2814206247014183

epoch: 2887
train: 0.2605902890414061
validation: 0.2530310808955294
test: 0.28139407214135626

epoch: 2888
train: 0.2605633788827552
validation: 0.2530089537466995
test: 0.28136753787996605

epoch: 2889
train: 0.26053648693391335
validation: 0.2529868414719824
test: 0.2813410218995757

epoch: 2890
train: 0.2605096131775779
validation: 0.2529647440568102
test: 0.2813145241825301

epoch: 2891
train: 0.26048275759646133
validation: 0.25294266148662825
test: 0.2812880447111915

epoch: 2892
train: 0.260455920173294
validation: 0.25292059374689746
test: 0.2812615834679393

epoch: 2893
train: 0.260429100890822
validation: 0.2528985408230923
test: 0.28123514043516973

epoch: 2894
train: 0.26040229973180884
validation: 0.25287650270070144
test: 0.28120871559529664

epoch: 2895
train: 0.26037551667903375
validation: 0.2528544793652277
test: 0.28118230893075086

epoch: 2896
train: 0.26034875171529387
validation: 0.252832470802189
test: 0.2811559204239801

epoch: 2897
train: 0.2603220048234016
validation: 0.25281047699711634
test: 0.28112955005744955

epoch: 2898
train: 0.26029527598618707
validation: 0.2527884979355554
test: 0.28110319781364124

epoch: 2899
train: 0.2602685651864959
validation: 0.2527665336030665
test: 0.2810768636750539

epoch: 2900
train: 0.26024187240719115
validation: 0.2527445839852232
test: 0.2810505476242043

epoch: 2901
train: 0.2602151976311521
validation: 0.2527226490676141
test: 0.2810242496436254

epoch: 2902
train: 0.2601885408412745
validation: 0.2527007288358412
test: 0.2809979697158672

epoch: 2903
train: 0.26016190202047096
validation: 0.2526788232755211
test: 0.2809717078234969

epoch: 2904
train: 0.2601352811516699
validation: 0.25265693237228465
test: 0.2809454639490989

epoch: 2905
train: 0.2601086782178167
validation: 0.25263505611177633
test: 0.2809192380752744

epoch: 2906
train: 0.2600820932018737
validation: 0.25261319447965475
test: 0.28089303018464096

epoch: 2907
train: 0.2600555260868181
validation: 0.25259134746159295
test: 0.28086684025983405

epoch: 2908
train: 0.26002897685564513
validation: 0.252569515043278
test: 0.2808406682835053

epoch: 2909
train: 0.260002445491366
validation: 0.25254769721041065
test: 0.2808145142383238

epoch: 2910
train: 0.25997593197700786
validation: 0.252525893948706
test: 0.2807883781069748

epoch: 2911
train: 0.2599494362956148
validation: 0.2525041052438929
test: 0.2807622598721614

epoch: 2912
train: 0.2599229584302472
validation: 0.25248233108171475
test: 0.28073615951660263

epoch: 2913
train: 0.2598964983639811
validation: 0.2524605714479281
test: 0.2807100770230345

epoch: 2914
train: 0.25987005607991004
validation: 0.2524388263283043
test: 0.2806840123742107

epoch: 2915
train: 0.2598436315611425
validation: 0.2524170957086281
test: 0.2806579655529005

epoch: 2916
train: 0.2598172247908048
validation: 0.25239537957469876
test: 0.28063193654189067

epoch: 2917
train: 0.2597908357520383
validation: 0.2523736779123287
test: 0.2806059253239844

epoch: 2918
train: 0.2597644644280015
validation: 0.2523519907073448
test: 0.2805799318820022

epoch: 2919
train: 0.25973811080186837
validation: 0.2523303179455878
test: 0.28055395619878076

epoch: 2920
train: 0.2597117748568296
validation: 0.2523086596129124
test: 0.2805279982571735

epoch: 2921
train: 0.2596854565760919
validation: 0.2522870156951869
test: 0.28050205804005074

epoch: 2922
train: 0.25965915594287886
validation: 0.2522653861782937
test: 0.2804761355302995

epoch: 2923
train: 0.2596328729404297
validation: 0.252243771048129
test: 0.28045023071082337

epoch: 2924
train: 0.2596066075519989
validation: 0.2522221702906029
test: 0.28042434356454254

epoch: 2925
train: 0.2595803597608592
validation: 0.25220058389163913
test: 0.280398474074394

epoch: 2926
train: 0.25955412955029744
validation: 0.2521790118371753
test: 0.28037262222333126

epoch: 2927
train: 0.259527916903618
validation: 0.2521574541131633
test: 0.2803467879943242

epoch: 2928
train: 0.259501721804141
validation: 0.2521359107055678
test: 0.28032097137035994

epoch: 2929
train: 0.2594755442352021
validation: 0.2521143816003686
test: 0.28029517233444157

epoch: 2930
train: 0.2594493841801535
validation: 0.2520928667835578
test: 0.28026939086958874

epoch: 2931
train: 0.25942324162236413
validation: 0.2520713662411422
test: 0.280243626958838

epoch: 2932
train: 0.25939711654521763
validation: 0.2520498799591422
test: 0.28021788058524216

epoch: 2933
train: 0.2593710089321147
validation: 0.25202840792359177
test: 0.2801921517318706

epoch: 2934
train: 0.25934491876647164
validation: 0.25200695012053853
test: 0.2801664403818094

epoch: 2935
train: 0.2593188460317202
validation: 0.25198550653604423
test: 0.2801407465181607

epoch: 2936
train: 0.25929279071131
validation: 0.2519640771561838
test: 0.2801150701240433

epoch: 2937
train: 0.2592667527887043
validation: 0.25194266196704573
test: 0.2800894111825925

epoch: 2938
train: 0.2592407322473844
validation: 0.2519212609547327
test: 0.28006376967696

epoch: 2939
train: 0.25921472907084575
validation: 0.2518998741053609
test: 0.2800381455903139

epoch: 2940
train: 0.2591887432426005
validation: 0.2518785014050596
test: 0.28001253890583855

epoch: 2941
train: 0.2591627747461774
validation: 0.2518571428399726
test: 0.279986949606735

epoch: 2942
train: 0.25913682356512047
validation: 0.2518357983962565
test: 0.2799613776762204

epoch: 2943
train: 0.25911088968298884
validation: 0.25181446806008206
test: 0.2799358230975282

epoch: 2944
train: 0.2590849730833588
validation: 0.2517931518176331
test: 0.2799102858539084

epoch: 2945
train: 0.2590590737498223
validation: 0.25177184965510746
test: 0.27988476592862743

epoch: 2946
train: 0.25903319166598615
validation: 0.2517505615587163
test: 0.27985926330496735

epoch: 2947
train: 0.25900732681547406
validation: 0.2517292875146842
test: 0.2798337779662271

epoch: 2948
train: 0.2589814791819254
validation: 0.2517080275092496
test: 0.27980830989572186

epoch: 2949
train: 0.2589556487489943
validation: 0.2516867815286642
test: 0.27978285907678296

epoch: 2950
train: 0.25892983550035226
validation: 0.2516655495591933
test: 0.2797574254927578

epoch: 2951
train: 0.25890403941968504
validation: 0.2516443315871153
test: 0.27973200912701013

epoch: 2952
train: 0.2588782604906957
validation: 0.251623127598723
test: 0.2797066099629201

epoch: 2953
train: 0.258852498697101
validation: 0.25160193758032157
test: 0.27968122798388384

epoch: 2954
train: 0.25882675402263516
validation: 0.25158076151823044
test: 0.2796558631733134

epoch: 2955
train: 0.25880102645104786
validation: 0.25155959939878214
test: 0.27963051551463763

epoch: 2956
train: 0.25877531596610365
validation: 0.2515384512083224
test: 0.2796051849913008

epoch: 2957
train: 0.2587496225515836
validation: 0.2515173169332108
test: 0.279579871586764

epoch: 2958
train: 0.2587239461912841
validation: 0.25149619655981986
test: 0.2795545752845038

epoch: 2959
train: 0.25869828686901664
validation: 0.2514750900745361
test: 0.2795292960680133

epoch: 2960
train: 0.25867264456860967
validation: 0.2514539974637585
test: 0.2795040339208016

epoch: 2961
train: 0.25864701927390565
validation: 0.2514329187139006
test: 0.27947878882639354

epoch: 2962
train: 0.2586214109687636
validation: 0.2514118538113879
test: 0.2794535607683306

epoch: 2963
train: 0.25859581963705824
validation: 0.25139080274266046
test: 0.2794283497301695

epoch: 2964
train: 0.2585702452626796
validation: 0.25136976549417106
test: 0.27940315569548413

epoch: 2965
train: 0.25854468782953277
validation: 0.25134874205238533
test: 0.2793779786478629

epoch: 2966
train: 0.2585191473215395
validation: 0.2513277324037831
test: 0.27935281857091154

epoch: 2967
train: 0.25849362372263585
validation: 0.2513067365348572
test: 0.2793276754482509

epoch: 2968
train: 0.2584681170167737
validation: 0.2512857544321132
test: 0.27930254926351805

epoch: 2969
train: 0.25844262718792166
validation: 0.25126478608207065
test: 0.27927744000036614

epoch: 2970
train: 0.2584171542200618
validation: 0.25124383147126167
test: 0.2792523476424643

epoch: 2971
train: 0.25839169809719337
validation: 0.2512228905862325
test: 0.2792272721734972

epoch: 2972
train: 0.2583662588033302
validation: 0.25120196341354145
test: 0.27920221357716546

epoch: 2973
train: 0.258340836322501
validation: 0.25118104993976076
test: 0.27917717183718593

epoch: 2974
train: 0.25831543063875184
validation: 0.25116015015147597
test: 0.2791521469372912

epoch: 2975
train: 0.25829004173614195
validation: 0.251139264035285
test: 0.27912713886122914

epoch: 2976
train: 0.25826466959874733
validation: 0.25111839157779986
test: 0.27910214759276447

epoch: 2977
train: 0.25823931421065927
validation: 0.25109753276564534
test: 0.279077173115677

epoch: 2978
train: 0.25821397555598413
validation: 0.25107668758545876
test: 0.27905221541376224

epoch: 2979
train: 0.2581886536188428
validation: 0.25105585602389174
test: 0.2790272744708321

epoch: 2980
train: 0.2581633483833729
validation: 0.25103503806760813
test: 0.27900235027071385

epoch: 2981
train: 0.25813805983372684
validation: 0.251014233703285
test: 0.2789774427972503

epoch: 2982
train: 0.25811278795407233
validation: 0.2509934429176127
test: 0.2789525520343009

epoch: 2983
train: 0.25808753272859186
validation: 0.2509726656972948
test: 0.27892767796573936

epoch: 2984
train: 0.2580622941414845
validation: 0.2509519020290476
test: 0.27890282057545673

epoch: 2985
train: 0.2580370721769624
validation: 0.25093115189960036
test: 0.2788779798473585

epoch: 2986
train: 0.25801186681925536
validation: 0.25091041529569574
test: 0.2788531557653664

epoch: 2987
train: 0.25798667805260694
validation: 0.25088969220408913
test: 0.2788283483134179

epoch: 2988
train: 0.2579615058612758
validation: 0.25086898261154916
test: 0.27880355747546576

epoch: 2989
train: 0.25793635022953726
validation: 0.25084828650485724
test: 0.27877878323547856

epoch: 2990
train: 0.25791121114168014
validation: 0.2508276038708078
test: 0.27875402557744056

epoch: 2991
train: 0.25788608858200895
validation: 0.2508069346962086
test: 0.2787292844853514

epoch: 2992
train: 0.25786098253484413
validation: 0.25078627896787953
test: 0.27870455994322657

epoch: 2993
train: 0.2578358929845202
validation: 0.25076563667265417
test: 0.27867985193509714

epoch: 2994
train: 0.25781081991538723
validation: 0.2507450077973789
test: 0.2786551604450095

epoch: 2995
train: 0.2577857633118107
validation: 0.25072439232891297
test: 0.2786304854570257

epoch: 2996
train: 0.2577607231581706
validation: 0.2507037902541282
test: 0.2786058269552233

epoch: 2997
train: 0.2577356994388624
validation: 0.2506832015599098
test: 0.2785811849236953

epoch: 2998
train: 0.25771069213829667
validation: 0.2506626262331556
test: 0.2785565593465504

epoch: 2999
train: 0.2576857012408987
validation: 0.25064206426077623
test: 0.2785319502079125

